stm32f1xx_it.c:72:6:NMI_Handler	4	static
stm32f1xx_it.c:85:6:HardFault_Handler	4	static
stm32f1xx_it.c:98:6:MemManage_Handler	4	static
stm32f1xx_it.c:111:6:BusFault_Handler	4	static
stm32f1xx_it.c:124:6:UsageFault_Handler	4	static
stm32f1xx_it.c:137:6:SVC_Handler	4	static
stm32f1xx_it.c:149:6:DebugMon_Handler	4	static
stm32f1xx_it.c:161:6:PendSV_Handler	4	static
stm32f1xx_it.c:173:6:SysTick_Handler	8	static
stm32f1xx_it.c:193:6:ADC1_2_IRQHandler	8	static
stm32f1xx_it.c:206:6:TIM3_IRQHandler	8	static
stm32f1xx_it.c:217:6:HAL_TIM_PeriodElapsedCallback	72	static
stm32f1xx_it.c:234:6:HAL_ADC_LevelOutOfWindowCallback	24	static
