stm32f1xx_it.c:87:6:NMI_Handler	4	static
stm32f1xx_it.c:99:6:HardFault_Handler	4	static
stm32f1xx_it.c:112:6:MemManage_Handler	4	static
stm32f1xx_it.c:125:6:BusFault_Handler	4	static
stm32f1xx_it.c:138:6:UsageFault_Handler	4	static
stm32f1xx_it.c:151:6:SVC_Handler	4	static
stm32f1xx_it.c:163:6:DebugMon_Handler	4	static
stm32f1xx_it.c:175:6:PendSV_Handler	4	static
stm32f1xx_it.c:187:6:SysTick_Handler	8	static
stm32f1xx_it.c:207:6:DMA1_Channel5_IRQHandler	8	static
stm32f1xx_it.c:220:6:DMA1_Channel6_IRQHandler	8	static
stm32f1xx_it.c:233:6:EXTI9_5_IRQHandler	8	static
stm32f1xx_it.c:246:6:TIM3_IRQHandler	8	static
stm32f1xx_it.c:259:6:USART1_IRQHandler	8	static
stm32f1xx_it.c:273:6:USART2_IRQHandler	8	static
stm32f1xx_it.c:287:6:EXTI15_10_IRQHandler	8	static
stm32f1xx_it.c:298:6:HAL_GPIO_EXTI_Callback	16	static
stm32f1xx_it.c:361:6:HAL_TIM_PeriodElapsedCallback	16	static
stm32f1xx_it.c:398:6:HAL_UART_RxCpltCallback	40	static
stm32f1xx_it.c:557:6:send_cmd	16	static
stm32f1xx_it.c:562:6:send_message	128	static
stm32f1xx_it.c:572:6:send_msg_uart1	16	static
stm32f1xx_it.c:577:6:init_var	8	static
stm32f1xx_it.c:588:6:connect_to_wifi	8	static
stm32f1xx_it.c:599:6:init_server	8	static
