Archive member included to satisfy reference by file (symbol)

d:/programs/st/stm32cubeide_1.7.0/stm32cubeide/plugins/com.st.stm32cube.ide.mcu.externaltools.gnu-tools-for-stm32.9-2020-q2-update.win32_2.0.0.202105311346/tools/bin/../lib/gcc/arm-none-eabi/9.3.1/../../../../arm-none-eabi/lib/thumb/v7-m/nofp\libc_nano.a(lib_a-errno.o)
                              ./Core/Src/syscalls.o (__errno)
d:/programs/st/stm32cubeide_1.7.0/stm32cubeide/plugins/com.st.stm32cube.ide.mcu.externaltools.gnu-tools-for-stm32.9-2020-q2-update.win32_2.0.0.202105311346/tools/bin/../lib/gcc/arm-none-eabi/9.3.1/../../../../arm-none-eabi/lib/thumb/v7-m/nofp\libc_nano.a(lib_a-exit.o)
                              d:/programs/st/stm32cubeide_1.7.0/stm32cubeide/plugins/com.st.stm32cube.ide.mcu.externaltools.gnu-tools-for-stm32.9-2020-q2-update.win32_2.0.0.202105311346/tools/bin/../lib/gcc/arm-none-eabi/9.3.1/../../../../arm-none-eabi/lib/thumb/v7-m/nofp/crt0.o (exit)
d:/programs/st/stm32cubeide_1.7.0/stm32cubeide/plugins/com.st.stm32cube.ide.mcu.externaltools.gnu-tools-for-stm32.9-2020-q2-update.win32_2.0.0.202105311346/tools/bin/../lib/gcc/arm-none-eabi/9.3.1/../../../../arm-none-eabi/lib/thumb/v7-m/nofp\libc_nano.a(lib_a-impure.o)
                              d:/programs/st/stm32cubeide_1.7.0/stm32cubeide/plugins/com.st.stm32cube.ide.mcu.externaltools.gnu-tools-for-stm32.9-2020-q2-update.win32_2.0.0.202105311346/tools/bin/../lib/gcc/arm-none-eabi/9.3.1/../../../../arm-none-eabi/lib/thumb/v7-m/nofp\libc_nano.a(lib_a-exit.o) (_global_impure_ptr)
d:/programs/st/stm32cubeide_1.7.0/stm32cubeide/plugins/com.st.stm32cube.ide.mcu.externaltools.gnu-tools-for-stm32.9-2020-q2-update.win32_2.0.0.202105311346/tools/bin/../lib/gcc/arm-none-eabi/9.3.1/../../../../arm-none-eabi/lib/thumb/v7-m/nofp\libc_nano.a(lib_a-init.o)
                              d:/programs/st/stm32cubeide_1.7.0/stm32cubeide/plugins/com.st.stm32cube.ide.mcu.externaltools.gnu-tools-for-stm32.9-2020-q2-update.win32_2.0.0.202105311346/tools/bin/../lib/gcc/arm-none-eabi/9.3.1/../../../../arm-none-eabi/lib/thumb/v7-m/nofp/crt0.o (__libc_init_array)
d:/programs/st/stm32cubeide_1.7.0/stm32cubeide/plugins/com.st.stm32cube.ide.mcu.externaltools.gnu-tools-for-stm32.9-2020-q2-update.win32_2.0.0.202105311346/tools/bin/../lib/gcc/arm-none-eabi/9.3.1/../../../../arm-none-eabi/lib/thumb/v7-m/nofp\libc_nano.a(lib_a-memset.o)
                              d:/programs/st/stm32cubeide_1.7.0/stm32cubeide/plugins/com.st.stm32cube.ide.mcu.externaltools.gnu-tools-for-stm32.9-2020-q2-update.win32_2.0.0.202105311346/tools/bin/../lib/gcc/arm-none-eabi/9.3.1/../../../../arm-none-eabi/lib/thumb/v7-m/nofp/crt0.o (memset)

Allocating common symbols
Common symbol       size              file

uwTick              0x4               ./Drivers/STM32F1xx_HAL_Driver/Src/stm32f1xx_hal.o
pFlash              0x20              ./Drivers/STM32F1xx_HAL_Driver/Src/stm32f1xx_hal_flash.o

Discarded input sections

 .text          0x0000000000000000        0x0 d:/programs/st/stm32cubeide_1.7.0/stm32cubeide/plugins/com.st.stm32cube.ide.mcu.externaltools.gnu-tools-for-stm32.9-2020-q2-update.win32_2.0.0.202105311346/tools/bin/../lib/gcc/arm-none-eabi/9.3.1/thumb/v7-m/nofp/crti.o
 .data          0x0000000000000000        0x0 d:/programs/st/stm32cubeide_1.7.0/stm32cubeide/plugins/com.st.stm32cube.ide.mcu.externaltools.gnu-tools-for-stm32.9-2020-q2-update.win32_2.0.0.202105311346/tools/bin/../lib/gcc/arm-none-eabi/9.3.1/thumb/v7-m/nofp/crti.o
 .bss           0x0000000000000000        0x0 d:/programs/st/stm32cubeide_1.7.0/stm32cubeide/plugins/com.st.stm32cube.ide.mcu.externaltools.gnu-tools-for-stm32.9-2020-q2-update.win32_2.0.0.202105311346/tools/bin/../lib/gcc/arm-none-eabi/9.3.1/thumb/v7-m/nofp/crti.o
 .data          0x0000000000000000        0x4 d:/programs/st/stm32cubeide_1.7.0/stm32cubeide/plugins/com.st.stm32cube.ide.mcu.externaltools.gnu-tools-for-stm32.9-2020-q2-update.win32_2.0.0.202105311346/tools/bin/../lib/gcc/arm-none-eabi/9.3.1/thumb/v7-m/nofp/crtbegin.o
 .text          0x0000000000000000       0x7c d:/programs/st/stm32cubeide_1.7.0/stm32cubeide/plugins/com.st.stm32cube.ide.mcu.externaltools.gnu-tools-for-stm32.9-2020-q2-update.win32_2.0.0.202105311346/tools/bin/../lib/gcc/arm-none-eabi/9.3.1/../../../../arm-none-eabi/lib/thumb/v7-m/nofp/crt0.o
 .data          0x0000000000000000        0x0 d:/programs/st/stm32cubeide_1.7.0/stm32cubeide/plugins/com.st.stm32cube.ide.mcu.externaltools.gnu-tools-for-stm32.9-2020-q2-update.win32_2.0.0.202105311346/tools/bin/../lib/gcc/arm-none-eabi/9.3.1/../../../../arm-none-eabi/lib/thumb/v7-m/nofp/crt0.o
 .bss           0x0000000000000000        0x0 d:/programs/st/stm32cubeide_1.7.0/stm32cubeide/plugins/com.st.stm32cube.ide.mcu.externaltools.gnu-tools-for-stm32.9-2020-q2-update.win32_2.0.0.202105311346/tools/bin/../lib/gcc/arm-none-eabi/9.3.1/../../../../arm-none-eabi/lib/thumb/v7-m/nofp/crt0.o
[...]
Memory Configuration

Name             Origin             Length             Attributes
RAM              0x0000000020000000 0x000000000000c000 xrw
FLASH            0x0000000008000000 0x0000000000040000 xr
*default*        0x0000000000000000 0xffffffffffffffff

Linker script and memory map

LOAD d:/programs/st/stm32cubeide_1.7.0/stm32cubeide/plugins/com.st.stm32cube.ide.mcu.externaltools.gnu-tools-for-stm32.9-2020-q2-update.win32_2.0.0.202105311346/tools/bin/../lib/gcc/arm-none-eabi/9.3.1/thumb/v7-m/nofp/crti.o
LOAD d:/programs/st/stm32cubeide_1.7.0/stm32cubeide/plugins/com.st.stm32cube.ide.mcu.externaltools.gnu-tools-for-stm32.9-2020-q2-update.win32_2.0.0.202105311346/tools/bin/../lib/gcc/arm-none-eabi/9.3.1/thumb/v7-m/nofp/crtbegin.o
LOAD d:/programs/st/stm32cubeide_1.7.0/stm32cubeide/plugins/com.st.stm32cube.ide.mcu.externaltools.gnu-tools-for-stm32.9-2020-q2-update.win32_2.0.0.202105311346/tools/bin/../lib/gcc/arm-none-eabi/9.3.1/../../../../arm-none-eabi/lib/thumb/v7-m/nofp/crt0.o
LOAD ./Core/Src/main.o
LOAD ./Core/Src/stm32f1xx_hal_msp.o
LOAD ./Core/Src/stm32f1xx_it.o
LOAD ./Core/Src/syscalls.o
LOAD ./Core/Src/sysmem.o
LOAD ./Core/Src/system_stm32f1xx.o
LOAD ./Core/Startup/startup_stm32f103rctx.o
LOAD ./Drivers/STM32F1xx_HAL_Driver/Src/stm32f1xx_hal.o
LOAD ./Drivers/STM32F1xx_HAL_Driver/Src/stm32f1xx_hal_cortex.o
LOAD ./Drivers/STM32F1xx_HAL_Driver/Src/stm32f1xx_hal_dma.o
LOAD ./Drivers/STM32F1xx_HAL_Driver/Src/stm32f1xx_hal_exti.o
LOAD ./Drivers/STM32F1xx_HAL_Driver/Src/stm32f1xx_hal_flash.o
LOAD ./Drivers/STM32F1xx_HAL_Driver/Src/stm32f1xx_hal_flash_ex.o
LOAD ./Drivers/STM32F1xx_HAL_Driver/Src/stm32f1xx_hal_gpio.o
LOAD ./Drivers/STM32F1xx_HAL_Driver/Src/stm32f1xx_hal_gpio_ex.o
LOAD ./Drivers/STM32F1xx_HAL_Driver/Src/stm32f1xx_hal_pwr.o
LOAD ./Drivers/STM32F1xx_HAL_Driver/Src/stm32f1xx_hal_rcc.o
LOAD ./Drivers/STM32F1xx_HAL_Driver/Src/stm32f1xx_hal_rcc_ex.o
LOAD ./Drivers/STM32F1xx_HAL_Driver/Src/stm32f1xx_hal_tim.o
LOAD ./Drivers/STM32F1xx_HAL_Driver/Src/stm32f1xx_hal_tim_ex.o
START GROUP
LOAD d:/programs/st/stm32cubeide_1.7.0/stm32cubeide/plugins/com.st.stm32cube.ide.mcu.externaltools.gnu-tools-for-stm32.9-2020-q2-update.win32_2.0.0.202105311346/tools/bin/../lib/gcc/arm-none-eabi/9.3.1/../../../../arm-none-eabi/lib/thumb/v7-m/nofp\libc_nano.a
LOAD d:/programs/st/stm32cubeide_1.7.0/stm32cubeide/plugins/com.st.stm32cube.ide.mcu.externaltools.gnu-tools-for-stm32.9-2020-q2-update.win32_2.0.0.202105311346/tools/bin/../lib/gcc/arm-none-eabi/9.3.1/../../../../arm-none-eabi/lib/thumb/v7-m/nofp\libm.a
END GROUP
START GROUP
LOAD d:/programs/st/stm32cubeide_1.7.0/stm32cubeide/plugins/com.st.stm32cube.ide.mcu.externaltools.gnu-tools-for-stm32.9-2020-q2-update.win32_2.0.0.202105311346/tools/bin/../lib/gcc/arm-none-eabi/9.3.1/thumb/v7-m/nofp\libgcc.a
LOAD d:/programs/st/stm32cubeide_1.7.0/stm32cubeide/plugins/com.st.stm32cube.ide.mcu.externaltools.gnu-tools-for-stm32.9-2020-q2-update.win32_2.0.0.202105311346/tools/bin/../lib/gcc/arm-none-eabi/9.3.1/../../../../arm-none-eabi/lib/thumb/v7-m/nofp\libc_nano.a
END GROUP
START GROUP
LOAD d:/programs/st/stm32cubeide_1.7.0/stm32cubeide/plugins/com.st.stm32cube.ide.mcu.externaltools.gnu-tools-for-stm32.9-2020-q2-update.win32_2.0.0.202105311346/tools/bin/../lib/gcc/arm-none-eabi/9.3.1/thumb/v7-m/nofp\libgcc.a
LOAD d:/programs/st/stm32cubeide_1.7.0/stm32cubeide/plugins/com.st.stm32cube.ide.mcu.externaltools.gnu-tools-for-stm32.9-2020-q2-update.win32_2.0.0.202105311346/tools/bin/../lib/gcc/arm-none-eabi/9.3.1/../../../../arm-none-eabi/lib/thumb/v7-m/nofp\libc_nano.a
LOAD d:/programs/st/stm32cubeide_1.7.0/stm32cubeide/plugins/com.st.stm32cube.ide.mcu.externaltools.gnu-tools-for-stm32.9-2020-q2-update.win32_2.0.0.202105311346/tools/bin/../lib/gcc/arm-none-eabi/9.3.1/../../../../arm-none-eabi/lib/thumb/v7-m/nofp\libnosys.a
END GROUP
START GROUP
LOAD d:/programs/st/stm32cubeide_1.7.0/stm32cubeide/plugins/com.st.stm32cube.ide.mcu.externaltools.gnu-tools-for-stm32.9-2020-q2-update.win32_2.0.0.202105311346/tools/bin/../lib/gcc/arm-none-eabi/9.3.1/thumb/v7-m/nofp\libgcc.a
LOAD d:/programs/st/stm32cubeide_1.7.0/stm32cubeide/plugins/com.st.stm32cube.ide.mcu.externaltools.gnu-tools-for-stm32.9-2020-q2-update.win32_2.0.0.202105311346/tools/bin/../lib/gcc/arm-none-eabi/9.3.1/../../../../arm-none-eabi/lib/thumb/v7-m/nofp\libc_nano.a
LOAD d:/programs/st/stm32cubeide_1.7.0/stm32cubeide/plugins/com.st.stm32cube.ide.mcu.externaltools.gnu-tools-for-stm32.9-2020-q2-update.win32_2.0.0.202105311346/tools/bin/../lib/gcc/arm-none-eabi/9.3.1/../../../../arm-none-eabi/lib/thumb/v7-m/nofp\libnosys.a
END GROUP
LOAD d:/programs/st/stm32cubeide_1.7.0/stm32cubeide/plugins/com.st.stm32cube.ide.mcu.externaltools.gnu-tools-for-stm32.9-2020-q2-update.win32_2.0.0.202105311346/tools/bin/../lib/gcc/arm-none-eabi/9.3.1/thumb/v7-m/nofp/crtend.o
LOAD d:/programs/st/stm32cubeide_1.7.0/stm32cubeide/plugins/com.st.stm32cube.ide.mcu.externaltools.gnu-tools-for-stm32.9-2020-q2-update.win32_2.0.0.202105311346/tools/bin/../lib/gcc/arm-none-eabi/9.3.1/thumb/v7-m/nofp/crtn.o
                0x000000002000c000                _estack = (ORIGIN (RAM) + LENGTH (RAM))
                0x0000000000000200                _Min_Heap_Size = 0x200
                0x0000000000000400                _Min_Stack_Size = 0x400

.isr_vector     0x0000000008000000      0x1e4
                0x0000000008000000                . = ALIGN (0x4)
 *(.isr_vector)
 .isr_vector    0x0000000008000000      0x1e4 ./Core/Startup/startup_stm32f103rctx.o
                0x0000000008000000                g_pfnVectors
                0x00000000080001e4                . = ALIGN (0x4)

.text           0x00000000080001e4     0x1434
                0x00000000080001e4                . = ALIGN (0x4)
 *(.text)
 .text          0x00000000080001e4       0x40 d:/programs/st/stm32cubeide_1.7.0/stm32cubeide/plugins/com.st.stm32cube.ide.mcu.externaltools.gnu-tools-for-stm32.9-2020-q2-update.win32_2.0.0.202105311346/tools/bin/../lib/gcc/arm-none-eabi/9.3.1/thumb/v7-m/nofp/crtbegin.o
 *(.text*)
 .text.main     0x0000000008000224       0x12 ./Core/Src/main.o
                0x0000000008000224                main
 .text.SystemClock_Config
                0x0000000008000236       0x8a ./Core/Src/main.o
                0x0000000008000236                SystemClock_Config
 .text.MX_GPIO_Init
                0x00000000080002c0      0x144 ./Core/Src/main.o
 .text.Error_Handler
                0x0000000008000404        0xa ./Core/Src/main.o
                0x0000000008000404                Error_Handler
 *fill*         0x000000000800040e        0x2 
 .text.HAL_MspInit
                0x0000000008000410       0x68 ./Core/Src/stm32f1xx_hal_msp.o
                0x0000000008000410                HAL_MspInit
 .text.NMI_Handler
                0x0000000008000478        0x6 ./Core/Src/stm32f1xx_it.o
                0x0000000008000478                NMI_Handler
 .text.HardFault_Handler
                0x000000000800047e        0x6 ./Core/Src/stm32f1xx_it.o
                0x000000000800047e                HardFault_Handler
 .text.MemManage_Handler
                0x0000000008000484        0x6 ./Core/Src/stm32f1xx_it.o
                0x0000000008000484                MemManage_Handler
 .text.BusFault_Handler
                0x000000000800048a        0x6 ./Core/Src/stm32f1xx_it.o
                0x000000000800048a                BusFault_Handler
 .text.UsageFault_Handler
                0x0000000008000490        0x6 ./Core/Src/stm32f1xx_it.o
                0x0000000008000490                UsageFault_Handler
 .text.SVC_Handler
                0x0000000008000496        0xc ./Core/Src/stm32f1xx_it.o
                0x0000000008000496                SVC_Handler
 .text.DebugMon_Handler
                0x00000000080004a2        0xc ./Core/Src/stm32f1xx_it.o
                0x00000000080004a2                DebugMon_Handler
 .text.PendSV_Handler
                0x00000000080004ae        0xc ./Core/Src/stm32f1xx_it.o
                0x00000000080004ae                PendSV_Handler
 .text.SysTick_Handler
                0x00000000080004ba        0xc ./Core/Src/stm32f1xx_it.o
                0x00000000080004ba                SysTick_Handler
 .text.EXTI0_IRQHandler
                0x00000000080004c6        0xe ./Core/Src/stm32f1xx_it.o
                0x00000000080004c6                EXTI0_IRQHandler
 .text.EXTI9_5_IRQHandler
                0x00000000080004d4        0xe ./Core/Src/stm32f1xx_it.o
                0x00000000080004d4                EXTI9_5_IRQHandler
 .text.EXTI15_10_IRQHandler
                0x00000000080004e2       0x10 ./Core/Src/stm32f1xx_it.o
                0x00000000080004e2                EXTI15_10_IRQHandler
 *fill*         0x00000000080004f2        0x2 
 .text.HAL_GPIO_EXTI_Callback
                0x00000000080004f4      0x17c ./Core/Src/stm32f1xx_it.o
                0x00000000080004f4                HAL_GPIO_EXTI_Callback
 .text.SystemInit
                0x0000000008000670        0xc ./Core/Src/system_stm32f1xx.o
                0x0000000008000670                SystemInit
 .text.Reset_Handler
                0x000000000800067c       0x48 ./Core/Startup/startup_stm32f103rctx.o
                0x000000000800067c                Reset_Handler
 .text.Default_Handler
                0x00000000080006c4        0x2 ./Core/Startup/startup_stm32f103rctx.o
                0x00000000080006c4                RTC_Alarm_IRQHandler
                0x00000000080006c4                EXTI2_IRQHandler
                0x00000000080006c4                TIM8_TRG_COM_IRQHandler
                0x00000000080006c4                TIM8_CC_IRQHandler
                0x00000000080006c4                TIM1_CC_IRQHandler
                0x00000000080006c4                TIM6_IRQHandler
                0x00000000080006c4                PVD_IRQHandler
                0x00000000080006c4                SDIO_IRQHandler
                0x00000000080006c4                EXTI3_IRQHandler
                0x00000000080006c4                I2C2_EV_IRQHandler
                0x00000000080006c4                ADC1_2_IRQHandler
                0x00000000080006c4                SPI1_IRQHandler
                0x00000000080006c4                TAMPER_IRQHandler
                0x00000000080006c4                TIM8_UP_IRQHandler
                0x00000000080006c4                DMA2_Channel2_IRQHandler
                0x00000000080006c4                DMA1_Channel4_IRQHandler
                0x00000000080006c4                USART3_IRQHandler
                0x00000000080006c4                RTC_IRQHandler
                0x00000000080006c4                DMA1_Channel7_IRQHandler
                0x00000000080006c4                CAN1_RX1_IRQHandler
                0x00000000080006c4                UART5_IRQHandler
                0x00000000080006c4                ADC3_IRQHandler
                0x00000000080006c4                TIM4_IRQHandler
                0x00000000080006c4                DMA2_Channel1_IRQHandler
                0x00000000080006c4                I2C1_EV_IRQHandler
                0x00000000080006c4                DMA1_Channel6_IRQHandler
                0x00000000080006c4                UART4_IRQHandler
                0x00000000080006c4                TIM3_IRQHandler
                0x00000000080006c4                RCC_IRQHandler
                0x00000000080006c4                TIM1_TRG_COM_IRQHandler
                0x00000000080006c4                DMA1_Channel1_IRQHandler
                0x00000000080006c4                Default_Handler
                0x00000000080006c4                TIM7_IRQHandler
                0x00000000080006c4                TIM5_IRQHandler
                0x00000000080006c4                SPI2_IRQHandler
                0x00000000080006c4                DMA1_Channel5_IRQHandler
                0x00000000080006c4                EXTI4_IRQHandler
                0x00000000080006c4                USB_LP_CAN1_RX0_IRQHandler
                0x00000000080006c4                USB_HP_CAN1_TX_IRQHandler
                0x00000000080006c4                DMA1_Channel3_IRQHandler
                0x00000000080006c4                FSMC_IRQHandler
                0x00000000080006c4                TIM1_UP_IRQHandler
                0x00000000080006c4                WWDG_IRQHandler
                0x00000000080006c4                TIM2_IRQHandler
                0x00000000080006c4                TIM1_BRK_IRQHandler
                0x00000000080006c4                EXTI1_IRQHandler
                0x00000000080006c4                DMA2_Channel4_5_IRQHandler
                0x00000000080006c4                USART2_IRQHandler
                0x00000000080006c4                I2C2_ER_IRQHandler
                0x00000000080006c4                DMA1_Channel2_IRQHandler
                0x00000000080006c4                TIM8_BRK_IRQHandler
                0x00000000080006c4                CAN1_SCE_IRQHandler
                0x00000000080006c4                FLASH_IRQHandler
                0x00000000080006c4                USART1_IRQHandler
                0x00000000080006c4                SPI3_IRQHandler
                0x00000000080006c4                I2C1_ER_IRQHandler
                0x00000000080006c4                USBWakeUp_IRQHandler
                0x00000000080006c4                DMA2_Channel3_IRQHandler
 *fill*         0x00000000080006c6        0x2 
 .text.HAL_Init
                0x00000000080006c8       0x2c ./Drivers/STM32F1xx_HAL_Driver/Src/stm32f1xx_hal.o
                0x00000000080006c8                HAL_Init
 .text.HAL_InitTick
                0x00000000080006f4       0x60 ./Drivers/STM32F1xx_HAL_Driver/Src/stm32f1xx_hal.o
                0x00000000080006f4                HAL_InitTick
 .text.HAL_IncTick
                0x0000000008000754       0x24 ./Drivers/STM32F1xx_HAL_Driver/Src/stm32f1xx_hal.o
                0x0000000008000754                HAL_IncTick
 .text.HAL_GetTick
                0x0000000008000778       0x14 ./Drivers/STM32F1xx_HAL_Driver/Src/stm32f1xx_hal.o
                0x0000000008000778                HAL_GetTick
 .text.HAL_Delay
                0x000000000800078c       0x48 ./Drivers/STM32F1xx_HAL_Driver/Src/stm32f1xx_hal.o
                0x000000000800078c                HAL_Delay
 .text.__NVIC_SetPriorityGrouping
                0x00000000080007d4       0x48 ./Drivers/STM32F1xx_HAL_Driver/Src/stm32f1xx_hal_cortex.o
 .text.__NVIC_GetPriorityGrouping
                0x000000000800081c       0x1c ./Drivers/STM32F1xx_HAL_Driver/Src/stm32f1xx_hal_cortex.o
 .text.__NVIC_EnableIRQ
                0x0000000008000838       0x38 ./Drivers/STM32F1xx_HAL_Driver/Src/stm32f1xx_hal_cortex.o
 .text.__NVIC_SetPriority
                0x0000000008000870       0x54 ./Drivers/STM32F1xx_HAL_Driver/Src/stm32f1xx_hal_cortex.o
 .text.NVIC_EncodePriority
                0x00000000080008c4       0x64 ./Drivers/STM32F1xx_HAL_Driver/Src/stm32f1xx_hal_cortex.o
 .text.SysTick_Config
                0x0000000008000928       0x44 ./Drivers/STM32F1xx_HAL_Driver/Src/stm32f1xx_hal_cortex.o
 .text.HAL_NVIC_SetPriorityGrouping
                0x000000000800096c       0x16 ./Drivers/STM32F1xx_HAL_Driver/Src/stm32f1xx_hal_cortex.o
                0x000000000800096c                HAL_NVIC_SetPriorityGrouping
 .text.HAL_NVIC_SetPriority
                0x0000000008000982       0x38 ./Drivers/STM32F1xx_HAL_Driver/Src/stm32f1xx_hal_cortex.o
                0x0000000008000982                HAL_NVIC_SetPriority
 .text.HAL_NVIC_EnableIRQ
                0x00000000080009ba       0x1c ./Drivers/STM32F1xx_HAL_Driver/Src/stm32f1xx_hal_cortex.o
                0x00000000080009ba                HAL_NVIC_EnableIRQ
 .text.HAL_SYSTICK_Config
                0x00000000080009d6       0x18 ./Drivers/STM32F1xx_HAL_Driver/Src/stm32f1xx_hal_cortex.o
                0x00000000080009d6                HAL_SYSTICK_Config
 *fill*         0x00000000080009ee        0x2 
 .text.HAL_GPIO_Init
                0x00000000080009f0      0x328 ./Drivers/STM32F1xx_HAL_Driver/Src/stm32f1xx_hal_gpio.o
                0x00000000080009f0                HAL_GPIO_Init
 .text.HAL_GPIO_ReadPin
                0x0000000008000d18       0x2e ./Drivers/STM32F1xx_HAL_Driver/Src/stm32f1xx_hal_gpio.o
                0x0000000008000d18                HAL_GPIO_ReadPin
 .text.HAL_GPIO_WritePin
                0x0000000008000d46       0x30 ./Drivers/STM32F1xx_HAL_Driver/Src/stm32f1xx_hal_gpio.o
                0x0000000008000d46                HAL_GPIO_WritePin
 .text.HAL_GPIO_TogglePin
                0x0000000008000d76       0x32 ./Drivers/STM32F1xx_HAL_Driver/Src/stm32f1xx_hal_gpio.o
                0x0000000008000d76                HAL_GPIO_TogglePin
 .text.HAL_GPIO_EXTI_IRQHandler
                0x0000000008000da8       0x30 ./Drivers/STM32F1xx_HAL_Driver/Src/stm32f1xx_hal_gpio.o
                0x0000000008000da8                HAL_GPIO_EXTI_IRQHandler
 .text.HAL_RCC_OscConfig
                0x0000000008000dd8      0x500 ./Drivers/STM32F1xx_HAL_Driver/Src/stm32f1xx_hal_rcc.o
                0x0000000008000dd8                HAL_RCC_OscConfig
 .text.HAL_RCC_ClockConfig
                0x00000000080012d8      0x1d4 ./Drivers/STM32F1xx_HAL_Driver/Src/stm32f1xx_hal_rcc.o
                0x00000000080012d8                HAL_RCC_ClockConfig
 .text.HAL_RCC_GetSysClockFreq
                0x00000000080014ac       0xc0 ./Drivers/STM32F1xx_HAL_Driver/Src/stm32f1xx_hal_rcc.o
                0x00000000080014ac                HAL_RCC_GetSysClockFreq
 .text.RCC_Delay
                0x000000000800156c       0x3c ./Drivers/STM32F1xx_HAL_Driver/Src/stm32f1xx_hal_rcc.o
 .text.__libc_init_array
                0x00000000080015a8       0x48 d:/programs/st/stm32cubeide_1.7.0/stm32cubeide/plugins/com.st.stm32cube.ide.mcu.externaltools.gnu-tools-for-stm32.9-2020-q2-update.win32_2.0.0.202105311346/tools/bin/../lib/gcc/arm-none-eabi/9.3.1/../../../../arm-none-eabi/lib/thumb/v7-m/nofp\libc_nano.a(lib_a-init.o)
                0x00000000080015a8                __libc_init_array
 .text.memset   0x00000000080015f0       0x10 d:/programs/st/stm32cubeide_1.7.0/stm32cubeide/plugins/com.st.stm32cube.ide.mcu.externaltools.gnu-tools-for-stm32.9-2020-q2-update.win32_2.0.0.202105311346/tools/bin/../lib/gcc/arm-none-eabi/9.3.1/../../../../arm-none-eabi/lib/thumb/v7-m/nofp\libc_nano.a(lib_a-memset.o)
                0x00000000080015f0                memset
 *(.glue_7)
 .glue_7        0x0000000008001600        0x0 linker stubs
 *(.glue_7t)
 .glue_7t       0x0000000008001600        0x0 linker stubs
 *(.eh_frame)
 .eh_frame      0x0000000008001600        0x0 d:/programs/st/stm32cubeide_1.7.0/stm32cubeide/plugins/com.st.stm32cube.ide.mcu.externaltools.gnu-tools-for-stm32.9-2020-q2-update.win32_2.0.0.202105311346/tools/bin/../lib/gcc/arm-none-eabi/9.3.1/thumb/v7-m/nofp/crtbegin.o
 *(.init)
 .init          0x0000000008001600        0x4 d:/programs/st/stm32cubeide_1.7.0/stm32cubeide/plugins/com.st.stm32cube.ide.mcu.externaltools.gnu-tools-for-stm32.9-2020-q2-update.win32_2.0.0.202105311346/tools/bin/../lib/gcc/arm-none-eabi/9.3.1/thumb/v7-m/nofp/crti.o
                0x0000000008001600                _init
 .init          0x0000000008001604        0x8 d:/programs/st/stm32cubeide_1.7.0/stm32cubeide/plugins/com.st.stm32cube.ide.mcu.externaltools.gnu-tools-for-stm32.9-2020-q2-update.win32_2.0.0.202105311346/tools/bin/../lib/gcc/arm-none-eabi/9.3.1/thumb/v7-m/nofp/crtn.o
 *(.fini)
 .fini          0x000000000800160c        0x4 d:/programs/st/stm32cubeide_1.7.0/stm32cubeide/plugins/com.st.stm32cube.ide.mcu.externaltools.gnu-tools-for-stm32.9-2020-q2-update.win32_2.0.0.202105311346/tools/bin/../lib/gcc/arm-none-eabi/9.3.1/thumb/v7-m/nofp/crti.o
                0x000000000800160c                _fini
 .fini          0x0000000008001610        0x8 d:/programs/st/stm32cubeide_1.7.0/stm32cubeide/plugins/com.st.stm32cube.ide.mcu.externaltools.gnu-tools-for-stm32.9-2020-q2-update.win32_2.0.0.202105311346/tools/bin/../lib/gcc/arm-none-eabi/9.3.1/thumb/v7-m/nofp/crtn.o
                0x0000000008001618                . = ALIGN (0x4)
                0x0000000008001618                _etext = .

.vfp11_veneer   0x0000000008001618        0x0
 .vfp11_veneer  0x0000000008001618        0x0 linker stubs

.v4_bx          0x0000000008001618        0x0
 .v4_bx         0x0000000008001618        0x0 linker stubs

.iplt           0x0000000008001618        0x0
 .iplt          0x0000000008001618        0x0 d:/programs/st/stm32cubeide_1.7.0/stm32cubeide/plugins/com.st.stm32cube.ide.mcu.externaltools.gnu-tools-for-stm32.9-2020-q2-update.win32_2.0.0.202105311346/tools/bin/../lib/gcc/arm-none-eabi/9.3.1/thumb/v7-m/nofp/crtbegin.o

.rodata         0x0000000008001618       0x20
                0x0000000008001618                . = ALIGN (0x4)
 *(.rodata)
 .rodata        0x0000000008001618       0x10 ./Drivers/STM32F1xx_HAL_Driver/Src/stm32f1xx_hal_rcc.o
 *(.rodata*)
 .rodata.AHBPrescTable
                0x0000000008001628       0x10 ./Core/Src/system_stm32f1xx.o
                0x0000000008001628                AHBPrescTable
                0x0000000008001638                . = ALIGN (0x4)

.rel.dyn        0x0000000008001638        0x0
 .rel.iplt      0x0000000008001638        0x0 d:/programs/st/stm32cubeide_1.7.0/stm32cubeide/plugins/com.st.stm32cube.ide.mcu.externaltools.gnu-tools-for-stm32.9-2020-q2-update.win32_2.0.0.202105311346/tools/bin/../lib/gcc/arm-none-eabi/9.3.1/thumb/v7-m/nofp/crtbegin.o

.ARM.extab      0x0000000008001638        0x0
                0x0000000008001638                . = ALIGN (0x4)
 *(.ARM.extab* .gnu.linkonce.armextab.*)
                0x0000000008001638                . = ALIGN (0x4)

.ARM            0x0000000008001638        0x0
                0x0000000008001638                . = ALIGN (0x4)
                0x0000000008001638                __exidx_start = .
 *(.ARM.exidx*)
                0x0000000008001638                __exidx_end = .
                0x0000000008001638                . = ALIGN (0x4)

.preinit_array  0x0000000008001638        0x0
                0x0000000008001638                . = ALIGN (0x4)
                0x0000000008001638                PROVIDE (__preinit_array_start = .)
 *(.preinit_array*)
                0x0000000008001638                PROVIDE (__preinit_array_end = .)
                0x0000000008001638                . = ALIGN (0x4)

.init_array     0x0000000008001638        0x4
                0x0000000008001638                . = ALIGN (0x4)
                0x0000000008001638                PROVIDE (__init_array_start = .)
 *(SORT_BY_NAME(.init_array.*))
 *(.init_array*)
 .init_array    0x0000000008001638        0x4 d:/programs/st/stm32cubeide_1.7.0/stm32cubeide/plugins/com.st.stm32cube.ide.mcu.externaltools.gnu-tools-for-stm32.9-2020-q2-update.win32_2.0.0.202105311346/tools/bin/../lib/gcc/arm-none-eabi/9.3.1/thumb/v7-m/nofp/crtbegin.o
                0x000000000800163c                PROVIDE (__init_array_end = .)
                0x000000000800163c                . = ALIGN (0x4)

.fini_array     0x000000000800163c        0x4
                0x000000000800163c                . = ALIGN (0x4)
                [!provide]                        PROVIDE (__fini_array_start = .)
 *(SORT_BY_NAME(.fini_array.*))
 *(.fini_array*)
 .fini_array    0x000000000800163c        0x4 d:/programs/st/stm32cubeide_1.7.0/stm32cubeide/plugins/com.st.stm32cube.ide.mcu.externaltools.gnu-tools-for-stm32.9-2020-q2-update.win32_2.0.0.202105311346/tools/bin/../lib/gcc/arm-none-eabi/9.3.1/thumb/v7-m/nofp/crtbegin.o
                [!provide]                        PROVIDE (__fini_array_end = .)
                0x0000000008001640                . = ALIGN (0x4)
                0x0000000008001640                _sidata = LOADADDR (.data)

.data           0x0000000020000000        0xc load address 0x0000000008001640
                0x0000000020000000                . = ALIGN (0x4)
                0x0000000020000000                _sdata = .
 *(.data)
 *(.data*)
 .data.SystemCoreClock
                0x0000000020000000        0x4 ./Core/Src/system_stm32f1xx.o
                0x0000000020000000                SystemCoreClock
 .data.uwTickPrio
                0x0000000020000004        0x4 ./Drivers/STM32F1xx_HAL_Driver/Src/stm32f1xx_hal.o
                0x0000000020000004                uwTickPrio
 .data.uwTickFreq
                0x0000000020000008        0x1 ./Drivers/STM32F1xx_HAL_Driver/Src/stm32f1xx_hal.o
                0x0000000020000008                uwTickFreq
 *(.RamFunc)
 *(.RamFunc*)
                0x000000002000000c                . = ALIGN (0x4)
 *fill*         0x0000000020000009        0x3 
                0x000000002000000c                _edata = .

.igot.plt       0x000000002000000c        0x0 load address 0x000000000800164c
 .igot.plt      0x000000002000000c        0x0 d:/programs/st/stm32cubeide_1.7.0/stm32cubeide/plugins/com.st.stm32cube.ide.mcu.externaltools.gnu-tools-for-stm32.9-2020-q2-update.win32_2.0.0.202105311346/tools/bin/../lib/gcc/arm-none-eabi/9.3.1/thumb/v7-m/nofp/crtbegin.o
                0x000000002000000c                . = ALIGN (0x4)

.bss            0x000000002000000c       0x20 load address 0x000000000800164c
                0x000000002000000c                _sbss = .
                0x000000002000000c                __bss_start__ = _sbss
 *(.bss)
 .bss           0x000000002000000c       0x1c d:/programs/st/stm32cubeide_1.7.0/stm32cubeide/plugins/com.st.stm32cube.ide.mcu.externaltools.gnu-tools-for-stm32.9-2020-q2-update.win32_2.0.0.202105311346/tools/bin/../lib/gcc/arm-none-eabi/9.3.1/thumb/v7-m/nofp/crtbegin.o
 *(.bss*)
 *(COMMON)
 COMMON         0x0000000020000028        0x4 ./Drivers/STM32F1xx_HAL_Driver/Src/stm32f1xx_hal.o
                0x0000000020000028                uwTick
                0x000000002000002c                . = ALIGN (0x4)
                0x000000002000002c                _ebss = .
                0x000000002000002c                __bss_end__ = _ebss

._user_heap_stack
                0x000000002000002c      0x604 load address 0x000000000800164c
                0x0000000020000030                . = ALIGN (0x8)
 *fill*         0x000000002000002c        0x4 
                [!provide]                        PROVIDE (end = .)
                0x0000000020000030                PROVIDE (_end = .)
                0x0000000020000230                . = (. + _Min_Heap_Size)
 *fill*         0x0000000020000030      0x200 
                0x0000000020000630                . = (. + _Min_Stack_Size)
 *fill*         0x0000000020000230      0x400 
                0x0000000020000630                . = ALIGN (0x8)

/DISCARD/
 libc.a(*)
 libm.a(*)
 libgcc.a(*)

.ARM.attributes
                0x0000000000000000       0x29
 *(.ARM.attributes)
 .ARM.attributes
                0x0000000000000000       0x1d d:/programs/st/stm32cubeide_1.7.0/stm32cubeide/plugins/com.st.stm32cube.ide.mcu.externaltools.gnu-tools-for-stm32.9-2020-q2-update.win32_2.0.0.202105311346/tools/bin/../lib/gcc/arm-none-eabi/9.3.1/thumb/v7-m/nofp/crti.o
 .ARM.attributes
                0x000000000000001d       0x2d d:/programs/st/stm32cubeide_1.7.0/stm32cubeide/plugins/com.st.stm32cube.ide.mcu.externaltools.gnu-tools-for-stm32.9-2020-q2-update.win32_2.0.0.202105311346/tools/bin/../lib/gcc/arm-none-eabi/9.3.1/thumb/v7-m/nofp/crtbegin.o
 .ARM.attributes
                0x000000000000004a       0x2d ./Core/Src/main.o
 .ARM.attributes
                0x0000000000000077       0x2d ./Core/Src/stm32f1xx_hal_msp.o
 .ARM.attributes
                0x00000000000000a4       0x2d ./Core/Src/stm32f1xx_it.o
 .ARM.attributes
                0x00000000000000d1       0x2d ./Core/Src/system_stm32f1xx.o
 .ARM.attributes
                0x00000000000000fe       0x21 ./Core/Startup/startup_stm32f103rctx.o
 .ARM.attributes
                0x000000000000011f       0x2d ./Drivers/STM32F1xx_HAL_Driver/Src/stm32f1xx_hal.o
 .ARM.attributes
                0x000000000000014c       0x2d ./Drivers/STM32F1xx_HAL_Driver/Src/stm32f1xx_hal_cortex.o
 .ARM.attributes
                0x0000000000000179       0x2d ./Drivers/STM32F1xx_HAL_Driver/Src/stm32f1xx_hal_gpio.o
 .ARM.attributes
                0x00000000000001a6       0x2d ./Drivers/STM32F1xx_HAL_Driver/Src/stm32f1xx_hal_rcc.o
 .ARM.attributes
                0x00000000000001d3       0x2d d:/programs/st/stm32cubeide_1.7.0/stm32cubeide/plugins/com.st.stm32cube.ide.mcu.externaltools.gnu-tools-for-stm32.9-2020-q2-update.win32_2.0.0.202105311346/tools/bin/../lib/gcc/arm-none-eabi/9.3.1/../../../../arm-none-eabi/lib/thumb/v7-m/nofp\libc_nano.a(lib_a-init.o)
 .ARM.attributes
                0x0000000000000200       0x2d d:/programs/st/stm32cubeide_1.7.0/stm32cubeide/plugins/com.st.stm32cube.ide.mcu.externaltools.gnu-tools-for-stm32.9-2020-q2-update.win32_2.0.0.202105311346/tools/bin/../lib/gcc/arm-none-eabi/9.3.1/../../../../arm-none-eabi/lib/thumb/v7-m/nofp\libc_nano.a(lib_a-memset.o)
 .ARM.attributes
                0x000000000000022d       0x1d d:/programs/st/stm32cubeide_1.7.0/stm32cubeide/plugins/com.st.stm32cube.ide.mcu.externaltools.gnu-tools-for-stm32.9-2020-q2-update.win32_2.0.0.202105311346/tools/bin/../lib/gcc/arm-none-eabi/9.3.1/thumb/v7-m/nofp/crtn.o
OUTPUT(Lab3.elf elf32-littlearm)
LOAD linker stubs
LOAD d:/programs/st/stm32cubeide_1.7.0/stm32cubeide/plugins/com.st.stm32cube.ide.mcu.externaltools.gnu-tools-for-stm32.9-2020-q2-update.win32_2.0.0.202105311346/tools/bin/../lib/gcc/arm-none-eabi/9.3.1/../../../../arm-none-eabi/lib/thumb/v7-m/nofp\libc.a
LOAD d:/programs/st/stm32cubeide_1.7.0/stm32cubeide/plugins/com.st.stm32cube.ide.mcu.externaltools.gnu-tools-for-stm32.9-2020-q2-update.win32_2.0.0.202105311346/tools/bin/../lib/gcc/arm-none-eabi/9.3.1/../../../../arm-none-eabi/lib/thumb/v7-m/nofp\libm.a
LOAD d:/programs/st/stm32cubeide_1.7.0/stm32cubeide/plugins/com.st.stm32cube.ide.mcu.externaltools.gnu-tools-for-stm32.9-2020-q2-update.win32_2.0.0.202105311346/tools/bin/../lib/gcc/arm-none-eabi/9.3.1/thumb/v7-m/nofp\libgcc.a

.debug_info     0x0000000000000000     0x339f
 .debug_info    0x0000000000000000      0x6f7 ./Core/Src/main.o
 .debug_info    0x00000000000006f7      0x2fc ./Core/Src/stm32f1xx_hal_msp.o
 .debug_info    0x00000000000009f3      0x32b ./Core/Src/stm32f1xx_it.o
 .debug_info    0x0000000000000d1e      0x2be ./Core/Src/system_stm32f1xx.o
 .debug_info    0x0000000000000fdc       0x22 ./Core/Startup/startup_stm32f103rctx.o
 .debug_info    0x0000000000000ffe      0x7d0 ./Drivers/STM32F1xx_HAL_Driver/Src/stm32f1xx_hal.o
 .debug_info    0x00000000000017ce      0xc42 ./Drivers/STM32F1xx_HAL_Driver/Src/stm32f1xx_hal_cortex.o
 .debug_info    0x0000000000002410      0x701 ./Drivers/STM32F1xx_HAL_Driver/Src/stm32f1xx_hal_gpio.o
 .debug_info    0x0000000000002b11      0x88e ./Drivers/STM32F1xx_HAL_Driver/Src/stm32f1xx_hal_rcc.o

.debug_abbrev   0x0000000000000000      0xee4
 .debug_abbrev  0x0000000000000000      0x1cd ./Core/Src/main.o
 .debug_abbrev  0x00000000000001cd      0x11d ./Core/Src/stm32f1xx_hal_msp.o
 .debug_abbrev  0x00000000000002ea      0x13f ./Core/Src/stm32f1xx_it.o
 .debug_abbrev  0x0000000000000429      0x14e ./Core/Src/system_stm32f1xx.o
 .debug_abbrev  0x0000000000000577       0x12 ./Core/Startup/startup_stm32f103rctx.o
 .debug_abbrev  0x0000000000000589      0x1ed ./Drivers/STM32F1xx_HAL_Driver/Src/stm32f1xx_hal.o
 .debug_abbrev  0x0000000000000776      0x313 ./Drivers/STM32F1xx_HAL_Driver/Src/stm32f1xx_hal_cortex.o
 .debug_abbrev  0x0000000000000a89      0x1e8 ./Drivers/STM32F1xx_HAL_Driver/Src/stm32f1xx_hal_gpio.o
 .debug_abbrev  0x0000000000000c71      0x273 ./Drivers/STM32F1xx_HAL_Driver/Src/stm32f1xx_hal_rcc.o

.debug_aranges  0x0000000000000000      0x3f0
 .debug_aranges
                0x0000000000000000       0x38 ./Core/Src/main.o
 .debug_aranges
                0x0000000000000038       0x20 ./Core/Src/stm32f1xx_hal_msp.o
 .debug_aranges
                0x0000000000000058       0x80 ./Core/Src/stm32f1xx_it.o
 .debug_aranges
                0x00000000000000d8       0x28 ./Core/Src/system_stm32f1xx.o
 .debug_aranges
                0x0000000000000100       0x28 ./Core/Startup/startup_stm32f103rctx.o
 .debug_aranges
                0x0000000000000128       0xe0 ./Drivers/STM32F1xx_HAL_Driver/Src/stm32f1xx_hal.o
 .debug_aranges
                0x0000000000000208      0x100 ./Drivers/STM32F1xx_HAL_Driver/Src/stm32f1xx_hal_cortex.o
 .debug_aranges
                0x0000000000000308       0x58 ./Drivers/STM32F1xx_HAL_Driver/Src/stm32f1xx_hal_gpio.o
 .debug_aranges
                0x0000000000000360       0x90 ./Drivers/STM32F1xx_HAL_Driver/Src/stm32f1xx_hal_rcc.o

.debug_ranges   0x0000000000000000      0x368
 .debug_ranges  0x0000000000000000       0x28 ./Core/Src/main.o
 .debug_ranges  0x0000000000000028       0x10 ./Core/Src/stm32f1xx_hal_msp.o
 .debug_ranges  0x0000000000000038       0x70 ./Core/Src/stm32f1xx_it.o
 .debug_ranges  0x00000000000000a8       0x18 ./Core/Src/system_stm32f1xx.o
 .debug_ranges  0x00000000000000c0       0x20 ./Core/Startup/startup_stm32f103rctx.o
 .debug_ranges  0x00000000000000e0       0xd0 ./Drivers/STM32F1xx_HAL_Driver/Src/stm32f1xx_hal.o
 .debug_ranges  0x00000000000001b0       0xf0 ./Drivers/STM32F1xx_HAL_Driver/Src/stm32f1xx_hal_cortex.o
 .debug_ranges  0x00000000000002a0       0x48 ./Drivers/STM32F1xx_HAL_Driver/Src/stm32f1xx_hal_gpio.o
 .debug_ranges  0x00000000000002e8       0x80 ./Drivers/STM32F1xx_HAL_Driver/Src/stm32f1xx_hal_rcc.o

.debug_macro    0x0000000000000000    0x178fa
 .debug_macro   0x0000000000000000      0x193 ./Core/Src/main.o
 .debug_macro   0x0000000000000193      0xa9c ./Core/Src/main.o
 .debug_macro   0x0000000000000c2f      0x20f ./Core/Src/main.o
 .debug_macro   0x0000000000000e3e       0x2e ./Core/Src/main.o
 .debug_macro   0x0000000000000e6c       0x22 ./Core/Src/main.o
 .debug_macro   0x0000000000000e8e       0x22 ./Core/Src/main.o
 .debug_macro   0x0000000000000eb0       0x8e ./Core/Src/main.o
 .debug_macro   0x0000000000000f3e       0x51 ./Core/Src/main.o
 .debug_macro   0x0000000000000f8f      0x103 ./Core/Src/main.o
 .debug_macro   0x0000000000001092       0x6a ./Core/Src/main.o
 .debug_macro   0x00000000000010fc      0x1df ./Core/Src/main.o
 .debug_macro   0x00000000000012db       0x1c ./Core/Src/main.o
 .debug_macro   0x00000000000012f7       0x22 ./Core/Src/main.o
 .debug_macro   0x0000000000001319       0xc3 ./Core/Src/main.o
 .debug_macro   0x00000000000013dc      0xd23 ./Core/Src/main.o
 .debug_macro   0x00000000000020ff     0xfd8c ./Core/Src/main.o
 .debug_macro   0x0000000000011e8b       0x6d ./Core/Src/main.o
 .debug_macro   0x0000000000011ef8     0x3468 ./Core/Src/main.o
 .debug_macro   0x0000000000015360      0x174 ./Core/Src/main.o
 .debug_macro   0x00000000000154d4       0x5c ./Core/Src/main.o
 .debug_macro   0x0000000000015530      0x5be ./Core/Src/main.o
 .debug_macro   0x0000000000015aee      0x4d5 ./Core/Src/main.o
 .debug_macro   0x0000000000015fc3      0x1cb ./Core/Src/main.o
 .debug_macro   0x000000000001618e      0x114 ./Core/Src/main.o
 .debug_macro   0x00000000000162a2      0x1ea ./Core/Src/main.o
 .debug_macro   0x000000000001648c       0x27 ./Core/Src/main.o
 .debug_macro   0x00000000000164b3      0x144 ./Core/Src/main.o
 .debug_macro   0x00000000000165f7      0x1bc ./Core/Src/main.o
 .debug_macro   0x00000000000167b3       0x30 ./Core/Src/main.o
 .debug_macro   0x00000000000167e3       0x3c ./Core/Src/main.o
 .debug_macro   0x000000000001681f       0x57 ./Core/Src/main.o
 .debug_macro   0x0000000000016876       0x88 ./Core/Src/main.o
 .debug_macro   0x00000000000168fe      0x24f ./Core/Src/main.o
 .debug_macro   0x0000000000016b4d      0x141 ./Core/Src/main.o
 .debug_macro   0x0000000000016c8e       0xb5 ./Core/Src/main.o
 .debug_macro   0x0000000000016d43       0x52 ./Core/Src/main.o
 .debug_macro   0x0000000000016d95      0x193 ./Core/Src/stm32f1xx_hal_msp.o
 .debug_macro   0x0000000000016f28      0x19d ./Core/Src/stm32f1xx_it.o
 .debug_macro   0x00000000000170c5      0x184 ./Core/Src/system_stm32f1xx.o
 .debug_macro   0x0000000000017249      0x1a8 ./Drivers/STM32F1xx_HAL_Driver/Src/stm32f1xx_hal.o
 .debug_macro   0x00000000000173f1      0x184 ./Drivers/STM32F1xx_HAL_Driver/Src/stm32f1xx_hal_cortex.o
 .debug_macro   0x0000000000017575      0x1ef ./Drivers/STM32F1xx_HAL_Driver/Src/stm32f1xx_hal_gpio.o
 .debug_macro   0x0000000000017764      0x196 ./Drivers/STM32F1xx_HAL_Driver/Src/stm32f1xx_hal_rcc.o

.debug_line     0x0000000000000000     0x4761
 .debug_line    0x0000000000000000      0x723 ./Core/Src/main.o
 .debug_line    0x0000000000000723      0x65a ./Core/Src/stm32f1xx_hal_msp.o
 .debug_line    0x0000000000000d7d      0x7c6 ./Core/Src/stm32f1xx_it.o
 .debug_line    0x0000000000001543      0x6d6 ./Core/Src/system_stm32f1xx.o
 .debug_line    0x0000000000001c19       0x87 ./Core/Startup/startup_stm32f103rctx.o
 .debug_line    0x0000000000001ca0      0x903 ./Drivers/STM32F1xx_HAL_Driver/Src/stm32f1xx_hal.o
 .debug_line    0x00000000000025a3      0xaeb ./Drivers/STM32F1xx_HAL_Driver/Src/stm32f1xx_hal_cortex.o
 .debug_line    0x000000000000308e      0x9c2 ./Drivers/STM32F1xx_HAL_Driver/Src/stm32f1xx_hal_gpio.o
 .debug_line    0x0000000000003a50      0xd11 ./Drivers/STM32F1xx_HAL_Driver/Src/stm32f1xx_hal_rcc.o

.debug_str      0x0000000000000000    0x89e94
 .debug_str     0x0000000000000000    0x89145 ./Core/Src/main.o
                                      0x89625 (size before relaxing)
 .debug_str     0x0000000000089145       0x5a ./Core/Src/stm32f1xx_hal_msp.o
                                      0x890c4 (size before relaxing)
 .debug_str     0x000000000008919f      0x116 ./Core/Src/stm32f1xx_it.o
                                      0x89181 (size before relaxing)
 .debug_str     0x00000000000892b5       0x52 ./Core/Src/system_stm32f1xx.o
                                      0x88f89 (size before relaxing)
 .debug_str     0x0000000000089307       0x36 ./Core/Startup/startup_stm32f103rctx.o
                                         0x6c (size before relaxing)
 .debug_str     0x000000000008933d      0x304 ./Drivers/STM32F1xx_HAL_Driver/Src/stm32f1xx_hal.o
                                      0x896fe (size before relaxing)
 .debug_str     0x0000000000089641      0x300 ./Drivers/STM32F1xx_HAL_Driver/Src/stm32f1xx_hal_cortex.o
                                      0x89706 (size before relaxing)
 .debug_str     0x0000000000089941      0x304 ./Drivers/STM32F1xx_HAL_Driver/Src/stm32f1xx_hal_gpio.o
                                      0x8934d (size before relaxing)
 .debug_str     0x0000000000089c45      0x24f ./Drivers/STM32F1xx_HAL_Driver/Src/stm32f1xx_hal_rcc.o
                                      0x89386 (size before relaxing)

.comment        0x0000000000000000       0x53
 .comment       0x0000000000000000       0x53 ./Core/Src/main.o
                                         0x54 (size before relaxing)
 .comment       0x0000000000000053       0x54 ./Core/Src/stm32f1xx_hal_msp.o
 .comment       0x0000000000000053       0x54 ./Core/Src/stm32f1xx_it.o
 .comment       0x0000000000000053       0x54 ./Core/Src/system_stm32f1xx.o
 .comment       0x0000000000000053       0x54 ./Drivers/STM32F1xx_HAL_Driver/Src/stm32f1xx_hal.o
 .comment       0x0000000000000053       0x54 ./Drivers/STM32F1xx_HAL_Driver/Src/stm32f1xx_hal_cortex.o
 .comment       0x0000000000000053       0x54 ./Drivers/STM32F1xx_HAL_Driver/Src/stm32f1xx_hal_gpio.o
 .comment       0x0000000000000053       0x54 ./Drivers/STM32F1xx_HAL_Driver/Src/stm32f1xx_hal_rcc.o

.debug_frame    0x0000000000000000      0xda4
 .debug_frame   0x0000000000000000       0x8c ./Core/Src/main.o
 .debug_frame   0x000000000000008c       0x34 ./Core/Src/stm32f1xx_hal_msp.o
 .debug_frame   0x00000000000000c0      0x17c ./Core/Src/stm32f1xx_it.o
 .debug_frame   0x000000000000023c       0x58 ./Core/Src/system_stm32f1xx.o
 .debug_frame   0x0000000000000294      0x334 ./Drivers/STM32F1xx_HAL_Driver/Src/stm32f1xx_hal.o
 .debug_frame   0x00000000000005c8      0x428 ./Drivers/STM32F1xx_HAL_Driver/Src/stm32f1xx_hal_cortex.o
 .debug_frame   0x00000000000009f0      0x14c ./Drivers/STM32F1xx_HAL_Driver/Src/stm32f1xx_hal_gpio.o
 .debug_frame   0x0000000000000b3c      0x21c ./Drivers/STM32F1xx_HAL_Driver/Src/stm32f1xx_hal_rcc.o
 .debug_frame   0x0000000000000d58       0x2c d:/programs/st/stm32cubeide_1.7.0/stm32cubeide/plugins/com.st.stm32cube.ide.mcu.externaltools.gnu-tools-for-stm32.9-2020-q2-update.win32_2.0.0.202105311346/tools/bin/../lib/gcc/arm-none-eabi/9.3.1/../../../../arm-none-eabi/lib/thumb/v7-m/nofp\libc_nano.a(lib_a-init.o)
 .debug_frame   0x0000000000000d84       0x20 d:/programs/st/stm32cubeide_1.7.0/stm32cubeide/plugins/com.st.stm32cube.ide.mcu.externaltools.gnu-tools-for-stm32.9-2020-q2-update.win32_2.0.0.202105311346/tools/bin/../lib/gcc/arm-none-eabi/9.3.1/../../../../arm-none-eabi/lib/thumb/v7-m/nofp\libc_nano.a(lib_a-memset.o)
