22:34:19 **** Incremental Build of configuration Release for project assign2_test3 ****
make -j8 all 
arm-none-eabi-gcc -o "assign2_test3.elf" @"objects.list"   -mcpu=cortex-m3 -T"E:\assign2_test3\assign2_test3\STM32F103RCTX_FLASH.ld" --specs=nosys.specs -Wl,-Map="assign2_test3.map" -Wl,--gc-sections -static --specs=nano.specs -mfloat-abi=soft -mthumb -u _printf_float -Wl,--start-group -lc -lm -Wl,--end-group
Finished building target: assign2_test3.elf
 
arm-none-eabi-size   assign2_test3.elf 
arm-none-eabi-objdump -h -S  assign2_test3.elf  > "assign2_test3.list"
arm-none-eabi-objcopy  -O ihex  assign2_test3.elf  "assign2_test3.hex"
   text	   data	    bss	    dec	    hex	filename
  48788	    608	   1920	  51316	   c874	assign2_test3.elf
arm-none-eabi-objcopy  -O binary  assign2_test3.elf  "assign2_test3.bin"
Finished building: default.size.stdout
 
Finished building: assign2_test3.hex
Finished building: assign2_test3.bin
 
 
Finished building: assign2_test3.list
 

22:34:20 Build Finished. 0 errors, 0 warnings. (took 617ms)

