22:56:58 **** Clean-only build of configuration Debug for project Project_Questioner ****
make -j8 clean 
rm -rf  Project1.hex  default.size.stdout  Project1.list  Project1.elf  ./Drivers/STM32F1xx_HAL_Driver/Src/stm32f1xx_hal.o ./Drivers/STM32F1xx_HAL_Driver/Src/stm32f1xx_hal_cortex.o ./Drivers/STM32F1xx_HAL_Driver/Src/stm32f1xx_hal_dma.o ./Drivers/STM32F1xx_HAL_Driver/Src/stm32f1xx_hal_exti.o ./Drivers/STM32F1xx_HAL_Driver/Src/stm32f1xx_hal_flash.o ./Drivers/STM32F1xx_HAL_Driver/Src/stm32f1xx_hal_flash_ex.o ./Drivers/STM32F1xx_HAL_Driver/Src/stm32f1xx_hal_gpio.o ./Drivers/STM32F1xx_HAL_Driver/Src/stm32f1xx_hal_gpio_ex.o ./Drivers/STM32F1xx_HAL_Driver/Src/stm32f1xx_hal_pwr.o ./Drivers/STM32F1xx_HAL_Driver/Src/stm32f1xx_hal_rcc.o ./Drivers/STM32F1xx_HAL_Driver/Src/stm32f1xx_hal_rcc_ex.o ./Drivers/STM32F1xx_HAL_Driver/Src/stm32f1xx_hal_tim.o ./Drivers/STM32F1xx_HAL_Driver/Src/stm32f1xx_hal_tim_ex.o ./Drivers/STM32F1xx_HAL_Driver/Src/stm32f1xx_hal_uart.o  ./Core/Startup/startup_stm32f103rctx.o  ./Core/Src/dma.o ./Core/Src/gpio.o ./Core/Src/lcd.o ./Core/Src/main.o ./Core/Src/stm32f1xx_hal_msp.o ./Core/Src/stm32f1xx_it.o ./Core/Src/syscalls.o ./Core/Src/sysmem.o ./Core/Src/system_stm32f1xx.o ./Core/Src/tim.o ./Core/Src/usart.o  ./Core/Startup/startup_stm32f103rctx.d  ./Drivers/STM32F1xx_HAL_Driver/Src/stm32f1xx_hal.d ./Drivers/STM32F1xx_HAL_Driver/Src/stm32f1xx_hal_cortex.d ./Drivers/STM32F1xx_HAL_Driver/Src/stm32f1xx_hal_dma.d ./Drivers/STM32F1xx_HAL_Driver/Src/stm32f1xx_hal_exti.d ./Drivers/STM32F1xx_HAL_Driver/Src/stm32f1xx_hal_flash.d ./Drivers/STM32F1xx_HAL_Driver/Src/stm32f1xx_hal_flash_ex.d ./Drivers/STM32F1xx_HAL_Driver/Src/stm32f1xx_hal_gpio.d ./Drivers/STM32F1xx_HAL_Driver/Src/stm32f1xx_hal_gpio_ex.d ./Drivers/STM32F1xx_HAL_Driver/Src/stm32f1xx_hal_pwr.d ./Drivers/STM32F1xx_HAL_Driver/Src/stm32f1xx_hal_rcc.d ./Drivers/STM32F1xx_HAL_Driver/Src/stm32f1xx_hal_rcc_ex.d ./Drivers/STM32F1xx_HAL_Driver/Src/stm32f1xx_hal_tim.d ./Drivers/STM32F1xx_HAL_Driver/Src/stm32f1xx_hal_tim_ex.d ./Drivers/STM32F1xx_HAL_Driver/Src/stm32f1xx_hal_uart.d  ./Core/Src/dma.d ./Core/Src/gpio.d ./Core/Src/lcd.d ./Core/Src/main.d ./Core/Src/stm32f1xx_hal_msp.d ./Core/Src/stm32f1xx_it.d ./Core/Src/syscalls.d ./Core/Src/sysmem.d ./Core/Src/system_stm32f1xx.d ./Core/Src/tim.d ./Core/Src/usart.d  Project1.bin  Project1.elf
 
22:56:58 **** Build of configuration Debug for project Project_Questioner ****
make -j8 all 
arm-none-eabi-gcc "../Drivers/STM32F1xx_HAL_Driver/Src/stm32f1xx_hal.c" -mcpu=cortex-m3 -std=gnu11 -g3 -DDEBUG -DUSE_HAL_DRIVER -DSTM32F103xE -c -I../Core/Inc -I../Drivers/STM32F1xx_HAL_Driver/Inc -I../Drivers/STM32F1xx_HAL_Driver/Inc/Legacy -I../Drivers/CMSIS/Device/ST/STM32F1xx/Include -I../Drivers/CMSIS/Include -O0 -ffunction-sections -fdata-sections -Wall -fstack-usage -MMD -MP -MF"Drivers/STM32F1xx_HAL_Driver/Src/stm32f1xx_hal.d" -MT"Drivers/STM32F1xx_HAL_Driver/Src/stm32f1xx_hal.o" --specs=nano.specs -mfloat-abi=soft -mthumb -o "Drivers/STM32F1xx_HAL_Driver/Src/stm32f1xx_hal.o"
arm-none-eabi-gcc "../Drivers/STM32F1xx_HAL_Driver/Src/stm32f1xx_hal_cortex.c" -mcpu=cortex-m3 -std=gnu11 -g3 -DDEBUG -DUSE_HAL_DRIVER -DSTM32F103xE -c -I../Core/Inc -I../Drivers/STM32F1xx_HAL_Driver/Inc -I../Drivers/STM32F1xx_HAL_Driver/Inc/Legacy -I../Drivers/CMSIS/Device/ST/STM32F1xx/Include -I../Drivers/CMSIS/Include -O0 -ffunction-sections -fdata-sections -Wall -fstack-usage -MMD -MP -MF"Drivers/STM32F1xx_HAL_Driver/Src/stm32f1xx_hal_cortex.d" -MT"Drivers/STM32F1xx_HAL_Driver/Src/stm32f1xx_hal_cortex.o" --specs=nano.specs -mfloat-abi=soft -mthumb -o "Drivers/STM32F1xx_HAL_Driver/Src/stm32f1xx_hal_cortex.o"
arm-none-eabi-gcc "../Drivers/STM32F1xx_HAL_Driver/Src/stm32f1xx_hal_dma.c" -mcpu=cortex-m3 -std=gnu11 -g3 -DDEBUG -DUSE_HAL_DRIVER -DSTM32F103xE -c -I../Core/Inc -I../Drivers/STM32F1xx_HAL_Driver/Inc -I../Drivers/STM32F1xx_HAL_Driver/Inc/Legacy -I../Drivers/CMSIS/Device/ST/STM32F1xx/Include -I../Drivers/CMSIS/Include -O0 -ffunction-sections -fdata-sections -Wall -fstack-usage -MMD -MP -MF"Drivers/STM32F1xx_HAL_Driver/Src/stm32f1xx_hal_dma.d" -MT"Drivers/STM32F1xx_HAL_Driver/Src/stm32f1xx_hal_dma.o" --specs=nano.specs -mfloat-abi=soft -mthumb -o "Drivers/STM32F1xx_HAL_Driver/Src/stm32f1xx_hal_dma.o"
arm-none-eabi-gcc "../Drivers/STM32F1xx_HAL_Driver/Src/stm32f1xx_hal_exti.c" -mcpu=cortex-m3 -std=gnu11 -g3 -DDEBUG -DUSE_HAL_DRIVER -DSTM32F103xE -c -I../Core/Inc -I../Drivers/STM32F1xx_HAL_Driver/Inc -I../Drivers/STM32F1xx_HAL_Driver/Inc/Legacy -I../Drivers/CMSIS/Device/ST/STM32F1xx/Include -I../Drivers/CMSIS/Include -O0 -ffunction-sections -fdata-sections -Wall -fstack-usage -MMD -MP -MF"Drivers/STM32F1xx_HAL_Driver/Src/stm32f1xx_hal_exti.d" -MT"Drivers/STM32F1xx_HAL_Driver/Src/stm32f1xx_hal_exti.o" --specs=nano.specs -mfloat-abi=soft -mthumb -o "Drivers/STM32F1xx_HAL_Driver/Src/stm32f1xx_hal_exti.o"
arm-none-eabi-gcc "../Drivers/STM32F1xx_HAL_Driver/Src/stm32f1xx_hal_flash.c" -mcpu=cortex-m3 -std=gnu11 -g3 -DDEBUG -DUSE_HAL_DRIVER -DSTM32F103xE -c -I../Core/Inc -I../Drivers/STM32F1xx_HAL_Driver/Inc -I../Drivers/STM32F1xx_HAL_Driver/Inc/Legacy -I../Drivers/CMSIS/Device/ST/STM32F1xx/Include -I../Drivers/CMSIS/Include -O0 -ffunction-sections -fdata-sections -Wall -fstack-usage -MMD -MP -MF"Drivers/STM32F1xx_HAL_Driver/Src/stm32f1xx_hal_flash.d" -MT"Drivers/STM32F1xx_HAL_Driver/Src/stm32f1xx_hal_flash.o" --specs=nano.specs -mfloat-abi=soft -mthumb -o "Drivers/STM32F1xx_HAL_Driver/Src/stm32f1xx_hal_flash.o"
arm-none-eabi-gcc "../Drivers/STM32F1xx_HAL_Driver/Src/stm32f1xx_hal_flash_ex.c" -mcpu=cortex-m3 -std=gnu11 -g3 -DDEBUG -DUSE_HAL_DRIVER -DSTM32F103xE -c -I../Core/Inc -I../Drivers/STM32F1xx_HAL_Driver/Inc -I../Drivers/STM32F1xx_HAL_Driver/Inc/Legacy -I../Drivers/CMSIS/Device/ST/STM32F1xx/Include -I../Drivers/CMSIS/Include -O0 -ffunction-sections -fdata-sections -Wall -fstack-usage -MMD -MP -MF"Drivers/STM32F1xx_HAL_Driver/Src/stm32f1xx_hal_flash_ex.d" -MT"Drivers/STM32F1xx_HAL_Driver/Src/stm32f1xx_hal_flash_ex.o" --specs=nano.specs -mfloat-abi=soft -mthumb -o "Drivers/STM32F1xx_HAL_Driver/Src/stm32f1xx_hal_flash_ex.o"
arm-none-eabi-gcc "../Drivers/STM32F1xx_HAL_Driver/Src/stm32f1xx_hal_gpio.c" -mcpu=cortex-m3 -std=gnu11 -g3 -DDEBUG -DUSE_HAL_DRIVER -DSTM32F103xE -c -I../Core/Inc -I../Drivers/STM32F1xx_HAL_Driver/Inc -I../Drivers/STM32F1xx_HAL_Driver/Inc/Legacy -I../Drivers/CMSIS/Device/ST/STM32F1xx/Include -I../Drivers/CMSIS/Include -O0 -ffunction-sections -fdata-sections -Wall -fstack-usage -MMD -MP -MF"Drivers/STM32F1xx_HAL_Driver/Src/stm32f1xx_hal_gpio.d" -MT"Drivers/STM32F1xx_HAL_Driver/Src/stm32f1xx_hal_gpio.o" --specs=nano.specs -mfloat-abi=soft -mthumb -o "Drivers/STM32F1xx_HAL_Driver/Src/stm32f1xx_hal_gpio.o"
arm-none-eabi-gcc "../Drivers/STM32F1xx_HAL_Driver/Src/stm32f1xx_hal_gpio_ex.c" -mcpu=cortex-m3 -std=gnu11 -g3 -DDEBUG -DUSE_HAL_DRIVER -DSTM32F103xE -c -I../Core/Inc -I../Drivers/STM32F1xx_HAL_Driver/Inc -I../Drivers/STM32F1xx_HAL_Driver/Inc/Legacy -I../Drivers/CMSIS/Device/ST/STM32F1xx/Include -I../Drivers/CMSIS/Include -O0 -ffunction-sections -fdata-sections -Wall -fstack-usage -MMD -MP -MF"Drivers/STM32F1xx_HAL_Driver/Src/stm32f1xx_hal_gpio_ex.d" -MT"Drivers/STM32F1xx_HAL_Driver/Src/stm32f1xx_hal_gpio_ex.o" --specs=nano.specs -mfloat-abi=soft -mthumb -o "Drivers/STM32F1xx_HAL_Driver/Src/stm32f1xx_hal_gpio_ex.o"
arm-none-eabi-gcc "../Drivers/STM32F1xx_HAL_Driver/Src/stm32f1xx_hal_pwr.c" -mcpu=cortex-m3 -std=gnu11 -g3 -DDEBUG -DUSE_HAL_DRIVER -DSTM32F103xE -c -I../Core/Inc -I../Drivers/STM32F1xx_HAL_Driver/Inc -I../Drivers/STM32F1xx_HAL_Driver/Inc/Legacy -I../Drivers/CMSIS/Device/ST/STM32F1xx/Include -I../Drivers/CMSIS/Include -O0 -ffunction-sections -fdata-sections -Wall -fstack-usage -MMD -MP -MF"Drivers/STM32F1xx_HAL_Driver/Src/stm32f1xx_hal_pwr.d" -MT"Drivers/STM32F1xx_HAL_Driver/Src/stm32f1xx_hal_pwr.o" --specs=nano.specs -mfloat-abi=soft -mthumb -o "Drivers/STM32F1xx_HAL_Driver/Src/stm32f1xx_hal_pwr.o"
arm-none-eabi-gcc "../Drivers/STM32F1xx_HAL_Driver/Src/stm32f1xx_hal_rcc.c" -mcpu=cortex-m3 -std=gnu11 -g3 -DDEBUG -DUSE_HAL_DRIVER -DSTM32F103xE -c -I../Core/Inc -I../Drivers/STM32F1xx_HAL_Driver/Inc -I../Drivers/STM32F1xx_HAL_Driver/Inc/Legacy -I../Drivers/CMSIS/Device/ST/STM32F1xx/Include -I../Drivers/CMSIS/Include -O0 -ffunction-sections -fdata-sections -Wall -fstack-usage -MMD -MP -MF"Drivers/STM32F1xx_HAL_Driver/Src/stm32f1xx_hal_rcc.d" -MT"Drivers/STM32F1xx_HAL_Driver/Src/stm32f1xx_hal_rcc.o" --specs=nano.specs -mfloat-abi=soft -mthumb -o "Drivers/STM32F1xx_HAL_Driver/Src/stm32f1xx_hal_rcc.o"
arm-none-eabi-gcc "../Drivers/STM32F1xx_HAL_Driver/Src/stm32f1xx_hal_rcc_ex.c" -mcpu=cortex-m3 -std=gnu11 -g3 -DDEBUG -DUSE_HAL_DRIVER -DSTM32F103xE -c -I../Core/Inc -I../Drivers/STM32F1xx_HAL_Driver/Inc -I../Drivers/STM32F1xx_HAL_Driver/Inc/Legacy -I../Drivers/CMSIS/Device/ST/STM32F1xx/Include -I../Drivers/CMSIS/Include -O0 -ffunction-sections -fdata-sections -Wall -fstack-usage -MMD -MP -MF"Drivers/STM32F1xx_HAL_Driver/Src/stm32f1xx_hal_rcc_ex.d" -MT"Drivers/STM32F1xx_HAL_Driver/Src/stm32f1xx_hal_rcc_ex.o" --specs=nano.specs -mfloat-abi=soft -mthumb -o "Drivers/STM32F1xx_HAL_Driver/Src/stm32f1xx_hal_rcc_ex.o"
arm-none-eabi-gcc "../Drivers/STM32F1xx_HAL_Driver/Src/stm32f1xx_hal_tim.c" -mcpu=cortex-m3 -std=gnu11 -g3 -DDEBUG -DUSE_HAL_DRIVER -DSTM32F103xE -c -I../Core/Inc -I../Drivers/STM32F1xx_HAL_Driver/Inc -I../Drivers/STM32F1xx_HAL_Driver/Inc/Legacy -I../Drivers/CMSIS/Device/ST/STM32F1xx/Include -I../Drivers/CMSIS/Include -O0 -ffunction-sections -fdata-sections -Wall -fstack-usage -MMD -MP -MF"Drivers/STM32F1xx_HAL_Driver/Src/stm32f1xx_hal_tim.d" -MT"Drivers/STM32F1xx_HAL_Driver/Src/stm32f1xx_hal_tim.o" --specs=nano.specs -mfloat-abi=soft -mthumb -o "Drivers/STM32F1xx_HAL_Driver/Src/stm32f1xx_hal_tim.o"
arm-none-eabi-gcc "../Drivers/STM32F1xx_HAL_Driver/Src/stm32f1xx_hal_tim_ex.c" -mcpu=cortex-m3 -std=gnu11 -g3 -DDEBUG -DUSE_HAL_DRIVER -DSTM32F103xE -c -I../Core/Inc -I../Drivers/STM32F1xx_HAL_Driver/Inc -I../Drivers/STM32F1xx_HAL_Driver/Inc/Legacy -I../Drivers/CMSIS/Device/ST/STM32F1xx/Include -I../Drivers/CMSIS/Include -O0 -ffunction-sections -fdata-sections -Wall -fstack-usage -MMD -MP -MF"Drivers/STM32F1xx_HAL_Driver/Src/stm32f1xx_hal_tim_ex.d" -MT"Drivers/STM32F1xx_HAL_Driver/Src/stm32f1xx_hal_tim_ex.o" --specs=nano.specs -mfloat-abi=soft -mthumb -o "Drivers/STM32F1xx_HAL_Driver/Src/stm32f1xx_hal_tim_ex.o"
arm-none-eabi-gcc "../Drivers/STM32F1xx_HAL_Driver/Src/stm32f1xx_hal_uart.c" -mcpu=cortex-m3 -std=gnu11 -g3 -DDEBUG -DUSE_HAL_DRIVER -DSTM32F103xE -c -I../Core/Inc -I../Drivers/STM32F1xx_HAL_Driver/Inc -I../Drivers/STM32F1xx_HAL_Driver/Inc/Legacy -I../Drivers/CMSIS/Device/ST/STM32F1xx/Include -I../Drivers/CMSIS/Include -O0 -ffunction-sections -fdata-sections -Wall -fstack-usage -MMD -MP -MF"Drivers/STM32F1xx_HAL_Driver/Src/stm32f1xx_hal_uart.d" -MT"Drivers/STM32F1xx_HAL_Driver/Src/stm32f1xx_hal_uart.o" --specs=nano.specs -mfloat-abi=soft -mthumb -o "Drivers/STM32F1xx_HAL_Driver/Src/stm32f1xx_hal_uart.o"
arm-none-eabi-gcc -mcpu=cortex-m3 -g3 -DDEBUG -c -x assembler-with-cpp -MMD -MP -MF"Core/Startup/startup_stm32f103rctx.d" -MT"Core/Startup/startup_stm32f103rctx.o" --specs=nano.specs -mfloat-abi=soft -mthumb -o "Core/Startup/startup_stm32f103rctx.o" "../Core/Startup/startup_stm32f103rctx.s"
arm-none-eabi-gcc "../Core/Src/dma.c" -mcpu=cortex-m3 -std=gnu11 -g3 -DDEBUG -DUSE_HAL_DRIVER -DSTM32F103xE -c -I../Core/Inc -I../Drivers/STM32F1xx_HAL_Driver/Inc -I../Drivers/STM32F1xx_HAL_Driver/Inc/Legacy -I../Drivers/CMSIS/Device/ST/STM32F1xx/Include -I../Drivers/CMSIS/Include -O0 -ffunction-sections -fdata-sections -Wall -fstack-usage -MMD -MP -MF"Core/Src/dma.d" -MT"Core/Src/dma.o" --specs=nano.specs -mfloat-abi=soft -mthumb -o "Core/Src/dma.o"
arm-none-eabi-gcc "../Core/Src/gpio.c" -mcpu=cortex-m3 -std=gnu11 -g3 -DDEBUG -DUSE_HAL_DRIVER -DSTM32F103xE -c -I../Core/Inc -I../Drivers/STM32F1xx_HAL_Driver/Inc -I../Drivers/STM32F1xx_HAL_Driver/Inc/Legacy -I../Drivers/CMSIS/Device/ST/STM32F1xx/Include -I../Drivers/CMSIS/Include -O0 -ffunction-sections -fdata-sections -Wall -fstack-usage -MMD -MP -MF"Core/Src/gpio.d" -MT"Core/Src/gpio.o" --specs=nano.specs -mfloat-abi=soft -mthumb -o "Core/Src/gpio.o"
arm-none-eabi-gcc "../Core/Src/lcd.c" -mcpu=cortex-m3 -std=gnu11 -g3 -DDEBUG -DUSE_HAL_DRIVER -DSTM32F103xE -c -I../Core/Inc -I../Drivers/STM32F1xx_HAL_Driver/Inc -I../Drivers/STM32F1xx_HAL_Driver/Inc/Legacy -I../Drivers/CMSIS/Device/ST/STM32F1xx/Include -I../Drivers/CMSIS/Include -O0 -ffunction-sections -fdata-sections -Wall -fstack-usage -MMD -MP -MF"Core/Src/lcd.d" -MT"Core/Src/lcd.o" --specs=nano.specs -mfloat-abi=soft -mthumb -o "Core/Src/lcd.o"
arm-none-eabi-gcc "../Core/Src/main.c" -mcpu=cortex-m3 -std=gnu11 -g3 -DDEBUG -DUSE_HAL_DRIVER -DSTM32F103xE -c -I../Core/Inc -I../Drivers/STM32F1xx_HAL_Driver/Inc -I../Drivers/STM32F1xx_HAL_Driver/Inc/Legacy -I../Drivers/CMSIS/Device/ST/STM32F1xx/Include -I../Drivers/CMSIS/Include -O0 -ffunction-sections -fdata-sections -Wall -fstack-usage -MMD -MP -MF"Core/Src/main.d" -MT"Core/Src/main.o" --specs=nano.specs -mfloat-abi=soft -mthumb -o "Core/Src/main.o"
arm-none-eabi-gcc "../Core/Src/stm32f1xx_hal_msp.c" -mcpu=cortex-m3 -std=gnu11 -g3 -DDEBUG -DUSE_HAL_DRIVER -DSTM32F103xE -c -I../Core/Inc -I../Drivers/STM32F1xx_HAL_Driver/Inc -I../Drivers/STM32F1xx_HAL_Driver/Inc/Legacy -I../Drivers/CMSIS/Device/ST/STM32F1xx/Include -I../Drivers/CMSIS/Include -O0 -ffunction-sections -fdata-sections -Wall -fstack-usage -MMD -MP -MF"Core/Src/stm32f1xx_hal_msp.d" -MT"Core/Src/stm32f1xx_hal_msp.o" --specs=nano.specs -mfloat-abi=soft -mthumb -o "Core/Src/stm32f1xx_hal_msp.o"
arm-none-eabi-gcc "../Core/Src/stm32f1xx_it.c" -mcpu=cortex-m3 -std=gnu11 -g3 -DDEBUG -DUSE_HAL_DRIVER -DSTM32F103xE -c -I../Core/Inc -I../Drivers/STM32F1xx_HAL_Driver/Inc -I../Drivers/STM32F1xx_HAL_Driver/Inc/Legacy -I../Drivers/CMSIS/Device/ST/STM32F1xx/Include -I../Drivers/CMSIS/Include -O0 -ffunction-sections -fdata-sections -Wall -fstack-usage -MMD -MP -MF"Core/Src/stm32f1xx_it.d" -MT"Core/Src/stm32f1xx_it.o" --specs=nano.specs -mfloat-abi=soft -mthumb -o "Core/Src/stm32f1xx_it.o"
arm-none-eabi-gcc "../Core/Src/syscalls.c" -mcpu=cortex-m3 -std=gnu11 -g3 -DDEBUG -DUSE_HAL_DRIVER -DSTM32F103xE -c -I../Core/Inc -I../Drivers/STM32F1xx_HAL_Driver/Inc -I../Drivers/STM32F1xx_HAL_Driver/Inc/Legacy -I../Drivers/CMSIS/Device/ST/STM32F1xx/Include -I../Drivers/CMSIS/Include -O0 -ffunction-sections -fdata-sections -Wall -fstack-usage -MMD -MP -MF"Core/Src/syscalls.d" -MT"Core/Src/syscalls.o" --specs=nano.specs -mfloat-abi=soft -mthumb -o "Core/Src/syscalls.o"
../Core/Src/main.c: In function 'main':
../Core/Src/main.c:138:3: warning: implicit declaration of function 'init_server' [-Wimplicit-function-declaration]
  138 |   init_server();
      |   ^~~~~~~~~~~
../Core/Src/main.c:139:39: warning: pointer targets in passing argument 6 of 'LCD_ShowString' differ in signedness [-Wpointer-sign]
  139 |   LCD_ShowString(30, 40, 200, 24, 16, "Connecting...");
      |                                       ^~~~~~~~~~~~~~~
      |                                       |
      |                                       char *
In file included from ../Core/Src/main.c:29:
../Core/Inc/lcd.h:199:26: note: expected 'uint8_t *' {aka 'unsigned char *'} but argument is of type 'char *'
  199 |   uint8_t size, uint8_t *p); // Display a string
      |                 ~~~~~~~~~^
../Core/Src/main.c: In function 'Question':
../Core/Src/main.c:232:39: warning: pointer targets in passing argument 6 of 'LCD_ShowString' differ in signedness [-Wpointer-sign]
  232 |   LCD_ShowString(30, 40, 200, 24, 16, "Question   Time:");
      |                                       ^~~~~~~~~~~~~~~~~~
      |                                       |
      |                                       char *
In file included from ../Core/Src/main.c:29:
../Core/Inc/lcd.h:199:26: note: expected 'uint8_t *' {aka 'unsigned char *'} but argument is of type 'char *'
  199 |   uint8_t size, uint8_t *p); // Display a string
      |                 ~~~~~~~~~^
../Core/Src/main.c:235:39: warning: pointer targets in passing argument 6 of 'LCD_ShowString' differ in signedness [-Wpointer-sign]
  235 |   LCD_ShowString(30, 70, 200, 16, 12, strs);
      |                                       ^~~~
      |                                       |
      |                                       char *
In file included from ../Core/Src/main.c:29:
../Core/Inc/lcd.h:199:26: note: expected 'uint8_t *' {aka 'unsigned char *'} but argument is of type 'char *'
  199 |   uint8_t size, uint8_t *p); // Display a string
      |                 ~~~~~~~~~^
../Core/Src/main.c:236:41: warning: pointer targets in passing argument 6 of 'LCD_ShowString' differ in signedness [-Wpointer-sign]
  236 |   LCD_ShowString(30, 110, 200, 16, 12, q->content);
      |                                        ~^~~~~~~~~
      |                                         |
      |                                         char *
In file included from ../Core/Src/main.c:29:
../Core/Inc/lcd.h:199:26: note: expected 'uint8_t *' {aka 'unsigned char *'} but argument is of type 'char *'
  199 |   uint8_t size, uint8_t *p); // Display a string
      |                 ~~~~~~~~~^
../Core/Src/main.c:237:41: warning: pointer targets in passing argument 6 of 'LCD_ShowString' differ in signedness [-Wpointer-sign]
  237 |   LCD_ShowString(30, 150, 200, 16, 12, q->answerList);
      |                                        ~^~~~~~~~~~~~
      |                                         |
      |                                         char *
In file included from ../Core/Src/main.c:29:
../Core/Inc/lcd.h:199:26: note: expected 'uint8_t *' {aka 'unsigned char *'} but argument is of type 'char *'
  199 |   uint8_t size, uint8_t *p); // Display a string
      |                 ~~~~~~~~~^
../Core/Src/main.c:239:40: warning: pointer targets in passing argument 6 of 'LCD_ShowString' differ in signedness [-Wpointer-sign]
  239 |   LCD_ShowString(30, 170, 200, 16, 12, strs);
      |                                        ^~~~
      |                                        |
      |                                        char *
In file included from ../Core/Src/main.c:29:
../Core/Inc/lcd.h:199:26: note: expected 'uint8_t *' {aka 'unsigned char *'} but argument is of type 'char *'
  199 |   uint8_t size, uint8_t *p); // Display a string
      |                 ~~~~~~~~~^
../Core/Src/main.c:240:40: warning: pointer targets in passing argument 6 of 'LCD_ShowString' differ in signedness [-Wpointer-sign]
  240 |   LCD_ShowString(30, 190, 200, 16, 12, "Click any key to send the question.");
      |                                        ^~~~~~~~~~~~~~~~~~~~~~~~~~~~~~~~~~~~~
      |                                        |
      |                                        char *
In file included from ../Core/Src/main.c:29:
../Core/Inc/lcd.h:199:26: note: expected 'uint8_t *' {aka 'unsigned char *'} but argument is of type 'char *'
  199 |   uint8_t size, uint8_t *p); // Display a string
      |                 ~~~~~~~~~^
../Core/Src/main.c:243:57: warning: implicit declaration of function 'strlen' [-Wimplicit-function-declaration]
  243 |   HAL_UART_Transmit(&huart1, "\nEnter Question Mode\n", strlen("\nEnter Question Mode\n"), 0xffff);
      |                                                         ^~~~~~
../Core/Src/stm32f1xx_it.c: In function 'transmit1':
../Core/Src/main.c:243:57: warning: incompatible implicit declaration of built-in function 'strlen'
../Core/Src/main.c:31:1: note: include '<string.h>' or provide a declaration of 'strlen'
arm-none-eabi-gcc "../Core/Src/sysmem.c" -mcpu=cortex-m3 -std=gnu11 -g3 -DDEBUG -DUSE_HAL_DRIVER -DSTM32F103xE -c -I../Core/Inc -I../Drivers/STM32F1xx_HAL_Driver/Inc -I../Drivers/STM32F1xx_HAL_Driver/Inc/Legacy -I../Drivers/CMSIS/Device/ST/STM32F1xx/Include -I../Drivers/CMSIS/Include -O0 -ffunction-sections -fdata-sections -Wall -fstack-usage -MMD -MP -MF"Core/Src/sysmem.d" -MT"Core/Src/sysmem.o" --specs=nano.specs -mfloat-abi=soft -mthumb -o "Core/Src/sysmem.o"
   30 | #include <stdio.h>
  +++ |+#include <string.h>
   31 | /* USER CODE END Includes */
../Core/Src/main.c:243:30: warning: pointer targets in passing argument 2 of 'HAL_UART_Transmit' differ in signedness [-Wpointer-sign]
  243 |   HAL_UART_Transmit(&huart1, "\nEnter Question Mode\n", strlen("\nEnter Question Mode\n"), 0xffff);
      |                              ^~~~~~~~~~~~~~~~~~~~~~~~~
      |                              |
      |                              char *
../Core/Src/stm32f1xx_it.c:335:46: warning: implicit declaration of function 'strlen' [-Wimplicit-function-declaration]
  335 |   HAL_UART_Transmit(&huart1, (uint8_t *)msg, strlen(msg), 0xffff);
      |                                              ^~~~~~
In file included from ../Core/Inc/stm32f1xx_hal_conf.h:337,
                 from ../Drivers/STM32F1xx_HAL_Driver/Inc/stm32f1xx_hal.h:30,
                 from ../Core/Inc/main.h:31,
                 from ../Core/Src/main.c:21:
../Drivers/STM32F1xx_HAL_Driver/Inc/stm32f1xx_hal_uart.h:725:73: note: expected 'uint8_t *' {aka 'unsigned char *'} but argument is of type 'char *'
  725 | HAL_StatusTypeDef HAL_UART_Transmit(UART_HandleTypeDef *huart, uint8_t *pData, uint16_t Size, uint32_t Timeout);
      |                                                                ~~~~~~~~~^~~~~
../Core/Src/main.c: In function 'Answer':
../Core/Src/main.c:257:9: warning: implicit declaration of function 'strchr' [-Wimplicit-function-declaration]
  257 |   ans = strchr(ans, ':') + 1;
      |         ^~~~~~
../Core/Src/main.c:257:9: warning: incompatible implicit declaration of built-in function 'strchr'
../Core/Src/main.c:257:9: note: include '<string.h>' or provide a declaration of 'strchr'
../Core/Src/main.c:257:16: warning: pointer targets in passing argument 1 of 'strchr' differ in signedness [-Wpointer-sign]
  257 |   ans = strchr(ans, ':') + 1;
      |                ^~~
      |                |
      |                uint8_t * {aka unsigned char *}
../Core/Src/stm32f1xx_it.c:335:46: warning: incompatible implicit declaration of built-in function 'strlen'
../Core/Src/stm32f1xx_it.c:27:1: note: include '<string.h>' or provide a declaration of 'strlen'
   26 | #include <stdio.h>
  +++ |+#include <string.h>
   27 | // #include <string.h>
../Core/Src/stm32f1xx_it.c:335:53: warning: pointer targets in passing argument 1 of 'strlen' differ in signedness [-Wpointer-sign]
  335 |   HAL_UART_Transmit(&huart1, (uint8_t *)msg, strlen(msg), 0xffff);
      |                                                     ^~~
      |                                                     |
      |                                                     uint8_t * {aka unsigned char *}
../Core/Src/stm32f1xx_it.c:335:53: note: expected 'const char *' but argument is of type 'uint8_t *' {aka 'unsigned char *'}
../Core/Src/stm32f1xx_it.c: In function 'send_msg_uart1':
../Core/Src/stm32f1xx_it.c:340:46: warning: incompatible implicit declaration of built-in function 'strlen'
  340 |   HAL_UART_Transmit(&huart1, (uint8_t *)msg, strlen(msg), 0xffff);
      |                                              ^~~~~~
../Core/Src/stm32f1xx_it.c:340:46: note: include '<string.h>' or provide a declaration of 'strlen'
../Core/Src/stm32f1xx_it.c:340:53: warning: pointer targets in passing argument 1 of 'strlen' differ in signedness [-Wpointer-sign]
  340 |   HAL_UART_Transmit(&huart1, (uint8_t *)msg, strlen(msg), 0xffff);
      |                                                     ^~~
      |                                                     |
      |                                                     uint8_t * {aka unsigned char *}
../Core/Src/stm32f1xx_it.c:340:53: note: expected 'const char *' but argument is of type 'uint8_t *' {aka 'unsigned char *'}
../Core/Src/stm32f1xx_it.c: In function 'send_cmd':
../Core/Src/stm32f1xx_it.c:349:46: warning: incompatible implicit declaration of built-in function 'strlen'
  349 |   HAL_UART_Transmit(&huart2, (uint8_t *)cmd, strlen(cmd), 0xffff);
      |                                              ^~~~~~
../Core/Src/stm32f1xx_it.c:349:46: note: include '<string.h>' or provide a declaration of 'strlen'
../Core/Src/stm32f1xx_it.c:349:53: warning: pointer targets in passing argument 1 of 'strlen' differ in signedness [-Wpointer-sign]
  349 |   HAL_UART_Transmit(&huart2, (uint8_t *)cmd, strlen(cmd), 0xffff);
      |                                                     ^~~
      |                                                     |
      |                                                     uint8_t * {aka unsigned char *}
../Core/Src/stm32f1xx_it.c:349:53: note: expected 'const char *' but argument is of type 'uint8_t *' {aka 'unsigned char *'}
../Core/Src/stm32f1xx_it.c: In function 'send_cmd_without_delay':
../Core/Src/stm32f1xx_it.c:359:13: warning: pointer targets in passing argument 1 of 'transmit1' differ in signedness [-Wpointer-sign]
  359 |   transmit1(command);
      |             ^~~~~~~
      |             |
      |             char *
../Core/Src/stm32f1xx_it.c:334:25: note: expected 'uint8_t *' {aka 'unsigned char *'} but argument is of type 'char *'
  334 | void transmit1(uint8_t* msg){
      |                ~~~~~~~~~^~~
../Core/Src/stm32f1xx_it.c:360:46: warning: incompatible implicit declaration of built-in function 'strlen'
  360 |   HAL_UART_Transmit(&huart2, (uint8_t *)cmd, strlen(cmd), 0xffff);
      |                                              ^~~~~~
../Core/Src/stm32f1xx_it.c:360:46: note: include '<string.h>' or provide a declaration of 'strlen'
../Core/Src/stm32f1xx_it.c:360:53: warning: pointer targets in passing argument 1 of 'strlen' differ in signedness [-Wpointer-sign]
  360 |   HAL_UART_Transmit(&huart2, (uint8_t *)cmd, strlen(cmd), 0xffff);
      |                                                     ^~~
      |                                                     |
      |                                                     uint8_t * {aka unsigned char *}
../Core/Src/stm32f1xx_it.c:360:53: note: expected 'const char *' but argument is of type 'uint8_t *' {aka 'unsigned char *'}
../Core/Src/stm32f1xx_it.c:361:13: warning: pointer targets in passing argument 1 of 'transmit1' differ in signedness [-Wpointer-sign]
  361 |   transmit1("Start send command END\n");
      |             ^~~~~~~~~~~~~~~~~~~~~~~~~~
      |             |
      |             char *
../Core/Src/stm32f1xx_it.c:334:25: note: expected 'uint8_t *' {aka 'unsigned char *'} but argument is of type 'char *'
  334 | void transmit1(uint8_t* msg){
      |                ~~~~~~~~~^~~
../Core/Src/stm32f1xx_it.c: In function 'send_message_without_delay':
../Core/Src/stm32f1xx_it.c:368:58: warning: incompatible implicit declaration of built-in function 'strlen'
  368 |   sprintf(activate, "AT+CIPSEND=%d,%d\r\n", link_number, strlen(msg));
      |                                                          ^~~~~~
../Core/Src/stm32f1xx_it.c:368:58: note: include '<string.h>' or provide a declaration of 'strlen'
../Core/Src/stm32f1xx_it.c:368:65: warning: pointer targets in passing argument 1 of 'strlen' differ in signedness [-Wpointer-sign]
  368 |   sprintf(activate, "AT+CIPSEND=%d,%d\r\n", link_number, strlen(msg));
      |                                                                 ^~~
      |                                                                 |
      |                                                                 uint8_t * {aka unsigned char *}
../Core/Src/stm32f1xx_it.c:368:65: note: expected 'const char *' but argument is of type 'uint8_t *' {aka 'unsigned char *'}
../Core/Src/stm32f1xx_it.c:368:11: warning: pointer targets in passing argument 1 of 'sprintf' differ in signedness [-Wpointer-sign]
  368 |   sprintf(activate, "AT+CIPSEND=%d,%d\r\n", link_number, strlen(msg));
      |           ^~~~~~~~
      |           |
      |           uint8_t * {aka unsigned char *}
In file included from ../Core/Src/stm32f1xx_it.c:26:
d:\programs\st\stm32cubeide_1.7.0\stm32cubeide\plugins\com.st.stm32cube.ide.mcu.externaltools.gnu-tools-for-stm32.9-2020-q2-update.win32_2.0.0.202105311346\tools\arm-none-eabi\include\stdio.h:244:14: note: expected 'char * restrict' but argument is of type 'uint8_t *' {aka 'unsigned char *'}
  244 | int sprintf (char *__restrict, const char *__restrict, ...)
      |              ^
../Core/Src/main.c:257:16: note: expected 'const char *' but argument is of type 'uint8_t *' {aka 'unsigned char *'}
../Core/Src/main.c:257:7: warning: pointer targets in assignment from 'char *' to 'uint8_t *' {aka 'unsigned char *'} differ in signedness [-Wpointer-sign]
  257 |   ans = strchr(ans, ':') + 1;
      |       ^
../Core/Src/stm32f1xx_it.c: In function 'send_message':
../Core/Src/stm32f1xx_it.c:382:58: warning: incompatible implicit declaration of built-in function 'strlen'
  382 |   sprintf(activate, "AT+CIPSEND=%d,%d\r\n", link_number, strlen(msg));
      |                                                          ^~~~~~
../Core/Src/main.c:259:13: warning: pointer targets in passing argument 1 of 'transmit1' differ in signedness [-Wpointer-sign]
  259 |   transmit1(a);
      |             ^
      |             |
      |             char *
../Core/Src/stm32f1xx_it.c:382:58: note: include '<string.h>' or provide a declaration of 'strlen'
../Core/Src/main.c:74:25: note: expected 'uint8_t *' {aka 'unsigned char *'} but argument is of type 'char *'
   74 | void transmit1(uint8_t *msg);
      |                ~~~~~~~~~^~~
../Core/Src/stm32f1xx_it.c:382:65: warning: pointer targets in passing argument 1 of 'strlen' differ in signedness [-Wpointer-sign]
  382 |   sprintf(activate, "AT+CIPSEND=%d,%d\r\n", link_number, strlen(msg));
      |                                                                 ^~~
      |                                                                 |
      |                                                                 uint8_t * {aka unsigned char *}
../Core/Src/main.c:260:12: warning: pointer targets in passing argument 1 of 'atoi' differ in signedness [-Wpointer-sign]
  260 |   if (atoi(ans) == q->answerIndex)
      |            ^~~
      |            |
      |            uint8_t * {aka unsigned char *}
../Core/Src/stm32f1xx_it.c:382:65: note: expected 'const char *' but argument is of type 'uint8_t *' {aka 'unsigned char *'}
../Core/Src/stm32f1xx_it.c:382:11: warning: pointer targets in passing argument 1 of 'sprintf' differ in signedness [-Wpointer-sign]
  382 |   sprintf(activate, "AT+CIPSEND=%d,%d\r\n", link_number, strlen(msg));
      |           ^~~~~~~~
      |           |
      |           uint8_t * {aka unsigned char *}
In file included from ../Core/Src/stm32f1xx_it.c:26:
d:\programs\st\stm32cubeide_1.7.0\stm32cubeide\plugins\com.st.stm32cube.ide.mcu.externaltools.gnu-tools-for-stm32.9-2020-q2-update.win32_2.0.0.202105311346\tools\arm-none-eabi\include\stdio.h:244:14: note: expected 'char * restrict' but argument is of type 'uint8_t *' {aka 'unsigned char *'}
  244 | int sprintf (char *__restrict, const char *__restrict, ...)
      |              ^
In file included from ../Core/Inc/lcd.h:4,
                 from ../Core/Src/main.c:29:
d:\programs\st\stm32cubeide_1.7.0\stm32cubeide\plugins\com.st.stm32cube.ide.mcu.externaltools.gnu-tools-for-stm32.9-2020-q2-update.win32_2.0.0.202105311346\tools\arm-none-eabi\include\stdlib.h:81:23: note: expected 'const char *' but argument is of type 'uint8_t *' {aka 'unsigned char *'}
arm-none-eabi-gcc "../Core/Src/system_stm32f1xx.c" -mcpu=cortex-m3 -std=gnu11 -g3 -DDEBUG -DUSE_HAL_DRIVER -DSTM32F103xE -c -I../Core/Inc -I../Drivers/STM32F1xx_HAL_Driver/Inc -I../Drivers/STM32F1xx_HAL_Driver/Inc/Legacy -I../Drivers/CMSIS/Device/ST/STM32F1xx/Include -I../Drivers/CMSIS/Include -O0 -ffunction-sections -fdata-sections -Wall -fstack-usage -MMD -MP -MF"Core/Src/system_stm32f1xx.d" -MT"Core/Src/system_stm32f1xx.o" --specs=nano.specs -mfloat-abi=soft -mthumb -o "Core/Src/system_stm32f1xx.o"
   81 | int atoi (const char *__nptr);
arm-none-eabi-gcc "../Core/Src/tim.c" -mcpu=cortex-m3 -std=gnu11 -g3 -DDEBUG -DUSE_HAL_DRIVER -DSTM32F103xE -c -I../Core/Inc -I../Drivers/STM32F1xx_HAL_Driver/Inc -I../Drivers/STM32F1xx_HAL_Driver/Inc/Legacy -I../Drivers/CMSIS/Device/ST/STM32F1xx/Include -I../Drivers/CMSIS/Include -O0 -ffunction-sections -fdata-sections -Wall -fstack-usage -MMD -MP -MF"Core/Src/tim.d" -MT"Core/Src/tim.o" --specs=nano.specs -mfloat-abi=soft -mthumb -o "Core/Src/tim.o"
      |           ~~~~~~~~~~~~^~~~~~
../Core/Src/main.c:262:47: warning: pointer targets in passing argument 1 of 'atoi' differ in signedness [-Wpointer-sign]
  262 |     sprintf(msg, "Check right: %d %d\n", atoi(ans), q->answerIndex);
      |                                               ^~~
      |                                               |
      |                                               uint8_t * {aka unsigned char *}
In file included from ../Core/Inc/lcd.h:4,
                 from ../Core/Src/main.c:29:
d:\programs\st\stm32cubeide_1.7.0\stm32cubeide\plugins\com.st.stm32cube.ide.mcu.externaltools.gnu-tools-for-stm32.9-2020-q2-update.win32_2.0.0.202105311346\tools\arm-none-eabi\include\stdlib.h:81:23: note: expected 'const char *' but argument is of type 'uint8_t *' {aka 'unsigned char *'}
   81 | int atoi (const char *__nptr);
      |           ~~~~~~~~~~~~^~~~~~
../Core/Src/stm32f1xx_it.c: In function 'connect_to_wifi':
../Core/Src/main.c:262:13: warning: pointer targets in passing argument 1 of 'sprintf' differ in signedness [-Wpointer-sign]
  262 |     sprintf(msg, "Check right: %d %d\n", atoi(ans), q->answerIndex);
      |             ^~~
      |             |
      |             unsigned char *
../Core/Src/stm32f1xx_it.c:390:2: warning: implicit declaration of function 'init_var' [-Wimplicit-function-declaration]
  390 |  init_var();
      |  ^~~~~~~~
../Core/Src/stm32f1xx_it.c:392:11: warning: pointer targets in passing argument 1 of 'send_cmd' differ in signedness [-Wpointer-sign]
  392 |  send_cmd("AT+RST\r\n", 5000);
      |           ^~~~~~~~~~~~
      |           |
      |           char *
In file included from ../Core/Src/main.c:30:
d:\programs\st\stm32cubeide_1.7.0\stm32cubeide\plugins\com.st.stm32cube.ide.mcu.externaltools.gnu-tools-for-stm32.9-2020-q2-update.win32_2.0.0.202105311346\tools\arm-none-eabi\include\stdio.h:244:14: note: expected 'char * restrict' but argument is of type 'unsigned char *'
  244 | int sprintf (char *__restrict, const char *__restrict, ...)
      |              ^
../Core/Src/stm32f1xx_it.c:344:24: note: expected 'uint8_t *' {aka 'unsigned char *'} but argument is of type 'char *'
  344 | void send_cmd(uint8_t *cmd, int delay_time)
      |               ~~~~~~~~~^~~
../Core/Src/main.c:264:37: warning: incompatible implicit declaration of built-in function 'strlen'
  264 |     HAL_UART_Transmit(&huart1, msg, strlen(msg), HAL_MAX_DELAY);
      |                                     ^~~~~~
../Core/Src/main.c:264:37: note: include '<string.h>' or provide a declaration of 'strlen'
../Core/Src/main.c:264:44: warning: pointer targets in passing argument 1 of 'strlen' differ in signedness [-Wpointer-sign]
  264 |     HAL_UART_Transmit(&huart1, msg, strlen(msg), HAL_MAX_DELAY);
      |                                            ^~~
      |                                            |
      |                                            unsigned char *
../Core/Src/main.c:264:44: note: expected 'const char *' but argument is of type 'unsigned char *'
../Core/Src/main.c:274:47: warning: pointer targets in passing argument 1 of 'atoi' differ in signedness [-Wpointer-sign]
  274 |     sprintf(msg, "Check wrong: %d %d\n", atoi(ans), q->answerIndex);
      |                                               ^~~
      |                                               |
      |                                               uint8_t * {aka unsigned char *}
../Core/Src/stm32f1xx_it.c:393:11: warning: pointer targets in passing argument 1 of 'send_cmd' differ in signedness [-Wpointer-sign]
  393 |  send_cmd("AT+CWMODE=1\r\n", 2000);
      |           ^~~~~~~~~~~~~~~~~
      |           |
      |           char *
../Core/Src/stm32f1xx_it.c:344:24: note: expected 'uint8_t *' {aka 'unsigned char *'} but argument is of type 'char *'
  344 | void send_cmd(uint8_t *cmd, int delay_time)
      |               ~~~~~~~~~^~~
In file included from ../Core/Inc/lcd.h:4,
                 from ../Core/Src/main.c:29:
d:\programs\st\stm32cubeide_1.7.0\stm32cubeide\plugins\com.st.stm32cube.ide.mcu.externaltools.gnu-tools-for-stm32.9-2020-q2-update.win32_2.0.0.202105311346\tools\arm-none-eabi\include\stdlib.h:81:23: note: expected 'const char *' but argument is of type 'uint8_t *' {aka 'unsigned char *'}
   81 | int atoi (const char *__nptr);
      |           ~~~~~~~~~~~~^~~~~~
../Core/Src/main.c:274:13: warning: pointer targets in passing argument 1 of 'sprintf' differ in signedness [-Wpointer-sign]
  274 |     sprintf(msg, "Check wrong: %d %d\n", atoi(ans), q->answerIndex);
      |             ^~~
      |             |
      |             unsigned char *
In file included from ../Core/Src/main.c:30:
d:\programs\st\stm32cubeide_1.7.0\stm32cubeide\plugins\com.st.stm32cube.ide.mcu.externaltools.gnu-tools-for-stm32.9-2020-q2-update.win32_2.0.0.202105311346\tools\arm-none-eabi\include\stdio.h:244:14: note: expected 'char * restrict' but argument is of type 'unsigned char *'
  244 | int sprintf (char *__restrict, const char *__restrict, ...)
      |              ^
../Core/Src/main.c:276:37: warning: incompatible implicit declaration of built-in function 'strlen'
  276 |     HAL_UART_Transmit(&huart1, msg, strlen(msg), HAL_MAX_DELAY);
      |                                     ^~~~~~
../Core/Src/main.c:276:37: note: include '<string.h>' or provide a declaration of 'strlen'
../Core/Src/main.c:276:44: warning: pointer targets in passing argument 1 of 'strlen' differ in signedness [-Wpointer-sign]
  276 |     HAL_UART_Transmit(&huart1, msg, strlen(msg), HAL_MAX_DELAY);
      |                                            ^~~
      |                                            |
      |                                            unsigned char *
../Core/Src/stm32f1xx_it.c:394:11: warning: pointer targets in passing argument 1 of 'send_cmd' differ in signedness [-Wpointer-sign]
  394 |  send_cmd("AT+RST\r\n", 5000);
      |           ^~~~~~~~~~~~
      |           |
      |           char *
../Core/Src/main.c:276:44: note: expected 'const char *' but argument is of type 'unsigned char *'
../Core/Src/stm32f1xx_it.c:344:24: note: expected 'uint8_t *' {aka 'unsigned char *'} but argument is of type 'char *'
  344 | void send_cmd(uint8_t *cmd, int delay_time)
      |               ~~~~~~~~~^~~
../Core/Src/stm32f1xx_it.c:395:11: warning: pointer targets in passing argument 1 of 'send_cmd' differ in signedness [-Wpointer-sign]
  395 |  send_cmd("AT+CWJAP=\"SUSTC-WIFI-FAKE\",\"987654321\"\r\n", 10000);
      |           ^~~~~~~~~~~~~~~~~~~~~~~~~~~~~~~~~~~~~~~~~~~~~~~~
      |           |
      |           char *
../Core/Src/main.c:279:41: warning: pointer targets in passing argument 6 of 'LCD_ShowString' differ in signedness [-Wpointer-sign]
  279 |     LCD_ShowString(30, 70, 200, 16, 12, "Check wrong!");
      |                                         ^~~~~~~~~~~~~~
      |                                         |
      |                                         char *
../Core/Src/stm32f1xx_it.c:344:24: note: expected 'uint8_t *' {aka 'unsigned char *'} but argument is of type 'char *'
  344 | void send_cmd(uint8_t *cmd, int delay_time)
      |               ~~~~~~~~~^~~
In file included from ../Core/Src/main.c:29:
../Core/Inc/lcd.h:199:26: note: expected 'uint8_t *' {aka 'unsigned char *'} but argument is of type 'char *'
  199 |   uint8_t size, uint8_t *p); // Display a string
      |                 ~~~~~~~~~^
../Core/Src/main.c: In function 'Judge':
../Core/Src/main.c:291:47: warning: incompatible implicit declaration of built-in function 'strlen'
  291 |   HAL_UART_Transmit(&huart1, "Enter Judge\n", strlen("Enter Judge\n"), HAL_MAX_DELAY);
      |                                               ^~~~~~
../Core/Src/main.c:291:47: note: include '<string.h>' or provide a declaration of 'strlen'
../Core/Src/main.c:291:30: warning: pointer targets in passing argument 2 of 'HAL_UART_Transmit' differ in signedness [-Wpointer-sign]
  291 |   HAL_UART_Transmit(&huart1, "Enter Judge\n", strlen("Enter Judge\n"), HAL_MAX_DELAY);
      |                              ^~~~~~~~~~~~~~~
      |                              |
      |                              char *
In file included from ../Core/Inc/stm32f1xx_hal_conf.h:337,
                 from ../Drivers/STM32F1xx_HAL_Driver/Inc/stm32f1xx_hal.h:30,
                 from ../Core/Inc/main.h:31,
                 from ../Core/Src/main.c:21:
../Drivers/STM32F1xx_HAL_Driver/Inc/stm32f1xx_hal_uart.h:725:73: note: expected 'uint8_t *' {aka 'unsigned char *'} but argument is of type 'char *'
  725 | HAL_StatusTypeDef HAL_UART_Transmit(UART_HandleTypeDef *huart, uint8_t *pData, uint16_t Size, uint32_t Timeout);
      |                                                                ~~~~~~~~~^~~~~
../Core/Src/stm32f1xx_it.c:396:11: warning: pointer targets in passing argument 1 of 'send_cmd' differ in signedness [-Wpointer-sign]
  396 |  send_cmd("AT+CIPMUX=1\r\n", 5000);
      |           ^~~~~~~~~~~~~~~~~
      |           |
      |           char *
../Core/Src/stm32f1xx_it.c:344:24: note: expected 'uint8_t *' {aka 'unsigned char *'} but argument is of type 'char *'
  344 | void send_cmd(uint8_t *cmd, int delay_time)
      |               ~~~~~~~~~^~~
../Core/Src/stm32f1xx_it.c:397:11: warning: pointer targets in passing argument 1 of 'send_cmd' differ in signedness [-Wpointer-sign]
  397 |  send_cmd("AT+CIPSERVER=1\r\n", 5000);
      |           ^~~~~~~~~~~~~~~~~~~~
      |           |
      |           char *
../Core/Src/stm32f1xx_it.c:344:24: note: expected 'uint8_t *' {aka 'unsigned char *'} but argument is of type 'char *'
  344 | void send_cmd(uint8_t *cmd, int delay_time)
      |               ~~~~~~~~~^~~
../Core/Src/main.c:295:40: warning: pointer targets in passing argument 6 of 'LCD_ShowString' differ in signedness [-Wpointer-sign]
  295 |   LCD_ShowString(30, 200, 200, 16, 12, "Click 1 to send feedback.");
      |                                        ^~~~~~~~~~~~~~~~~~~~~~~~~~~
      |                                        |
      |                                        char *
In file included from ../Core/Src/main.c:29:
../Core/Inc/lcd.h:199:26: note: expected 'uint8_t *' {aka 'unsigned char *'} but argument is of type 'char *'
  199 |   uint8_t size, uint8_t *p); // Display a string
      |                 ~~~~~~~~~^
../Core/Src/main.c:298:39: warning: pointer targets in passing argument 6 of 'LCD_ShowString' differ in signedness [-Wpointer-sign]
  298 |   LCD_ShowString(30, 70, 200, 16, 12, strs);
      |                                       ^~~~
      |                                       |
      |                                       char *
../Core/Src/stm32f1xx_it.c: At top level:
../Core/Src/stm32f1xx_it.c:400:6: warning: conflicting types for 'init_var'
  400 | void init_var()
      |      ^~~~~~~~
In file included from ../Core/Src/main.c:29:
../Core/Inc/lcd.h:199:26: note: expected 'uint8_t *' {aka 'unsigned char *'} but argument is of type 'char *'
  199 |   uint8_t size, uint8_t *p); // Display a string
      |                 ~~~~~~~~~^
../Core/Src/stm32f1xx_it.c:390:2: note: previous implicit declaration of 'init_var' was here
  390 |  init_var();
      |  ^~~~~~~~
../Core/Src/main.c: In function 'SendFeedBack':
../Core/Src/main.c:315:13: warning: pointer targets in passing argument 1 of 'transmit1' differ in signedness [-Wpointer-sign]
  315 |   transmit1("\nStart to Send Feedback\n");
arm-none-eabi-gcc "../Core/Src/usart.c" -mcpu=cortex-m3 -std=gnu11 -g3 -DDEBUG -DUSE_HAL_DRIVER -DSTM32F103xE -c -I../Core/Inc -I../Drivers/STM32F1xx_HAL_Driver/Inc -I../Drivers/STM32F1xx_HAL_Driver/Inc/Legacy -I../Drivers/CMSIS/Device/ST/STM32F1xx/Include -I../Drivers/CMSIS/Include -O0 -ffunction-sections -fdata-sections -Wall -fstack-usage -MMD -MP -MF"Core/Src/usart.d" -MT"Core/Src/usart.o" --specs=nano.specs -mfloat-abi=soft -mthumb -o "Core/Src/usart.o"
      |             ^~~~~~~~~~~~~~~~~~~~~~~~~~~~
      |             |
      |             char *
../Core/Src/main.c:74:25: note: expected 'uint8_t *' {aka 'unsigned char *'} but argument is of type 'char *'
   74 | void transmit1(uint8_t *msg);
      |                ~~~~~~~~~^~~
../Core/Src/stm32f1xx_it.c: In function 'init_server':
../Core/Src/main.c:317:40: warning: pointer targets in passing argument 6 of 'LCD_ShowString' differ in signedness [-Wpointer-sign]
  317 |   LCD_ShowString(30, 200, 200, 16, 12, "Click 1 to play and 0 to reset.");
      |                                        ^~~~~~~~~~~~~~~~~~~~~~~~~~~~~~~~~
      |                                        |
      |                                        char *
In file included from ../Core/Src/main.c:29:
../Core/Inc/lcd.h:199:26: note: expected 'uint8_t *' {aka 'unsigned char *'} but argument is of type 'char *'
  199 |   uint8_t size, uint8_t *p); // Display a string
      |                 ~~~~~~~~~^
../Core/Src/main.c:320:30: warning: pointer targets in passing argument 1 of 'send_message_without_delay' differ in signedness [-Wpointer-sign]
  320 |   send_message_without_delay(strs);
      |                              ^~~~
      |                              |
      |                              char *
../Core/Src/main.c:75:42: note: expected 'uint8_t *' {aka 'unsigned char *'} but argument is of type 'char *'
   75 | void send_message_without_delay(uint8_t *msg);
      |                                 ~~~~~~~~~^~~
../Core/Src/stm32f1xx_it.c:416:12: warning: pointer targets in passing argument 1 of 'send_cmd' differ in signedness [-Wpointer-sign]
  416 |   send_cmd("AT+CWMODE=3\r\n", 2000);
      |            ^~~~~~~~~~~~~~~~~
      |            |
      |            char *
../Core/Src/stm32f1xx_it.c:344:24: note: expected 'uint8_t *' {aka 'unsigned char *'} but argument is of type 'char *'
  344 | void send_cmd(uint8_t *cmd, int delay_time)
      |               ~~~~~~~~~^~~
../Core/Src/stm32f1xx_it.c:417:12: warning: pointer targets in passing argument 1 of 'send_cmd' differ in signedness [-Wpointer-sign]
  417 |   send_cmd("AT+RST\r\n", 5000);
      |            ^~~~~~~~~~~~
      |            |
      |            char *
../Core/Src/stm32f1xx_it.c:344:24: note: expected 'uint8_t *' {aka 'unsigned char *'} but argument is of type 'char *'
  344 | void send_cmd(uint8_t *cmd, int delay_time)
      |               ~~~~~~~~~^~~
../Core/Src/main.c: In function 'HAL_GPIO_EXTI_Callback':
../Core/Src/main.c:381:22: warning: pointer targets in passing argument 1 of 'send_message' differ in signedness [-Wpointer-sign]
  381 |         send_message(messages_send);
      |                      ^~~~~~~~~~~~~
      |                      |
      |                      char *
../Core/Src/main.c:72:28: note: expected 'uint8_t *' {aka 'unsigned char *'} but argument is of type 'char *'
   72 | void send_message(uint8_t *msg);
      |                   ~~~~~~~~~^~~
../Core/Src/stm32f1xx_it.c:418:12: warning: pointer targets in passing argument 1 of 'send_cmd' differ in signedness [-Wpointer-sign]
  418 |   send_cmd("AT+CWSAP=\"SUSTC-WIFI-FAKE\",\"987654321\",1,0,4,0\r\n", 2000);
      |            ^~~~~~~~~~~~~~~~~~~~~~~~~~~~~~~~~~~~~~~~~~~~~~~~~~~~~~~~
      |            |
      |            char *
../Core/Src/stm32f1xx_it.c:344:24: note: expected 'uint8_t *' {aka 'unsigned char *'} but argument is of type 'char *'
  344 | void send_cmd(uint8_t *cmd, int delay_time)
      |               ~~~~~~~~~^~~
../Core/Src/main.c:382:19: warning: pointer targets in passing argument 1 of 'transmit1' differ in signedness [-Wpointer-sign]
  382 |         transmit1(messages_send);
      |                   ^~~~~~~~~~~~~
      |                   |
      |                   char *
../Core/Src/stm32f1xx_it.c:421:12: warning: pointer targets in passing argument 1 of 'send_cmd' differ in signedness [-Wpointer-sign]
  421 |   send_cmd("AT+CIPMUX=1\r\n", 2000);
      |            ^~~~~~~~~~~~~~~~~
      |            |
      |            char *
../Core/Src/main.c:74:25: note: expected 'uint8_t *' {aka 'unsigned char *'} but argument is of type 'char *'
   74 | void transmit1(uint8_t *msg);
      |                ~~~~~~~~~^~~
../Core/Src/stm32f1xx_it.c:344:24: note: expected 'uint8_t *' {aka 'unsigned char *'} but argument is of type 'char *'
  344 | void send_cmd(uint8_t *cmd, int delay_time)
      |               ~~~~~~~~~^~~
../Core/Src/main.c:386:45: warning: pointer targets in passing argument 6 of 'LCD_ShowString' differ in signedness [-Wpointer-sign]
  386 |         LCD_ShowString(30, 40, 200, 24, 16, "Question   Time:");
      |                                             ^~~~~~~~~~~~~~~~~~
      |                                             |
      |                                             char *
../Core/Src/stm32f1xx_it.c:422:12: warning: pointer targets in passing argument 1 of 'send_cmd' differ in signedness [-Wpointer-sign]
  422 |   send_cmd("AT+CIPSERVER=1,8089\r\n", 2000);
      |            ^~~~~~~~~~~~~~~~~~~~~~~~~
      |            |
      |            char *
../Core/Src/stm32f1xx_it.c:344:24: note: expected 'uint8_t *' {aka 'unsigned char *'} but argument is of type 'char *'
  344 | void send_cmd(uint8_t *cmd, int delay_time)
      |               ~~~~~~~~~^~~
In file included from ../Core/Src/main.c:29:
../Core/Inc/lcd.h:199:26: note: expected 'uint8_t *' {aka 'unsigned char *'} but argument is of type 'char *'
  199 |   uint8_t size, uint8_t *p); // Display a string
      |                 ~~~~~~~~~^
../Core/Src/main.c: In function 'HAL_TIM_PeriodElapsedCallback':
../Core/Src/stm32f1xx_it.c: In function 'HAL_UART_RxCpltCallback':
../Core/Src/stm32f1xx_it.c:456:15: warning: implicit declaration of function 'strcmp' [-Wimplicit-function-declaration]
  456 |    } else if (strcmp(uart1_rx_buffer, "server\r\n") == 0) {
      |               ^~~~~~
../Core/Src/main.c:419:41: warning: pointer targets in passing argument 6 of 'LCD_ShowString' differ in signedness [-Wpointer-sign]
  419 |     LCD_ShowString(30, 40, 200, 24, 16, strs);
      |                                         ^~~~
      |                                         |
      |                                         char *
../Core/Src/stm32f1xx_it.c:456:22: warning: pointer targets in passing argument 1 of 'strcmp' differ in signedness [-Wpointer-sign]
  456 |    } else if (strcmp(uart1_rx_buffer, "server\r\n") == 0) {
      |                      ^~~~~~~~~~~~~~~
      |                      |
      |                      uint8_t * {aka unsigned char *}
../Core/Src/stm32f1xx_it.c:456:22: note: expected 'const char *' but argument is of type 'uint8_t *' {aka 'unsigned char *'}
../Core/Src/stm32f1xx_it.c:459:14: warning: pointer targets in passing argument 1 of 'send_cmd' differ in signedness [-Wpointer-sign]
  459 |     send_cmd("AT+CWMODE=3\r\n", 1000);
      |              ^~~~~~~~~~~~~~~~~
      |              |
      |              char *
../Core/Src/stm32f1xx_it.c:344:24: note: expected 'uint8_t *' {aka 'unsigned char *'} but argument is of type 'char *'
  344 | void send_cmd(uint8_t *cmd, int delay_time)
      |               ~~~~~~~~~^~~
../Core/Src/stm32f1xx_it.c:460:22: warning: pointer targets in passing argument 1 of 'strcmp' differ in signedness [-Wpointer-sign]
  460 |    } else if (strcmp(uart1_rx_buffer, "client\r\n") == 0) {
      |                      ^~~~~~~~~~~~~~~
      |                      |
      |                      uint8_t * {aka unsigned char *}
../Core/Src/stm32f1xx_it.c:460:22: note: expected 'const char *' but argument is of type 'uint8_t *' {aka 'unsigned char *'}
../Core/Src/stm32f1xx_it.c:463:14: warning: pointer targets in passing argument 1 of 'send_cmd' differ in signedness [-Wpointer-sign]
  463 |     send_cmd("AT+CWJAP?\r\n", 1000);
      |              ^~~~~~~~~~~~~~~
      |              |
      |              char *
In file included from ../Core/Src/main.c:29:
../Core/Inc/lcd.h:199:26: note: expected 'uint8_t *' {aka 'unsigned char *'} but argument is of type 'char *'
  199 |   uint8_t size, uint8_t *p); // Display a string
      |                 ~~~~~~~~~^
../Core/Src/stm32f1xx_it.c:344:24: note: expected 'uint8_t *' {aka 'unsigned char *'} but argument is of type 'char *'
  344 | void send_cmd(uint8_t *cmd, int delay_time)
      |               ~~~~~~~~~^~~
../Core/Src/main.c:420:51: warning: incompatible implicit declaration of built-in function 'strlen'
  420 |     HAL_UART_Transmit(&huart1, (uint8_t *)time_l, strlen(time_l), HAL_MAX_DELAY);
      |                                                   ^~~~~~
../Core/Src/main.c:420:51: note: include '<string.h>' or provide a declaration of 'strlen'
../Core/Src/stm32f1xx_it.c:464:14: warning: pointer targets in passing argument 1 of 'send_cmd' differ in signedness [-Wpointer-sign]
  464 |     send_cmd("AT+CIFSR\r\n", 1000);
      |              ^~~~~~~~~~~~~~
      |              |
      |              char *
../Core/Src/stm32f1xx_it.c:344:24: note: expected 'uint8_t *' {aka 'unsigned char *'} but argument is of type 'char *'
  344 | void send_cmd(uint8_t *cmd, int delay_time)
      |               ~~~~~~~~~^~~
../Core/Src/main.c:423:34: warning: pointer targets in passing argument 2 of 'HAL_UART_Transmit' differ in signedness [-Wpointer-sign]
  423 |       HAL_UART_Transmit(&huart1, "timer\n", strlen("timer\n"), HAL_MAX_DELAY);
      |                                  ^~~~~~~~~
      |                                  |
      |                                  char *
../Core/Src/stm32f1xx_it.c:465:22: warning: pointer targets in passing argument 1 of 'strcmp' differ in signedness [-Wpointer-sign]
  465 |    } else if (strcmp(uart1_rx_buffer, "start\r\n") == 0
      |                      ^~~~~~~~~~~~~~~
      |                      |
      |                      uint8_t * {aka unsigned char *}
../Core/Src/stm32f1xx_it.c:465:22: note: expected 'const char *' but argument is of type 'uint8_t *' {aka 'unsigned char *'}
In file included from ../Core/Inc/stm32f1xx_hal_conf.h:337,
                 from ../Drivers/STM32F1xx_HAL_Driver/Inc/stm32f1xx_hal.h:30,
                 from ../Core/Inc/main.h:31,
                 from ../Core/Src/main.c:21:
../Drivers/STM32F1xx_HAL_Driver/Inc/stm32f1xx_hal_uart.h:725:73: note: expected 'uint8_t *' {aka 'unsigned char *'} but argument is of type 'char *'
  725 | HAL_StatusTypeDef HAL_UART_Transmit(UART_HandleTypeDef *huart, uint8_t *pData, uint16_t Size, uint32_t Timeout);
      |                                                                ~~~~~~~~~^~~~~
../Core/Src/stm32f1xx_it.c:469:22: warning: pointer targets in passing argument 1 of 'strcmp' differ in signedness [-Wpointer-sign]
  469 |    } else if (strcmp(uart1_rx_buffer, "connect to wifi\r\n") == 0
      |                      ^~~~~~~~~~~~~~~
      |                      |
      |                      uint8_t * {aka unsigned char *}
../Core/Src/stm32f1xx_it.c:469:22: note: expected 'const char *' but argument is of type 'uint8_t *' {aka 'unsigned char *'}
../Core/Src/stm32f1xx_it.c:473:22: warning: pointer targets in passing argument 1 of 'strcmp' differ in signedness [-Wpointer-sign]
  473 |    } else if (strcmp(uart1_rx_buffer, "connect to server\r\n") == 0
      |                      ^~~~~~~~~~~~~~~
      |                      |
      |                      uint8_t * {aka unsigned char *}
../Core/Src/stm32f1xx_it.c:473:22: note: expected 'const char *' but argument is of type 'uint8_t *' {aka 'unsigned char *'}
../Core/Src/stm32f1xx_it.c:476:22: warning: pointer targets in passing argument 1 of 'strcmp' differ in signedness [-Wpointer-sign]
  476 |    } else if (strcmp(uart1_rx_buffer, "close connection\r\n") == 0) {
      |                      ^~~~~~~~~~~~~~~
      |                      |
      |                      uint8_t * {aka unsigned char *}
../Core/Src/stm32f1xx_it.c:476:22: note: expected 'const char *' but argument is of type 'uint8_t *' {aka 'unsigned char *'}
../Core/Src/stm32f1xx_it.c:479:15: warning: implicit declaration of function 'strncmp' [-Wimplicit-function-declaration]
  479 |    } else if (strncmp(uart1_rx_buffer, "quit wifi\r\n") == 0
      |               ^~~~~~~
../Core/Src/stm32f1xx_it.c:479:23: warning: pointer targets in passing argument 1 of 'strncmp' differ in signedness [-Wpointer-sign]
  479 |    } else if (strncmp(uart1_rx_buffer, "quit wifi\r\n") == 0
      |                       ^~~~~~~~~~~~~~~
      |                       |
      |                       uint8_t * {aka unsigned char *}
../Core/Src/main.c:418:41: warning: ' s  ' directive writing 4 bytes into a region of size between 0 and 3 [-Wformat-overflow=]
  418 |     sprintf(strs, "Question   Time:%d s  ", time_left);
      |                                      ~~~^
../Core/Src/stm32f1xx_it.c:479:23: note: expected 'const char *' but argument is of type 'uint8_t *' {aka 'unsigned char *'}
../Core/Src/main.c:418:5: note: 'sprintf' output between 22 and 32 bytes into a destination of size 20
  418 |     sprintf(strs, "Question   Time:%d s  ", time_left);
      |     ^~~~~~~~~~~~~~~~~~~~~~~~~~~~~~~~~~~~~~~~~~~~~~~~~~
../Core/Src/stm32f1xx_it.c:479:15: warning: too few arguments to built-in function 'strncmp' expecting 3 [-Wbuiltin-declaration-mismatch]
  479 |    } else if (strncmp(uart1_rx_buffer, "quit wifi\r\n") == 0
      |               ^~~~~~~
../Core/Src/stm32f1xx_it.c:481:14: warning: pointer targets in passing argument 1 of 'send_cmd' differ in signedness [-Wpointer-sign]
  481 |     send_cmd("AT+CWQAP\r\n", 1000);
      |              ^~~~~~~~~~~~~~
      |              |
      |              char *
../Core/Src/stm32f1xx_it.c:344:24: note: expected 'uint8_t *' {aka 'unsigned char *'} but argument is of type 'char *'
  344 | void send_cmd(uint8_t *cmd, int delay_time)
      |               ~~~~~~~~~^~~
../Core/Src/stm32f1xx_it.c:483:23: warning: pointer targets in passing argument 1 of 'strncmp' differ in signedness [-Wpointer-sign]
  483 |    } else if (strncmp(uart1_rx_buffer, "ip status\r\n") == 0) {
      |                       ^~~~~~~~~~~~~~~
      |                       |
      |                       uint8_t * {aka unsigned char *}
../Core/Src/stm32f1xx_it.c:483:23: note: expected 'const char *' but argument is of type 'uint8_t *' {aka 'unsigned char *'}
../Core/Src/stm32f1xx_it.c:483:15: warning: too few arguments to built-in function 'strncmp' expecting 3 [-Wbuiltin-declaration-mismatch]
  483 |    } else if (strncmp(uart1_rx_buffer, "ip status\r\n") == 0) {
      |               ^~~~~~~
../Core/Src/stm32f1xx_it.c:484:14: warning: pointer targets in passing argument 1 of 'send_cmd' differ in signedness [-Wpointer-sign]
  484 |     send_cmd("AT+CIPSTATUS\r\n", 1000);
      |              ^~~~~~~~~~~~~~~~~~
      |              |
      |              char *
../Core/Src/stm32f1xx_it.c:344:24: note: expected 'uint8_t *' {aka 'unsigned char *'} but argument is of type 'char *'
  344 | void send_cmd(uint8_t *cmd, int delay_time)
      |               ~~~~~~~~~^~~
../Core/Src/stm32f1xx_it.c:485:14: warning: pointer targets in passing argument 1 of 'send_cmd' differ in signedness [-Wpointer-sign]
  485 |     send_cmd("AT+CIFSR\r\n", 1000);
      |              ^~~~~~~~~~~~~~
      |              |
      |              char *
../Core/Src/stm32f1xx_it.c:344:24: note: expected 'uint8_t *' {aka 'unsigned char *'} but argument is of type 'char *'
  344 | void send_cmd(uint8_t *cmd, int delay_time)
      |               ~~~~~~~~~^~~
../Core/Src/stm32f1xx_it.c:486:23: warning: pointer targets in passing argument 1 of 'strncmp' differ in signedness [-Wpointer-sign]
  486 |    } else if (strncmp(uart1_rx_buffer, "wifi status\r\n") == 0) {
      |                       ^~~~~~~~~~~~~~~
      |                       |
      |                       uint8_t * {aka unsigned char *}
../Core/Src/stm32f1xx_it.c:486:23: note: expected 'const char *' but argument is of type 'uint8_t *' {aka 'unsigned char *'}
../Core/Src/stm32f1xx_it.c:486:15: warning: too few arguments to built-in function 'strncmp' expecting 3 [-Wbuiltin-declaration-mismatch]
  486 |    } else if (strncmp(uart1_rx_buffer, "wifi status\r\n") == 0) {
      |               ^~~~~~~
../Core/Src/stm32f1xx_it.c:488:14: warning: pointer targets in passing argument 1 of 'send_cmd' differ in signedness [-Wpointer-sign]
  488 |     send_cmd("AT+CWLIF\r\n", 1000);
      |              ^~~~~~~~~~~~~~
      |              |
      |              char *
../Core/Src/stm32f1xx_it.c:344:24: note: expected 'uint8_t *' {aka 'unsigned char *'} but argument is of type 'char *'
  344 | void send_cmd(uint8_t *cmd, int delay_time)
      |               ~~~~~~~~~^~~
../Core/Src/stm32f1xx_it.c:489:14: warning: pointer targets in passing argument 1 of 'send_cmd' differ in signedness [-Wpointer-sign]
  489 |     send_cmd("AT+CIPSTATUS\r\n", 1000);
      |              ^~~~~~~~~~~~~~~~~~
      |              |
      |              char *
../Core/Src/stm32f1xx_it.c:344:24: note: expected 'uint8_t *' {aka 'unsigned char *'} but argument is of type 'char *'
  344 | void send_cmd(uint8_t *cmd, int delay_time)
      |               ~~~~~~~~~^~~
../Core/Src/stm32f1xx_it.c:496:4: warning: implicit declaration of function 'memset' [-Wimplicit-function-declaration]
  496 |    memset(uart1_rx_buffer, 0, data_length);
      |    ^~~~~~
../Core/Src/stm32f1xx_it.c:496:4: warning: incompatible implicit declaration of built-in function 'memset'
../Core/Src/stm32f1xx_it.c:496:4: note: include '<string.h>' or provide a declaration of 'memset'
../Core/Src/stm32f1xx_it.c:534:16: warning: pointer targets in passing argument 1 of 'strncmp' differ in signedness [-Wpointer-sign]
  534 |    if (strncmp(uart2_rx_buffer, "WIFI CONNECTED\r\n", 16) == 0
      |                ^~~~~~~~~~~~~~~
      |                |
      |                uint8_t * {aka unsigned char *}
../Core/Src/stm32f1xx_it.c:534:16: note: expected 'const char *' but argument is of type 'uint8_t *' {aka 'unsigned char *'}
../Core/Src/stm32f1xx_it.c:534:55: warning: 'strncmp' argument 3 type is 'int' where 'unsigned int' is expected in a call to built-in function declared without prototype [-Wbuiltin-declaration-mismatch]
  534 |    if (strncmp(uart2_rx_buffer, "WIFI CONNECTED\r\n", 16) == 0
      |                                                       ^~
<built-in>: note: built-in 'strncmp' declared here
../Core/Src/stm32f1xx_it.c:540:23: warning: pointer targets in passing argument 1 of 'strncmp' differ in signedness [-Wpointer-sign]
  540 |    } else if (strncmp(uart2_rx_buffer, "WIFI GOT IP\r\n", 13) == 0) { // client 端会收到这个消息, 这里变成连接状�??
      |                       ^~~~~~~~~~~~~~~
      |                       |
      |                       uint8_t * {aka unsigned char *}
../Core/Src/stm32f1xx_it.c:540:23: note: expected 'const char *' but argument is of type 'uint8_t *' {aka 'unsigned char *'}
../Core/Src/stm32f1xx_it.c:540:59: warning: 'strncmp' argument 3 type is 'int' where 'unsigned int' is expected in a call to built-in function declared without prototype [-Wbuiltin-declaration-mismatch]
  540 |    } else if (strncmp(uart2_rx_buffer, "WIFI GOT IP\r\n", 13) == 0) { // client 端会收到这个消息, 这里变成连接状�??
      |                                                           ^~
<built-in>: note: built-in 'strncmp' declared here
../Core/Src/stm32f1xx_it.c:546:17: warning: pointer targets in passing argument 1 of 'strncmp' differ in signedness [-Wpointer-sign]
  546 |      && strncmp(uart2_rx_buffer, (uint8_t*) "+", 1) == 0) {
      |                 ^~~~~~~~~~~~~~~
      |                 |
      |                 uint8_t * {aka unsigned char *}
../Core/Src/stm32f1xx_it.c:546:17: note: expected 'const char *' but argument is of type 'uint8_t *' {aka 'unsigned char *'}
../Core/Src/stm32f1xx_it.c:546:34: warning: pointer targets in passing argument 2 of 'strncmp' differ in signedness [-Wpointer-sign]
  546 |      && strncmp(uart2_rx_buffer, (uint8_t*) "+", 1) == 0) {
      |                                  ^~~~~~~~~~~~~~
      |                                  |
      |                                  uint8_t * {aka unsigned char *}
../Core/Src/stm32f1xx_it.c:546:34: note: expected 'const char *' but argument is of type 'uint8_t *' {aka 'unsigned char *'}
../Core/Src/stm32f1xx_it.c:546:50: warning: 'strncmp' argument 3 type is 'int' where 'unsigned int' is expected in a call to built-in function declared without prototype [-Wbuiltin-declaration-mismatch]
  546 |      && strncmp(uart2_rx_buffer, (uint8_t*) "+", 1) == 0) {
      |                                                  ^
<built-in>: note: built-in 'strncmp' declared here
../Core/Src/stm32f1xx_it.c:547:9: warning: implicit declaration of function 'strstr' [-Wimplicit-function-declaration]
  547 |     if (strstr(uart2_rx_buffer, "+timeout") != NULL) {
      |         ^~~~~~
../Core/Src/stm32f1xx_it.c:547:9: warning: incompatible implicit declaration of built-in function 'strstr'
../Core/Src/stm32f1xx_it.c:547:9: note: include '<string.h>' or provide a declaration of 'strstr'
../Core/Src/stm32f1xx_it.c:547:16: warning: pointer targets in passing argument 1 of 'strstr' differ in signedness [-Wpointer-sign]
  547 |     if (strstr(uart2_rx_buffer, "+timeout") != NULL) {
      |                ^~~~~~~~~~~~~~~
      |                |
      |                uint8_t * {aka unsigned char *}
../Core/Src/stm32f1xx_it.c:547:16: note: expected 'const char *' but argument is of type 'uint8_t *' {aka 'unsigned char *'}
../Core/Src/stm32f1xx_it.c:564:16: warning: pointer targets in passing argument 1 of 'strcmp' differ in signedness [-Wpointer-sign]
  564 |     if (strcmp(uart2_rx_buffer, "WIFI DISCONNECT\r\n", 16) == 0) { //client 端会收到这个消息
      |                ^~~~~~~~~~~~~~~
      |                |
      |                uint8_t * {aka unsigned char *}
../Core/Src/stm32f1xx_it.c:564:16: note: expected 'const char *' but argument is of type 'uint8_t *' {aka 'unsigned char *'}
../Core/Src/stm32f1xx_it.c:564:9: warning: too many arguments to built-in function 'strcmp' expecting 2 [-Wbuiltin-declaration-mismatch]
  564 |     if (strcmp(uart2_rx_buffer, "WIFI DISCONNECT\r\n", 16) == 0) { //client 端会收到这个消息
      |         ^~~~~~
../Core/Src/stm32f1xx_it.c:568:24: warning: pointer targets in passing argument 1 of 'strncmp' differ in signedness [-Wpointer-sign]
  568 |     } else if (strncmp(uart2_rx_buffer, "\r\n+IPD,", 7) == 0) {
      |                        ^~~~~~~~~~~~~~~
      |                        |
      |                        uint8_t * {aka unsigned char *}
../Core/Src/stm32f1xx_it.c:568:24: note: expected 'const char *' but argument is of type 'uint8_t *' {aka 'unsigned char *'}
../Core/Src/stm32f1xx_it.c:568:54: warning: 'strncmp' argument 3 type is 'int' where 'unsigned int' is expected in a call to built-in function declared without prototype [-Wbuiltin-declaration-mismatch]
  568 |     } else if (strncmp(uart2_rx_buffer, "\r\n+IPD,", 7) == 0) {
      |                                                      ^
<built-in>: note: built-in 'strncmp' declared here
../Core/Src/stm32f1xx_it.c:577:68: warning: incompatible implicit declaration of built-in function 'strlen'
  577 |           HAL_UART_Transmit(&huart1, (uint8_t *)"Start Recieve\n", strlen("Start Recieve\n"), 0xffff);
      |                                                                    ^~~~~~
../Core/Src/stm32f1xx_it.c:577:68: note: include '<string.h>' or provide a declaration of 'strlen'
../Core/Src/stm32f1xx_it.c:578:73: warning: pointer targets in passing argument 1 of 'strlen' differ in signedness [-Wpointer-sign]
  578 |           HAL_UART_Transmit(&huart1, (uint8_t *)uart2_rx_buffer, strlen(uart2_rx_buffer), 0xffff);
      |                                                                         ^~~~~~~~~~~~~~~
      |                                                                         |
      |                                                                         uint8_t * {aka unsigned char *}
../Core/Src/stm32f1xx_it.c:578:73: note: expected 'const char *' but argument is of type 'uint8_t *' {aka 'unsigned char *'}
../Core/Src/stm32f1xx_it.c:583:11: warning: implicit declaration of function 'Answer' [-Wimplicit-function-declaration]
  583 |           Answer(uart2_rx_buffer);
      |           ^~~~~~
../Core/Src/stm32f1xx_it.c:586:24: warning: pointer targets in passing argument 1 of 'strncmp' differ in signedness [-Wpointer-sign]
  586 |     } else if (strncmp(uart2_rx_buffer, (uint8_t*) "SEND FAIL", 9)
      |                        ^~~~~~~~~~~~~~~
      |                        |
      |                        uint8_t * {aka unsigned char *}
../Core/Src/stm32f1xx_it.c:586:24: note: expected 'const char *' but argument is of type 'uint8_t *' {aka 'unsigned char *'}
../Core/Src/stm32f1xx_it.c:586:41: warning: pointer targets in passing argument 2 of 'strncmp' differ in signedness [-Wpointer-sign]
  586 |     } else if (strncmp(uart2_rx_buffer, (uint8_t*) "SEND FAIL", 9)
      |                                         ^~~~~~~~~~~~~~~~~~~~~~
      |                                         |
      |                                         uint8_t * {aka unsigned char *}
../Core/Src/stm32f1xx_it.c:586:41: note: expected 'const char *' but argument is of type 'uint8_t *' {aka 'unsigned char *'}
../Core/Src/stm32f1xx_it.c:586:65: warning: 'strncmp' argument 3 type is 'int' where 'unsigned int' is expected in a call to built-in function declared without prototype [-Wbuiltin-declaration-mismatch]
  586 |     } else if (strncmp(uart2_rx_buffer, (uint8_t*) "SEND FAIL", 9)
      |                                                                 ^
<built-in>: note: built-in 'strncmp' declared here
../Core/Src/stm32f1xx_it.c:591:24: warning: pointer targets in passing argument 1 of 'strncmp' differ in signedness [-Wpointer-sign]
  591 |     } else if (strncmp(uart2_rx_buffer, (uint8_t*) "0,CLOSE OK", 10)
      |                        ^~~~~~~~~~~~~~~
      |                        |
      |                        uint8_t * {aka unsigned char *}
../Core/Src/stm32f1xx_it.c:591:24: note: expected 'const char *' but argument is of type 'uint8_t *' {aka 'unsigned char *'}
../Core/Src/stm32f1xx_it.c:591:41: warning: pointer targets in passing argument 2 of 'strncmp' differ in signedness [-Wpointer-sign]
  591 |     } else if (strncmp(uart2_rx_buffer, (uint8_t*) "0,CLOSE OK", 10)
      |                                         ^~~~~~~~~~~~~~~~~~~~~~~
      |                                         |
      |                                         uint8_t * {aka unsigned char *}
../Core/Src/stm32f1xx_it.c:591:41: note: expected 'const char *' but argument is of type 'uint8_t *' {aka 'unsigned char *'}
../Core/Src/stm32f1xx_it.c:591:66: warning: 'strncmp' argument 3 type is 'int' where 'unsigned int' is expected in a call to built-in function declared without prototype [-Wbuiltin-declaration-mismatch]
  591 |     } else if (strncmp(uart2_rx_buffer, (uint8_t*) "0,CLOSE OK", 10)
      |                                                                  ^~
<built-in>: note: built-in 'strncmp' declared here
../Core/Src/stm32f1xx_it.c:601:23: warning: pointer targets in passing argument 1 of 'strncmp' differ in signedness [-Wpointer-sign]
  601 |    } else if (strncmp(uart2_rx_buffer, "0,CONNECT\r\n", 11) == 0) {
      |                       ^~~~~~~~~~~~~~~
      |                       |
      |                       uint8_t * {aka unsigned char *}
../Core/Src/stm32f1xx_it.c:601:23: note: expected 'const char *' but argument is of type 'uint8_t *' {aka 'unsigned char *'}
../Core/Src/stm32f1xx_it.c:601:57: warning: 'strncmp' argument 3 type is 'int' where 'unsigned int' is expected in a call to built-in function declared without prototype [-Wbuiltin-declaration-mismatch]
  601 |    } else if (strncmp(uart2_rx_buffer, "0,CONNECT\r\n", 11) == 0) {
      |                                                         ^~
<built-in>: note: built-in 'strncmp' declared here
../Core/Src/stm32f1xx_it.c:610:9: warning: implicit declaration of function 'Question' [-Wimplicit-function-declaration]
  610 |         Question();
      |         ^~~~~~~~
../Core/Src/stm32f1xx_it.c:611:23: warning: pointer targets in passing argument 1 of 'strncmp' differ in signedness [-Wpointer-sign]
  611 |    } else if (strncmp(uart2_rx_buffer, "0,CONNECT FAIL\r\n", 16) == 0 ||
      |                       ^~~~~~~~~~~~~~~
      |                       |
      |                       uint8_t * {aka unsigned char *}
../Core/Src/stm32f1xx_it.c:611:23: note: expected 'const char *' but argument is of type 'uint8_t *' {aka 'unsigned char *'}
../Core/Src/stm32f1xx_it.c:611:62: warning: 'strncmp' argument 3 type is 'int' where 'unsigned int' is expected in a call to built-in function declared without prototype [-Wbuiltin-declaration-mismatch]
  611 |    } else if (strncmp(uart2_rx_buffer, "0,CONNECT FAIL\r\n", 16) == 0 ||
      |                                                              ^~
<built-in>: note: built-in 'strncmp' declared here
../Core/Src/stm32f1xx_it.c:612:4: warning: incompatible implicit declaration of built-in function 'strstr'
  612 |    strstr(uart2_rx_buffer, "0,CLOSED\r\n") != NULL) {
      |    ^~~~~~
../Core/Src/stm32f1xx_it.c:612:4: note: include '<string.h>' or provide a declaration of 'strstr'
../Core/Src/stm32f1xx_it.c:612:11: warning: pointer targets in passing argument 1 of 'strstr' differ in signedness [-Wpointer-sign]
  612 |    strstr(uart2_rx_buffer, "0,CLOSED\r\n") != NULL) {
      |           ^~~~~~~~~~~~~~~
      |           |
      |           uint8_t * {aka unsigned char *}
../Core/Src/stm32f1xx_it.c:612:11: note: expected 'const char *' but argument is of type 'uint8_t *' {aka 'unsigned char *'}
../Core/Src/stm32f1xx_it.c:616:23: warning: pointer targets in passing argument 1 of 'strncmp' differ in signedness [-Wpointer-sign]
  616 |    } else if (strncmp(uart2_rx_buffer, "0,CLOSED\r\n", 10) == 0) {
      |                       ^~~~~~~~~~~~~~~
      |                       |
      |                       uint8_t * {aka unsigned char *}
../Core/Src/stm32f1xx_it.c:616:23: note: expected 'const char *' but argument is of type 'uint8_t *' {aka 'unsigned char *'}
../Core/Src/stm32f1xx_it.c:616:56: warning: 'strncmp' argument 3 type is 'int' where 'unsigned int' is expected in a call to built-in function declared without prototype [-Wbuiltin-declaration-mismatch]
  616 |    } else if (strncmp(uart2_rx_buffer, "0,CLOSED\r\n", 10) == 0) {
      |                                                        ^~
<built-in>: note: built-in 'strncmp' declared here
../Core/Src/stm32f1xx_it.c:626:13: warning: pointer targets in passing argument 1 of 'sprintf' differ in signedness [-Wpointer-sign]
  626 |     sprintf(msg, "data length=%d\r\n", data_length);
      |             ^~~
      |             |
      |             uint8_t * {aka unsigned char *}
In file included from ../Core/Src/stm32f1xx_it.c:26:
d:\programs\st\stm32cubeide_1.7.0\stm32cubeide\plugins\com.st.stm32cube.ide.mcu.externaltools.gnu-tools-for-stm32.9-2020-q2-update.win32_2.0.0.202105311346\tools\arm-none-eabi\include\stdio.h:244:14: note: expected 'char * restrict' but argument is of type 'uint8_t *' {aka 'unsigned char *'}
  244 | int sprintf (char *__restrict, const char *__restrict, ...)
      |              ^
../Core/Src/stm32f1xx_it.c:627:49: warning: incompatible implicit declaration of built-in function 'strlen'
  627 |     HAL_UART_Transmit(&huart1, (uint8_t *) msg, strlen(msg), 0xffff);
      |                                                 ^~~~~~
../Core/Src/stm32f1xx_it.c:627:49: note: include '<string.h>' or provide a declaration of 'strlen'
../Core/Src/stm32f1xx_it.c:627:56: warning: pointer targets in passing argument 1 of 'strlen' differ in signedness [-Wpointer-sign]
  627 |     HAL_UART_Transmit(&huart1, (uint8_t *) msg, strlen(msg), 0xffff);
      |                                                        ^~~
      |                                                        |
      |                                                        uint8_t * {aka unsigned char *}
../Core/Src/stm32f1xx_it.c:627:56: note: expected 'const char *' but argument is of type 'uint8_t *' {aka 'unsigned char *'}
../Core/Src/stm32f1xx_it.c:632:4: warning: incompatible implicit declaration of built-in function 'memset'
  632 |    memset(uart2_rx_buffer, 0, data_length);
      |    ^~~~~~
../Core/Src/stm32f1xx_it.c:632:4: note: include '<string.h>' or provide a declaration of 'memset'
../Core/Src/stm32f1xx_it.c:638:20: warning: pointer targets in passing argument 1 of 'send_msg_uart1' differ in signedness [-Wpointer-sign]
  638 |     send_msg_uart1("USART UNKNOWN RECIEVED\n", 1);
      |                    ^~~~~~~~~~~~~~~~~~~~~~~~~~
      |                    |
      |                    char *
../Core/Src/stm32f1xx_it.c:338:30: note: expected 'uint8_t *' {aka 'unsigned char *'} but argument is of type 'char *'
  338 | void send_msg_uart1(uint8_t *msg, int delay_time)
      |                     ~~~~~~~~~^~~
../Core/Src/stm32f1xx_it.c:626:37: warning: 'sprintf' writing a terminating nul past the end of the destination [-Wformat-overflow=]
  626 |     sprintf(msg, "data length=%d\r\n", data_length);
      |                                     ^
../Core/Src/stm32f1xx_it.c:626:5: note: 'sprintf' output between 16 and 18 bytes into a destination of size 15
  626 |     sprintf(msg, "data length=%d\r\n", data_length);
      |     ^~~~~~~~~~~~~~~~~~~~~~~~~~~~~~~~~~~~~~~~~~~~~~~
arm-none-eabi-gcc -o "Project_Questioner.elf" @"objects.list"   -mcpu=cortex-m3 -T"E:\cs301-2021fall-lab2-project-report-19\CS301-EmbeddedSystem-Project1-Questioner\STM32F103RCTX_FLASH.ld" --specs=nosys.specs -Wl,-Map="Project_Questioner.map" -Wl,--gc-sections -static --specs=nano.specs -mfloat-abi=soft -mthumb -Wl,--start-group -lc -lm -Wl,--end-group
Finished building target: Project_Questioner.elf
 
arm-none-eabi-size   Project_Questioner.elf 
arm-none-eabi-objdump -h -S  Project_Questioner.elf  > "Project_Questioner.list"
arm-none-eabi-objcopy  -O ihex  Project_Questioner.elf  "Project_Questioner.hex"
   text	   data	    bss	    dec	    hex	filename
  52936	    228	   6292	  59456	   e840	Project_Questioner.elf
arm-none-eabi-objcopy  -O binary  Project_Questioner.elf  "Project_Questioner.bin"
Finished building: default.size.stdout
 
Finished building: Project_Questioner.hex
Finished building: Project_Questioner.bin
 
 
Finished building: Project_Questioner.list
 
