09:53:57 **** Incremental Build of configuration Debug for project Lab_Assignment1 ****
make -j8 all 
arm-none-eabi-gcc "../Core/Src/stm32f1xx_it.c" -mcpu=cortex-m3 -std=gnu11 -g3 -DDEBUG -DUSE_HAL_DRIVER -DSTM32F103xE -c -I../Core/Inc -I../Drivers/STM32F1xx_HAL_Driver/Inc -I../Drivers/STM32F1xx_HAL_Driver/Inc/Legacy -I../Drivers/CMSIS/Device/ST/STM32F1xx/Include -I../Drivers/CMSIS/Include -O0 -ffunction-sections -fdata-sections -Wall -fstack-usage -MMD -MP -MF"Core/Src/stm32f1xx_it.d" -MT"Core/Src/stm32f1xx_it.o" --specs=nano.specs -mfloat-abi=soft -mthumb -o "Core/Src/stm32f1xx_it.o"
../Core/Src/stm32f1xx_it.c: In function 'HAL_UART_RxCpltCallback':
../Core/Src/stm32f1xx_it.c:297:15: warning: pointer targets in passing argument 1 of 'strcmp' differ in signedness [-Wpointer-sign]
  297 |    if (strcmp(uRx_Data, "Turn off LED0\r") == 0)
      |               ^~~~~~~~
      |               |
      |               unsigned char *
In file included from ../Core/Src/stm32f1xx_it.c:26:
d:\programs\st\stm32cubeide_1.7.0\stm32cubeide\plugins\com.st.stm32cube.ide.mcu.externaltools.gnu-tools-for-stm32.9-2020-q2-update.win32_2.0.0.202105311346\tools\arm-none-eabi\include\string.h:36:14: note: expected 'const char *' but argument is of type 'unsigned char *'
   36 | int  strcmp (const char *, const char *);
      |              ^~~~~~~~~~~~
../Core/Src/stm32f1xx_it.c:301:15: warning: pointer targets in passing argument 1 of 'strcmp' differ in signedness [-Wpointer-sign]
  301 |    if (strcmp(uRx_Data, "Turn on LED0\r") == 0)
      |               ^~~~~~~~
      |               |
      |               unsigned char *
In file included from ../Core/Src/stm32f1xx_it.c:26:
d:\programs\st\stm32cubeide_1.7.0\stm32cubeide\plugins\com.st.stm32cube.ide.mcu.externaltools.gnu-tools-for-stm32.9-2020-q2-update.win32_2.0.0.202105311346\tools\arm-none-eabi\include\string.h:36:14: note: expected 'const char *' but argument is of type 'unsigned char *'
   36 | int  strcmp (const char *, const char *);
      |              ^~~~~~~~~~~~
../Core/Src/stm32f1xx_it.c:305:15: warning: pointer targets in passing argument 1 of 'strcmp' differ in signedness [-Wpointer-sign]
  305 |    if (strcmp(uRx_Data, "Turn off LED1\r") == 0)
      |               ^~~~~~~~
      |               |
      |               unsigned char *
In file included from ../Core/Src/stm32f1xx_it.c:26:
d:\programs\st\stm32cubeide_1.7.0\stm32cubeide\plugins\com.st.stm32cube.ide.mcu.externaltools.gnu-tools-for-stm32.9-2020-q2-update.win32_2.0.0.202105311346\tools\arm-none-eabi\include\string.h:36:14: note: expected 'const char *' but argument is of type 'unsigned char *'
   36 | int  strcmp (const char *, const char *);
      |              ^~~~~~~~~~~~
../Core/Src/stm32f1xx_it.c:309:15: warning: pointer targets in passing argument 1 of 'strcmp' differ in signedness [-Wpointer-sign]
  309 |    if (strcmp(uRx_Data, "Turn on LED1\r") == 0)
      |               ^~~~~~~~
      |               |
      |               unsigned char *
In file included from ../Core/Src/stm32f1xx_it.c:26:
d:\programs\st\stm32cubeide_1.7.0\stm32cubeide\plugins\com.st.stm32cube.ide.mcu.externaltools.gnu-tools-for-stm32.9-2020-q2-update.win32_2.0.0.202105311346\tools\arm-none-eabi\include\string.h:36:14: note: expected 'const char *' but argument is of type 'unsigned char *'
   36 | int  strcmp (const char *, const char *);
      |              ^~~~~~~~~~~~
arm-none-eabi-gcc -o "Lab_Assignment1.elf" @"objects.list"   -mcpu=cortex-m3 -T"E:\SUSTech_Codes\CS301\STM32CubeIDE\workspace\Lab_Assignment1\STM32F103RCTX_FLASH.ld" --specs=nosys.specs -Wl,-Map="Lab_Assignment1.map" -Wl,--gc-sections -static --specs=nano.specs -mfloat-abi=soft -mthumb -Wl,--start-group -lc -lm -Wl,--end-group
Finished building target: Lab_Assignment1.elf
 
arm-none-eabi-size   Lab_Assignment1.elf 
arm-none-eabi-objdump -h -S  Lab_Assignment1.elf  > "Lab_Assignment1.list"
arm-none-eabi-objcopy  -O binary  Lab_Assignment1.elf  "Lab_Assignment1.bin"
   text	   data	    bss	    dec	    hex	filename
   9632	     20	   2684	  12336	   3030	Lab_Assignment1.elf
Finished building: default.size.stdout
 
Finished building: Lab_Assignment1.bin
Finished building: Lab_Assignment1.list
 
 

09:53:58 Build Finished. 0 errors, 4 warnings. (took 1s.2ms)

