22:56:40 **** Build of configuration Debug for project Project_Answerer ****
make -j8 all 
arm-none-eabi-gcc "../Drivers/STM32F1xx_HAL_Driver/Src/stm32f1xx_hal.c" -mcpu=cortex-m3 -std=gnu11 -g3 -DSTM32F103xE -DUSE_HAL_DRIVER -DDEBUG -c -I../Core/Inc -I../Drivers/STM32F1xx_HAL_Driver/Inc -I../Drivers/STM32F1xx_HAL_Driver/Inc/Legacy -I../Drivers/CMSIS/Device/ST/STM32F1xx/Include -I../Drivers/CMSIS/Include -O0 -ffunction-sections -fdata-sections -Wall -fstack-usage -MMD -MP -MF"Drivers/STM32F1xx_HAL_Driver/Src/stm32f1xx_hal.d" -MT"Drivers/STM32F1xx_HAL_Driver/Src/stm32f1xx_hal.o" --specs=nano.specs -mfloat-abi=soft -mthumb -o "Drivers/STM32F1xx_HAL_Driver/Src/stm32f1xx_hal.o"
arm-none-eabi-gcc "../Drivers/STM32F1xx_HAL_Driver/Src/stm32f1xx_hal_cortex.c" -mcpu=cortex-m3 -std=gnu11 -g3 -DSTM32F103xE -DUSE_HAL_DRIVER -DDEBUG -c -I../Core/Inc -I../Drivers/STM32F1xx_HAL_Driver/Inc -I../Drivers/STM32F1xx_HAL_Driver/Inc/Legacy -I../Drivers/CMSIS/Device/ST/STM32F1xx/Include -I../Drivers/CMSIS/Include -O0 -ffunction-sections -fdata-sections -Wall -fstack-usage -MMD -MP -MF"Drivers/STM32F1xx_HAL_Driver/Src/stm32f1xx_hal_cortex.d" -MT"Drivers/STM32F1xx_HAL_Driver/Src/stm32f1xx_hal_cortex.o" --specs=nano.specs -mfloat-abi=soft -mthumb -o "Drivers/STM32F1xx_HAL_Driver/Src/stm32f1xx_hal_cortex.o"
arm-none-eabi-gcc "../Drivers/STM32F1xx_HAL_Driver/Src/stm32f1xx_hal_dma.c" -mcpu=cortex-m3 -std=gnu11 -g3 -DSTM32F103xE -DUSE_HAL_DRIVER -DDEBUG -c -I../Core/Inc -I../Drivers/STM32F1xx_HAL_Driver/Inc -I../Drivers/STM32F1xx_HAL_Driver/Inc/Legacy -I../Drivers/CMSIS/Device/ST/STM32F1xx/Include -I../Drivers/CMSIS/Include -O0 -ffunction-sections -fdata-sections -Wall -fstack-usage -MMD -MP -MF"Drivers/STM32F1xx_HAL_Driver/Src/stm32f1xx_hal_dma.d" -MT"Drivers/STM32F1xx_HAL_Driver/Src/stm32f1xx_hal_dma.o" --specs=nano.specs -mfloat-abi=soft -mthumb -o "Drivers/STM32F1xx_HAL_Driver/Src/stm32f1xx_hal_dma.o"
arm-none-eabi-gcc "../Drivers/STM32F1xx_HAL_Driver/Src/stm32f1xx_hal_exti.c" -mcpu=cortex-m3 -std=gnu11 -g3 -DSTM32F103xE -DUSE_HAL_DRIVER -DDEBUG -c -I../Core/Inc -I../Drivers/STM32F1xx_HAL_Driver/Inc -I../Drivers/STM32F1xx_HAL_Driver/Inc/Legacy -I../Drivers/CMSIS/Device/ST/STM32F1xx/Include -I../Drivers/CMSIS/Include -O0 -ffunction-sections -fdata-sections -Wall -fstack-usage -MMD -MP -MF"Drivers/STM32F1xx_HAL_Driver/Src/stm32f1xx_hal_exti.d" -MT"Drivers/STM32F1xx_HAL_Driver/Src/stm32f1xx_hal_exti.o" --specs=nano.specs -mfloat-abi=soft -mthumb -o "Drivers/STM32F1xx_HAL_Driver/Src/stm32f1xx_hal_exti.o"
arm-none-eabi-gcc "../Drivers/STM32F1xx_HAL_Driver/Src/stm32f1xx_hal_flash.c" -mcpu=cortex-m3 -std=gnu11 -g3 -DSTM32F103xE -DUSE_HAL_DRIVER -DDEBUG -c -I../Core/Inc -I../Drivers/STM32F1xx_HAL_Driver/Inc -I../Drivers/STM32F1xx_HAL_Driver/Inc/Legacy -I../Drivers/CMSIS/Device/ST/STM32F1xx/Include -I../Drivers/CMSIS/Include -O0 -ffunction-sections -fdata-sections -Wall -fstack-usage -MMD -MP -MF"Drivers/STM32F1xx_HAL_Driver/Src/stm32f1xx_hal_flash.d" -MT"Drivers/STM32F1xx_HAL_Driver/Src/stm32f1xx_hal_flash.o" --specs=nano.specs -mfloat-abi=soft -mthumb -o "Drivers/STM32F1xx_HAL_Driver/Src/stm32f1xx_hal_flash.o"
arm-none-eabi-gcc "../Drivers/STM32F1xx_HAL_Driver/Src/stm32f1xx_hal_flash_ex.c" -mcpu=cortex-m3 -std=gnu11 -g3 -DSTM32F103xE -DUSE_HAL_DRIVER -DDEBUG -c -I../Core/Inc -I../Drivers/STM32F1xx_HAL_Driver/Inc -I../Drivers/STM32F1xx_HAL_Driver/Inc/Legacy -I../Drivers/CMSIS/Device/ST/STM32F1xx/Include -I../Drivers/CMSIS/Include -O0 -ffunction-sections -fdata-sections -Wall -fstack-usage -MMD -MP -MF"Drivers/STM32F1xx_HAL_Driver/Src/stm32f1xx_hal_flash_ex.d" -MT"Drivers/STM32F1xx_HAL_Driver/Src/stm32f1xx_hal_flash_ex.o" --specs=nano.specs -mfloat-abi=soft -mthumb -o "Drivers/STM32F1xx_HAL_Driver/Src/stm32f1xx_hal_flash_ex.o"
arm-none-eabi-gcc "../Drivers/STM32F1xx_HAL_Driver/Src/stm32f1xx_hal_gpio.c" -mcpu=cortex-m3 -std=gnu11 -g3 -DSTM32F103xE -DUSE_HAL_DRIVER -DDEBUG -c -I../Core/Inc -I../Drivers/STM32F1xx_HAL_Driver/Inc -I../Drivers/STM32F1xx_HAL_Driver/Inc/Legacy -I../Drivers/CMSIS/Device/ST/STM32F1xx/Include -I../Drivers/CMSIS/Include -O0 -ffunction-sections -fdata-sections -Wall -fstack-usage -MMD -MP -MF"Drivers/STM32F1xx_HAL_Driver/Src/stm32f1xx_hal_gpio.d" -MT"Drivers/STM32F1xx_HAL_Driver/Src/stm32f1xx_hal_gpio.o" --specs=nano.specs -mfloat-abi=soft -mthumb -o "Drivers/STM32F1xx_HAL_Driver/Src/stm32f1xx_hal_gpio.o"
arm-none-eabi-gcc "../Drivers/STM32F1xx_HAL_Driver/Src/stm32f1xx_hal_gpio_ex.c" -mcpu=cortex-m3 -std=gnu11 -g3 -DSTM32F103xE -DUSE_HAL_DRIVER -DDEBUG -c -I../Core/Inc -I../Drivers/STM32F1xx_HAL_Driver/Inc -I../Drivers/STM32F1xx_HAL_Driver/Inc/Legacy -I../Drivers/CMSIS/Device/ST/STM32F1xx/Include -I../Drivers/CMSIS/Include -O0 -ffunction-sections -fdata-sections -Wall -fstack-usage -MMD -MP -MF"Drivers/STM32F1xx_HAL_Driver/Src/stm32f1xx_hal_gpio_ex.d" -MT"Drivers/STM32F1xx_HAL_Driver/Src/stm32f1xx_hal_gpio_ex.o" --specs=nano.specs -mfloat-abi=soft -mthumb -o "Drivers/STM32F1xx_HAL_Driver/Src/stm32f1xx_hal_gpio_ex.o"
arm-none-eabi-gcc "../Drivers/STM32F1xx_HAL_Driver/Src/stm32f1xx_hal_pwr.c" -mcpu=cortex-m3 -std=gnu11 -g3 -DSTM32F103xE -DUSE_HAL_DRIVER -DDEBUG -c -I../Core/Inc -I../Drivers/STM32F1xx_HAL_Driver/Inc -I../Drivers/STM32F1xx_HAL_Driver/Inc/Legacy -I../Drivers/CMSIS/Device/ST/STM32F1xx/Include -I../Drivers/CMSIS/Include -O0 -ffunction-sections -fdata-sections -Wall -fstack-usage -MMD -MP -MF"Drivers/STM32F1xx_HAL_Driver/Src/stm32f1xx_hal_pwr.d" -MT"Drivers/STM32F1xx_HAL_Driver/Src/stm32f1xx_hal_pwr.o" --specs=nano.specs -mfloat-abi=soft -mthumb -o "Drivers/STM32F1xx_HAL_Driver/Src/stm32f1xx_hal_pwr.o"
arm-none-eabi-gcc "../Drivers/STM32F1xx_HAL_Driver/Src/stm32f1xx_hal_rcc.c" -mcpu=cortex-m3 -std=gnu11 -g3 -DSTM32F103xE -DUSE_HAL_DRIVER -DDEBUG -c -I../Core/Inc -I../Drivers/STM32F1xx_HAL_Driver/Inc -I../Drivers/STM32F1xx_HAL_Driver/Inc/Legacy -I../Drivers/CMSIS/Device/ST/STM32F1xx/Include -I../Drivers/CMSIS/Include -O0 -ffunction-sections -fdata-sections -Wall -fstack-usage -MMD -MP -MF"Drivers/STM32F1xx_HAL_Driver/Src/stm32f1xx_hal_rcc.d" -MT"Drivers/STM32F1xx_HAL_Driver/Src/stm32f1xx_hal_rcc.o" --specs=nano.specs -mfloat-abi=soft -mthumb -o "Drivers/STM32F1xx_HAL_Driver/Src/stm32f1xx_hal_rcc.o"
arm-none-eabi-gcc "../Drivers/STM32F1xx_HAL_Driver/Src/stm32f1xx_hal_rcc_ex.c" -mcpu=cortex-m3 -std=gnu11 -g3 -DSTM32F103xE -DUSE_HAL_DRIVER -DDEBUG -c -I../Core/Inc -I../Drivers/STM32F1xx_HAL_Driver/Inc -I../Drivers/STM32F1xx_HAL_Driver/Inc/Legacy -I../Drivers/CMSIS/Device/ST/STM32F1xx/Include -I../Drivers/CMSIS/Include -O0 -ffunction-sections -fdata-sections -Wall -fstack-usage -MMD -MP -MF"Drivers/STM32F1xx_HAL_Driver/Src/stm32f1xx_hal_rcc_ex.d" -MT"Drivers/STM32F1xx_HAL_Driver/Src/stm32f1xx_hal_rcc_ex.o" --specs=nano.specs -mfloat-abi=soft -mthumb -o "Drivers/STM32F1xx_HAL_Driver/Src/stm32f1xx_hal_rcc_ex.o"
arm-none-eabi-gcc "../Drivers/STM32F1xx_HAL_Driver/Src/stm32f1xx_hal_tim.c" -mcpu=cortex-m3 -std=gnu11 -g3 -DSTM32F103xE -DUSE_HAL_DRIVER -DDEBUG -c -I../Core/Inc -I../Drivers/STM32F1xx_HAL_Driver/Inc -I../Drivers/STM32F1xx_HAL_Driver/Inc/Legacy -I../Drivers/CMSIS/Device/ST/STM32F1xx/Include -I../Drivers/CMSIS/Include -O0 -ffunction-sections -fdata-sections -Wall -fstack-usage -MMD -MP -MF"Drivers/STM32F1xx_HAL_Driver/Src/stm32f1xx_hal_tim.d" -MT"Drivers/STM32F1xx_HAL_Driver/Src/stm32f1xx_hal_tim.o" --specs=nano.specs -mfloat-abi=soft -mthumb -o "Drivers/STM32F1xx_HAL_Driver/Src/stm32f1xx_hal_tim.o"
arm-none-eabi-gcc "../Drivers/STM32F1xx_HAL_Driver/Src/stm32f1xx_hal_tim_ex.c" -mcpu=cortex-m3 -std=gnu11 -g3 -DSTM32F103xE -DUSE_HAL_DRIVER -DDEBUG -c -I../Core/Inc -I../Drivers/STM32F1xx_HAL_Driver/Inc -I../Drivers/STM32F1xx_HAL_Driver/Inc/Legacy -I../Drivers/CMSIS/Device/ST/STM32F1xx/Include -I../Drivers/CMSIS/Include -O0 -ffunction-sections -fdata-sections -Wall -fstack-usage -MMD -MP -MF"Drivers/STM32F1xx_HAL_Driver/Src/stm32f1xx_hal_tim_ex.d" -MT"Drivers/STM32F1xx_HAL_Driver/Src/stm32f1xx_hal_tim_ex.o" --specs=nano.specs -mfloat-abi=soft -mthumb -o "Drivers/STM32F1xx_HAL_Driver/Src/stm32f1xx_hal_tim_ex.o"
arm-none-eabi-gcc "../Drivers/STM32F1xx_HAL_Driver/Src/stm32f1xx_hal_uart.c" -mcpu=cortex-m3 -std=gnu11 -g3 -DSTM32F103xE -DUSE_HAL_DRIVER -DDEBUG -c -I../Core/Inc -I../Drivers/STM32F1xx_HAL_Driver/Inc -I../Drivers/STM32F1xx_HAL_Driver/Inc/Legacy -I../Drivers/CMSIS/Device/ST/STM32F1xx/Include -I../Drivers/CMSIS/Include -O0 -ffunction-sections -fdata-sections -Wall -fstack-usage -MMD -MP -MF"Drivers/STM32F1xx_HAL_Driver/Src/stm32f1xx_hal_uart.d" -MT"Drivers/STM32F1xx_HAL_Driver/Src/stm32f1xx_hal_uart.o" --specs=nano.specs -mfloat-abi=soft -mthumb -o "Drivers/STM32F1xx_HAL_Driver/Src/stm32f1xx_hal_uart.o"
arm-none-eabi-gcc -mcpu=cortex-m3 -g3 -DDEBUG -c -x assembler-with-cpp -MMD -MP -MF"Core/Startup/startup_stm32f103rctx.d" -MT"Core/Startup/startup_stm32f103rctx.o" --specs=nano.specs -mfloat-abi=soft -mthumb -o "Core/Startup/startup_stm32f103rctx.o" "../Core/Startup/startup_stm32f103rctx.s"
arm-none-eabi-gcc "../Core/Src/lcd.c" -mcpu=cortex-m3 -std=gnu11 -g3 -DSTM32F103xE -DUSE_HAL_DRIVER -DDEBUG -c -I../Core/Inc -I../Drivers/STM32F1xx_HAL_Driver/Inc -I../Drivers/STM32F1xx_HAL_Driver/Inc/Legacy -I../Drivers/CMSIS/Device/ST/STM32F1xx/Include -I../Drivers/CMSIS/Include -O0 -ffunction-sections -fdata-sections -Wall -fstack-usage -MMD -MP -MF"Core/Src/lcd.d" -MT"Core/Src/lcd.o" --specs=nano.specs -mfloat-abi=soft -mthumb -o "Core/Src/lcd.o"
arm-none-eabi-gcc "../Core/Src/main.c" -mcpu=cortex-m3 -std=gnu11 -g3 -DSTM32F103xE -DUSE_HAL_DRIVER -DDEBUG -c -I../Core/Inc -I../Drivers/STM32F1xx_HAL_Driver/Inc -I../Drivers/STM32F1xx_HAL_Driver/Inc/Legacy -I../Drivers/CMSIS/Device/ST/STM32F1xx/Include -I../Drivers/CMSIS/Include -O0 -ffunction-sections -fdata-sections -Wall -fstack-usage -MMD -MP -MF"Core/Src/main.d" -MT"Core/Src/main.o" --specs=nano.specs -mfloat-abi=soft -mthumb -o "Core/Src/main.o"
../Core/Src/main.c: In function 'main':
../Core/Src/main.c:139:4: warning: implicit declaration of function 'Get_Answer' [-Wimplicit-function-declaration]
  139 |    Get_Answer();
      |    ^~~~~~~~~~
../Core/Src/main.c: In function 'Show_Question':
../Core/Src/main.c:492:2: warning: implicit declaration of function 'Display_Points' [-Wimplicit-function-declaration]
  492 |  Display_Points(points);
      |  ^~~~~~~~~~~~~~
../Core/Src/main.c:493:2: warning: implicit declaration of function 'Display_Time' [-Wimplicit-function-declaration]
  493 |  Display_Time(time_limit);
      |  ^~~~~~~~~~~~
../Core/Src/main.c: At top level:
../Core/Src/main.c:498:6: warning: conflicting types for 'Display_Points'
  498 | void Display_Points(int p) {
      |      ^~~~~~~~~~~~~~
../Core/Src/main.c:492:2: note: previous implicit declaration of 'Display_Points' was here
  492 |  Display_Points(points);
      |  ^~~~~~~~~~~~~~
../Core/Src/main.c: In function 'Display_Points':
../Core/Src/main.c:500:2: warning: implicit declaration of function 'sprintf' [-Wimplicit-function-declaration]
  500 |  sprintf(msg, "%d", p);
      |  ^~~~~~~
../Core/Src/main.c:500:2: warning: incompatible implicit declaration of built-in function 'sprintf'
../Core/Src/main.c:26:1: note: include '<stdio.h>' or provide a declaration of 'sprintf'
   25 | #include "lcd.h"
  +++ |+#include <stdio.h>
   26 | /* USER CODE END Includes */
../Core/Src/main.c: At top level:
../Core/Src/main.c:509:6: warning: conflicting types for 'Display_Time'
  509 | void Display_Time(int t) {
      |      ^~~~~~~~~~~~
../Core/Src/main.c:493:2: note: previous implicit declaration of 'Display_Time' was here
  493 |  Display_Time(time_limit);
      |  ^~~~~~~~~~~~
../Core/Src/main.c: In function 'Display_Time':
../Core/Src/main.c:511:2: warning: incompatible implicit declaration of built-in function 'sprintf'
  511 |  sprintf(msg, "%d s", t);
      |  ^~~~~~~
../Core/Src/main.c:511:2: note: include '<stdio.h>' or provide a declaration of 'sprintf'
../Core/Src/main.c: In function 'Show_Feedback':
../Core/Src/main.c:522:6: warning: variable 'feedback_length' set but not used [-Wunused-but-set-variable]
  522 |  int feedback_length;
      |      ^~~~~~~~~~~~~~~
../Core/Src/main.c: At top level:
../Core/Src/main.c:545:6: warning: conflicting types for 'Get_Answer'
  545 | void Get_Answer() {
      |      ^~~~~~~~~~
../Core/Src/main.c:139:4: note: previous implicit declaration of 'Get_Answer' was here
  139 |    Get_Answer();
      |    ^~~~~~~~~~
../Core/Src/main.c: In function 'Get_Answer':
../Core/Src/main.c:548:3: warning: incompatible implicit declaration of built-in function 'sprintf'
  548 |   sprintf(answer, "0");
      |   ^~~~~~~
../Core/Src/main.c:548:3: note: include '<stdio.h>' or provide a declaration of 'sprintf'
../Core/Src/main.c:549:3: warning: implicit declaration of function 'Display_Answer'; did you mean 'Display_Time'? [-Wimplicit-function-declaration]
  549 |   Display_Answer(answer);
      |   ^~~~~~~~~~~~~~
      |   Display_Time
../Core/Src/main.c:550:3: warning: implicit declaration of function 'send_message' [-Wimplicit-function-declaration]
  550 |   send_message((uint8_t*) answer);
      |   ^~~~~~~~~~~~
../Core/Src/main.c:554:3: warning: incompatible implicit declaration of built-in function 'sprintf'
  554 |   sprintf(answer, "1");
      |   ^~~~~~~
../Core/Src/main.c:554:3: note: include '<stdio.h>' or provide a declaration of 'sprintf'
../Core/Src/main.c: At top level:
../Core/Src/main.c:562:6: warning: conflicting types for 'Display_Answer'
  562 | void Display_Answer(char a[]) {
      |      ^~~~~~~~~~~~~~
../Core/Src/main.c:549:3: note: previous implicit declaration of 'Display_Answer' was here
  549 |   Display_Answer(answer);
      |   ^~~~~~~~~~~~~~
arm-none-eabi-gcc "../Core/Src/stm32f1xx_hal_msp.c" -mcpu=cortex-m3 -std=gnu11 -g3 -DSTM32F103xE -DUSE_HAL_DRIVER -DDEBUG -c -I../Core/Inc -I../Drivers/STM32F1xx_HAL_Driver/Inc -I../Drivers/STM32F1xx_HAL_Driver/Inc/Legacy -I../Drivers/CMSIS/Device/ST/STM32F1xx/Include -I../Drivers/CMSIS/Include -O0 -ffunction-sections -fdata-sections -Wall -fstack-usage -MMD -MP -MF"Core/Src/stm32f1xx_hal_msp.d" -MT"Core/Src/stm32f1xx_hal_msp.o" --specs=nano.specs -mfloat-abi=soft -mthumb -o "Core/Src/stm32f1xx_hal_msp.o"
arm-none-eabi-gcc "../Core/Src/stm32f1xx_it.c" -mcpu=cortex-m3 -std=gnu11 -g3 -DSTM32F103xE -DUSE_HAL_DRIVER -DDEBUG -c -I../Core/Inc -I../Drivers/STM32F1xx_HAL_Driver/Inc -I../Drivers/STM32F1xx_HAL_Driver/Inc/Legacy -I../Drivers/CMSIS/Device/ST/STM32F1xx/Include -I../Drivers/CMSIS/Include -O0 -ffunction-sections -fdata-sections -Wall -fstack-usage -MMD -MP -MF"Core/Src/stm32f1xx_it.d" -MT"Core/Src/stm32f1xx_it.o" --specs=nano.specs -mfloat-abi=soft -mthumb -o "Core/Src/stm32f1xx_it.o"
arm-none-eabi-gcc "../Core/Src/syscalls.c" -mcpu=cortex-m3 -std=gnu11 -g3 -DSTM32F103xE -DUSE_HAL_DRIVER -DDEBUG -c -I../Core/Inc -I../Drivers/STM32F1xx_HAL_Driver/Inc -I../Drivers/STM32F1xx_HAL_Driver/Inc/Legacy -I../Drivers/CMSIS/Device/ST/STM32F1xx/Include -I../Drivers/CMSIS/Include -O0 -ffunction-sections -fdata-sections -Wall -fstack-usage -MMD -MP -MF"Core/Src/syscalls.d" -MT"Core/Src/syscalls.o" --specs=nano.specs -mfloat-abi=soft -mthumb -o "Core/Src/syscalls.o"
arm-none-eabi-gcc "../Core/Src/sysmem.c" -mcpu=cortex-m3 -std=gnu11 -g3 -DSTM32F103xE -DUSE_HAL_DRIVER -DDEBUG -c -I../Core/Inc -I../Drivers/STM32F1xx_HAL_Driver/Inc -I../Drivers/STM32F1xx_HAL_Driver/Inc/Legacy -I../Drivers/CMSIS/Device/ST/STM32F1xx/Include -I../Drivers/CMSIS/Include -O0 -ffunction-sections -fdata-sections -Wall -fstack-usage -MMD -MP -MF"Core/Src/sysmem.d" -MT"Core/Src/sysmem.o" --specs=nano.specs -mfloat-abi=soft -mthumb -o "Core/Src/sysmem.o"
arm-none-eabi-gcc "../Core/Src/system_stm32f1xx.c" -mcpu=cortex-m3 -std=gnu11 -g3 -DSTM32F103xE -DUSE_HAL_DRIVER -DDEBUG -c -I../Core/Inc -I../Drivers/STM32F1xx_HAL_Driver/Inc -I../Drivers/STM32F1xx_HAL_Driver/Inc/Legacy -I../Drivers/CMSIS/Device/ST/STM32F1xx/Include -I../Drivers/CMSIS/Include -O0 -ffunction-sections -fdata-sections -Wall -fstack-usage -MMD -MP -MF"Core/Src/system_stm32f1xx.d" -MT"Core/Src/system_stm32f1xx.o" --specs=nano.specs -mfloat-abi=soft -mthumb -o "Core/Src/system_stm32f1xx.o"
../Core/Src/stm32f1xx_it.c: In function 'TIM3_IRQHandler':
../Core/Src/stm32f1xx_it.c:274:3: warning: implicit declaration of function 'Display_Time' [-Wimplicit-function-declaration]
  274 |   Display_Time(time_limit);
      |   ^~~~~~~~~~~~
../Core/Src/stm32f1xx_it.c: In function 'HAL_UART_RxCpltCallback':
../Core/Src/stm32f1xx_it.c:441:15: warning: implicit declaration of function 'strcmp' [-Wimplicit-function-declaration]
  441 |    } else if (strcmp(uart1_rx_buffer, "server\r\n") == 0) {
      |               ^~~~~~
../Core/Src/stm32f1xx_it.c:441:22: warning: pointer targets in passing argument 1 of 'strcmp' differ in signedness [-Wpointer-sign]
  441 |    } else if (strcmp(uart1_rx_buffer, "server\r\n") == 0) {
      |                      ^~~~~~~~~~~~~~~
      |                      |
      |                      uint8_t * {aka unsigned char *}
../Core/Src/stm32f1xx_it.c:441:22: note: expected 'const char *' but argument is of type 'uint8_t *' {aka 'unsigned char *'}
../Core/Src/stm32f1xx_it.c:444:14: warning: pointer targets in passing argument 1 of 'send_cmd' differ in signedness [-Wpointer-sign]
  444 |     send_cmd("AT+CWMODE=3\r\n", 1000);
      |              ^~~~~~~~~~~~~~~~~
      |              |
      |              char *
../Core/Src/stm32f1xx_it.c:56:15: note: expected 'uint8_t *' {aka 'unsigned char *'} but argument is of type 'char *'
   56 | void send_cmd(uint8_t*, int); // send command with delay
      |               ^~~~~~~~
../Core/Src/stm32f1xx_it.c:445:22: warning: pointer targets in passing argument 1 of 'strcmp' differ in signedness [-Wpointer-sign]
  445 |    } else if (strcmp(uart1_rx_buffer, "client\r\n") == 0) {
      |                      ^~~~~~~~~~~~~~~
      |                      |
      |                      uint8_t * {aka unsigned char *}
../Core/Src/stm32f1xx_it.c:445:22: note: expected 'const char *' but argument is of type 'uint8_t *' {aka 'unsigned char *'}
../Core/Src/stm32f1xx_it.c:448:14: warning: pointer targets in passing argument 1 of 'send_cmd' differ in signedness [-Wpointer-sign]
  448 |     send_cmd("AT+CWJAP?\r\n", 1000);
      |              ^~~~~~~~~~~~~~~
      |              |
      |              char *
../Core/Src/stm32f1xx_it.c:56:15: note: expected 'uint8_t *' {aka 'unsigned char *'} but argument is of type 'char *'
   56 | void send_cmd(uint8_t*, int); // send command with delay
      |               ^~~~~~~~
../Core/Src/stm32f1xx_it.c:449:14: warning: pointer targets in passing argument 1 of 'send_cmd' differ in signedness [-Wpointer-sign]
  449 |     send_cmd("AT+CIFSR\r\n", 1000);
      |              ^~~~~~~~~~~~~~
      |              |
      |              char *
../Core/Src/stm32f1xx_it.c:56:15: note: expected 'uint8_t *' {aka 'unsigned char *'} but argument is of type 'char *'
   56 | void send_cmd(uint8_t*, int); // send command with delay
      |               ^~~~~~~~
../Core/Src/stm32f1xx_it.c:450:22: warning: pointer targets in passing argument 1 of 'strcmp' differ in signedness [-Wpointer-sign]
  450 |    } else if (strcmp(uart1_rx_buffer, "start\r\n") == 0
      |                      ^~~~~~~~~~~~~~~
      |                      |
      |                      uint8_t * {aka unsigned char *}
../Core/Src/stm32f1xx_it.c:450:22: note: expected 'const char *' but argument is of type 'uint8_t *' {aka 'unsigned char *'}
../Core/Src/stm32f1xx_it.c:454:22: warning: pointer targets in passing argument 1 of 'strcmp' differ in signedness [-Wpointer-sign]
  454 |    } else if (strcmp(uart1_rx_buffer, "connect to wifi\r\n") == 0
      |                      ^~~~~~~~~~~~~~~
      |                      |
      |                      uint8_t * {aka unsigned char *}
../Core/Src/stm32f1xx_it.c:454:22: note: expected 'const char *' but argument is of type 'uint8_t *' {aka 'unsigned char *'}
../Core/Src/stm32f1xx_it.c:458:22: warning: pointer targets in passing argument 1 of 'strcmp' differ in signedness [-Wpointer-sign]
  458 |    } else if (strcmp(uart1_rx_buffer, "connect to server\r\n") == 0
      |                      ^~~~~~~~~~~~~~~
      |                      |
      |                      uint8_t * {aka unsigned char *}
../Core/Src/stm32f1xx_it.c:458:22: note: expected 'const char *' but argument is of type 'uint8_t *' {aka 'unsigned char *'}
../Core/Src/stm32f1xx_it.c:463:22: warning: pointer targets in passing argument 1 of 'strcmp' differ in signedness [-Wpointer-sign]
  463 |    } else if (strcmp(uart1_rx_buffer, "close connection\r\n") == 0) {
      |                      ^~~~~~~~~~~~~~~
      |                      |
      |                      uint8_t * {aka unsigned char *}
../Core/Src/stm32f1xx_it.c:463:22: note: expected 'const char *' but argument is of type 'uint8_t *' {aka 'unsigned char *'}
../Core/Src/stm32f1xx_it.c:466:15: warning: implicit declaration of function 'strncmp' [-Wimplicit-function-declaration]
  466 |    } else if (strncmp(uart1_rx_buffer, "quit wifi\r\n") == 0
      |               ^~~~~~~
../Core/Src/stm32f1xx_it.c:466:23: warning: pointer targets in passing argument 1 of 'strncmp' differ in signedness [-Wpointer-sign]
  466 |    } else if (strncmp(uart1_rx_buffer, "quit wifi\r\n") == 0
      |                       ^~~~~~~~~~~~~~~
      |                       |
      |                       uint8_t * {aka unsigned char *}
../Core/Src/stm32f1xx_it.c:466:23: note: expected 'const char *' but argument is of type 'uint8_t *' {aka 'unsigned char *'}
../Core/Src/stm32f1xx_it.c:466:15: warning: too few arguments to built-in function 'strncmp' expecting 3 [-Wbuiltin-declaration-mismatch]
  466 |    } else if (strncmp(uart1_rx_buffer, "quit wifi\r\n") == 0
      |               ^~~~~~~
../Core/Src/stm32f1xx_it.c:468:14: warning: pointer targets in passing argument 1 of 'send_cmd' differ in signedness [-Wpointer-sign]
  468 |     send_cmd("AT+CWQAP\r\n", 1000);
      |              ^~~~~~~~~~~~~~
      |              |
      |              char *
../Core/Src/stm32f1xx_it.c:56:15: note: expected 'uint8_t *' {aka 'unsigned char *'} but argument is of type 'char *'
   56 | void send_cmd(uint8_t*, int); // send command with delay
      |               ^~~~~~~~
../Core/Src/stm32f1xx_it.c:470:23: warning: pointer targets in passing argument 1 of 'strncmp' differ in signedness [-Wpointer-sign]
  470 |    } else if (strncmp(uart1_rx_buffer, "ip status\r\n") == 0) {
      |                       ^~~~~~~~~~~~~~~
      |                       |
      |                       uint8_t * {aka unsigned char *}
../Core/Src/stm32f1xx_it.c:470:23: note: expected 'const char *' but argument is of type 'uint8_t *' {aka 'unsigned char *'}
../Core/Src/stm32f1xx_it.c:470:15: warning: too few arguments to built-in function 'strncmp' expecting 3 [-Wbuiltin-declaration-mismatch]
  470 |    } else if (strncmp(uart1_rx_buffer, "ip status\r\n") == 0) {
      |               ^~~~~~~
../Core/Src/stm32f1xx_it.c:471:14: warning: pointer targets in passing argument 1 of 'send_cmd' differ in signedness [-Wpointer-sign]
  471 |     send_cmd("AT+CIPSTATUS\r\n", 1000);
      |              ^~~~~~~~~~~~~~~~~~
      |              |
      |              char *
../Core/Src/stm32f1xx_it.c:56:15: note: expected 'uint8_t *' {aka 'unsigned char *'} but argument is of type 'char *'
   56 | void send_cmd(uint8_t*, int); // send command with delay
      |               ^~~~~~~~
../Core/Src/stm32f1xx_it.c:472:14: warning: pointer targets in passing argument 1 of 'send_cmd' differ in signedness [-Wpointer-sign]
  472 |     send_cmd("AT+CIFSR\r\n", 1000);
      |              ^~~~~~~~~~~~~~
      |              |
      |              char *
../Core/Src/stm32f1xx_it.c:56:15: note: expected 'uint8_t *' {aka 'unsigned char *'} but argument is of type 'char *'
   56 | void send_cmd(uint8_t*, int); // send command with delay
      |               ^~~~~~~~
../Core/Src/stm32f1xx_it.c:473:23: warning: pointer targets in passing argument 1 of 'strncmp' differ in signedness [-Wpointer-sign]
  473 |    } else if (strncmp(uart1_rx_buffer, "wifi status\r\n") == 0) {
      |                       ^~~~~~~~~~~~~~~
      |                       |
      |                       uint8_t * {aka unsigned char *}
../Core/Src/stm32f1xx_it.c:473:23: note: expected 'const char *' but argument is of type 'uint8_t *' {aka 'unsigned char *'}
../Core/Src/stm32f1xx_it.c:473:15: warning: too few arguments to built-in function 'strncmp' expecting 3 [-Wbuiltin-declaration-mismatch]
  473 |    } else if (strncmp(uart1_rx_buffer, "wifi status\r\n") == 0) {
      |               ^~~~~~~
../Core/Src/stm32f1xx_it.c:475:14: warning: pointer targets in passing argument 1 of 'send_cmd' differ in signedness [-Wpointer-sign]
  475 |     send_cmd("AT+CWLIF\r\n", 1000);
      |              ^~~~~~~~~~~~~~
      |              |
      |              char *
../Core/Src/stm32f1xx_it.c:56:15: note: expected 'uint8_t *' {aka 'unsigned char *'} but argument is of type 'char *'
   56 | void send_cmd(uint8_t*, int); // send command with delay
      |               ^~~~~~~~
../Core/Src/stm32f1xx_it.c:476:14: warning: pointer targets in passing argument 1 of 'send_cmd' differ in signedness [-Wpointer-sign]
  476 |     send_cmd("AT+CIPSTATUS\r\n", 1000);
      |              ^~~~~~~~~~~~~~~~~~
      |              |
      |              char *
../Core/Src/stm32f1xx_it.c:56:15: note: expected 'uint8_t *' {aka 'unsigned char *'} but argument is of type 'char *'
   56 | void send_cmd(uint8_t*, int); // send command with delay
      |               ^~~~~~~~
../Core/Src/stm32f1xx_it.c:481:4: warning: implicit declaration of function 'memset' [-Wimplicit-function-declaration]
  481 |    memset(uart1_rx_buffer, 0, data_length);
      |    ^~~~~~
../Core/Src/stm32f1xx_it.c:481:4: warning: incompatible implicit declaration of built-in function 'memset'
../Core/Src/stm32f1xx_it.c:27:1: note: include '<string.h>' or provide a declaration of 'memset'
   26 | #include "stdio.h"
  +++ |+#include <string.h>
   27 | /* USER CODE END Includes */
../Core/Src/stm32f1xx_it.c:491:58: warning: implicit declaration of function 'strlen' [-Wimplicit-function-declaration]
  491 |    HAL_UART_Transmit(&huart1, (uint8_t*)uart2_rx_buffer, strlen(uart2_rx_buffer), 0xffff);
      |                                                          ^~~~~~
../Core/Src/stm32f1xx_it.c:491:58: warning: incompatible implicit declaration of built-in function 'strlen'
../Core/Src/stm32f1xx_it.c:491:58: note: include '<string.h>' or provide a declaration of 'strlen'
../Core/Src/stm32f1xx_it.c:491:65: warning: pointer targets in passing argument 1 of 'strlen' differ in signedness [-Wpointer-sign]
  491 |    HAL_UART_Transmit(&huart1, (uint8_t*)uart2_rx_buffer, strlen(uart2_rx_buffer), 0xffff);
      |                                                                 ^~~~~~~~~~~~~~~
      |                                                                 |
      |                                                                 uint8_t * {aka unsigned char *}
../Core/Src/stm32f1xx_it.c:491:65: note: expected 'const char *' but argument is of type 'uint8_t *' {aka 'unsigned char *'}
../Core/Src/stm32f1xx_it.c:492:16: warning: pointer targets in passing argument 1 of 'strncmp' differ in signedness [-Wpointer-sign]
  492 |    if (strncmp(uart2_rx_buffer, "WIFI CONNECTED\r\n", 16) == 0
      |                ^~~~~~~~~~~~~~~
      |                |
      |                uint8_t * {aka unsigned char *}
../Core/Src/stm32f1xx_it.c:492:16: note: expected 'const char *' but argument is of type 'uint8_t *' {aka 'unsigned char *'}
../Core/Src/stm32f1xx_it.c:492:55: warning: 'strncmp' argument 3 type is 'int' where 'unsigned int' is expected in a call to built-in function declared without prototype [-Wbuiltin-declaration-mismatch]
  492 |    if (strncmp(uart2_rx_buffer, "WIFI CONNECTED\r\n", 16) == 0
      |                                                       ^~
<built-in>: note: built-in 'strncmp' declared here
../Core/Src/stm32f1xx_it.c:498:23: warning: pointer targets in passing argument 1 of 'strncmp' differ in signedness [-Wpointer-sign]
  498 |    } else if (strncmp(uart2_rx_buffer, "WIFI GOT IP\r\n", 13) == 0) { // client 端会收到这个消息, 这里变成连接状�??
      |                       ^~~~~~~~~~~~~~~
      |                       |
      |                       uint8_t * {aka unsigned char *}
../Core/Src/stm32f1xx_it.c:498:23: note: expected 'const char *' but argument is of type 'uint8_t *' {aka 'unsigned char *'}
../Core/Src/stm32f1xx_it.c:498:59: warning: 'strncmp' argument 3 type is 'int' where 'unsigned int' is expected in a call to built-in function declared without prototype [-Wbuiltin-declaration-mismatch]
  498 |    } else if (strncmp(uart2_rx_buffer, "WIFI GOT IP\r\n", 13) == 0) { // client 端会收到这个消息, 这里变成连接状�??
      |                                                           ^~
<built-in>: note: built-in 'strncmp' declared here
../Core/Src/stm32f1xx_it.c:504:17: warning: pointer targets in passing argument 1 of 'strncmp' differ in signedness [-Wpointer-sign]
  504 |      && strncmp(uart2_rx_buffer, (uint8_t*) "+", 1) == 0) {
      |                 ^~~~~~~~~~~~~~~
      |                 |
      |                 uint8_t * {aka unsigned char *}
../Core/Src/stm32f1xx_it.c:504:17: note: expected 'const char *' but argument is of type 'uint8_t *' {aka 'unsigned char *'}
../Core/Src/stm32f1xx_it.c:504:34: warning: pointer targets in passing argument 2 of 'strncmp' differ in signedness [-Wpointer-sign]
  504 |      && strncmp(uart2_rx_buffer, (uint8_t*) "+", 1) == 0) {
      |                                  ^~~~~~~~~~~~~~
      |                                  |
      |                                  uint8_t * {aka unsigned char *}
../Core/Src/stm32f1xx_it.c:504:34: note: expected 'const char *' but argument is of type 'uint8_t *' {aka 'unsigned char *'}
../Core/Src/stm32f1xx_it.c:504:50: warning: 'strncmp' argument 3 type is 'int' where 'unsigned int' is expected in a call to built-in function declared without prototype [-Wbuiltin-declaration-mismatch]
  504 |      && strncmp(uart2_rx_buffer, (uint8_t*) "+", 1) == 0) {
      |                                                  ^
<built-in>: note: built-in 'strncmp' declared here
../Core/Src/stm32f1xx_it.c:505:9: warning: implicit declaration of function 'strstr' [-Wimplicit-function-declaration]
  505 |     if (strstr(uart2_rx_buffer, "+timeout") != NULL) {
      |         ^~~~~~
../Core/Src/stm32f1xx_it.c:505:9: warning: incompatible implicit declaration of built-in function 'strstr'
../Core/Src/stm32f1xx_it.c:505:9: note: include '<string.h>' or provide a declaration of 'strstr'
../Core/Src/stm32f1xx_it.c:505:16: warning: pointer targets in passing argument 1 of 'strstr' differ in signedness [-Wpointer-sign]
  505 |     if (strstr(uart2_rx_buffer, "+timeout") != NULL) {
      |                ^~~~~~~~~~~~~~~
      |                |
      |                uint8_t * {aka unsigned char *}
../Core/Src/stm32f1xx_it.c:505:16: note: expected 'const char *' but argument is of type 'uint8_t *' {aka 'unsigned char *'}
../Core/Src/stm32f1xx_it.c:522:16: warning: pointer targets in passing argument 1 of 'strcmp' differ in signedness [-Wpointer-sign]
  522 |     if (strcmp(uart2_rx_buffer, "WIFI DISCONNECT\r\n", 16) == 0) { //client 端会收到这个消息
      |                ^~~~~~~~~~~~~~~
      |                |
      |                uint8_t * {aka unsigned char *}
../Core/Src/stm32f1xx_it.c:522:16: note: expected 'const char *' but argument is of type 'uint8_t *' {aka 'unsigned char *'}
../Core/Src/stm32f1xx_it.c:522:9: warning: too many arguments to built-in function 'strcmp' expecting 2 [-Wbuiltin-declaration-mismatch]
  522 |     if (strcmp(uart2_rx_buffer, "WIFI DISCONNECT\r\n", 16) == 0) { //client 端会收到这个消息
      |         ^~~~~~
../Core/Src/stm32f1xx_it.c:526:24: warning: pointer targets in passing argument 1 of 'strncmp' differ in signedness [-Wpointer-sign]
  526 |     } else if (strncmp(uart2_rx_buffer, "\r\n+IPD,", 7) == 0) {
      |                        ^~~~~~~~~~~~~~~
      |                        |
      |                        uint8_t * {aka unsigned char *}
../Core/Src/stm32f1xx_it.c:526:24: note: expected 'const char *' but argument is of type 'uint8_t *' {aka 'unsigned char *'}
../Core/Src/stm32f1xx_it.c:526:54: warning: 'strncmp' argument 3 type is 'int' where 'unsigned int' is expected in a call to built-in function declared without prototype [-Wbuiltin-declaration-mismatch]
  526 |     } else if (strncmp(uart2_rx_buffer, "\r\n+IPD,", 7) == 0) {
      |                                                      ^
<built-in>: note: built-in 'strncmp' declared here
../Core/Src/stm32f1xx_it.c:534:18: warning: passing argument 1 of 'strcmp' makes pointer from integer without a cast [-Wint-conversion]
  534 |       if (strcmp(':', uart2_rx_buffer[i]) == 0) {
      |                  ^~~
      |                  |
      |                  int
../Core/Src/stm32f1xx_it.c:534:18: note: expected 'const char *' but argument is of type 'int'
../Core/Src/stm32f1xx_it.c:534:38: warning: passing argument 2 of 'strcmp' makes pointer from integer without a cast [-Wint-conversion]
  534 |       if (strcmp(':', uart2_rx_buffer[i]) == 0) {
      |                       ~~~~~~~~~~~~~~~^~~
      |                                      |
      |                                      uint8_t {aka unsigned char}
../Core/Src/stm32f1xx_it.c:534:38: note: expected 'const char *' but argument is of type 'uint8_t' {aka 'unsigned char'}
../Core/Src/stm32f1xx_it.c:545:10: warning: incompatible implicit declaration of built-in function 'strstr'
  545 |      if (strstr(received_Data,"Q:")!=NULL) {
      |          ^~~~~~
../Core/Src/stm32f1xx_it.c:545:10: note: include '<string.h>' or provide a declaration of 'strstr'
../Core/Src/stm32f1xx_it.c:545:17: warning: pointer targets in passing argument 1 of 'strstr' differ in signedness [-Wpointer-sign]
  545 |      if (strstr(received_Data,"Q:")!=NULL) {
      |                 ^~~~~~~~~~~~~
      |                 |
      |                 unsigned char *
../Core/Src/stm32f1xx_it.c:545:17: note: expected 'const char *' but argument is of type 'unsigned char *'
../Core/Src/stm32f1xx_it.c:549:7: warning: implicit declaration of function 'Show_Question' [-Wimplicit-function-declaration]
  549 |       Show_Question();
      |       ^~~~~~~~~~~~~
../Core/Src/stm32f1xx_it.c:553:24: warning: pointer targets in passing argument 1 of 'strstr' differ in signedness [-Wpointer-sign]
  553 |      } else if (strstr(received_Data,"F:")!=NULL) {
      |                        ^~~~~~~~~~~~~
      |                        |
      |                        unsigned char *
../Core/Src/stm32f1xx_it.c:553:24: note: expected 'const char *' but argument is of type 'unsigned char *'
../Core/Src/stm32f1xx_it.c:556:7: warning: implicit declaration of function 'Show_Feedback' [-Wimplicit-function-declaration]
  556 |       Show_Feedback();
      |       ^~~~~~~~~~~~~
../Core/Src/stm32f1xx_it.c:567:24: warning: pointer targets in passing argument 1 of 'strncmp' differ in signedness [-Wpointer-sign]
  567 |     } else if (strncmp(uart2_rx_buffer, (uint8_t*) "SEND FAIL", 9)
      |                        ^~~~~~~~~~~~~~~
      |                        |
      |                        uint8_t * {aka unsigned char *}
../Core/Src/stm32f1xx_it.c:567:24: note: expected 'const char *' but argument is of type 'uint8_t *' {aka 'unsigned char *'}
../Core/Src/stm32f1xx_it.c:567:41: warning: pointer targets in passing argument 2 of 'strncmp' differ in signedness [-Wpointer-sign]
  567 |     } else if (strncmp(uart2_rx_buffer, (uint8_t*) "SEND FAIL", 9)
      |                                         ^~~~~~~~~~~~~~~~~~~~~~
      |                                         |
      |                                         uint8_t * {aka unsigned char *}
../Core/Src/stm32f1xx_it.c:567:41: note: expected 'const char *' but argument is of type 'uint8_t *' {aka 'unsigned char *'}
../Core/Src/stm32f1xx_it.c:567:65: warning: 'strncmp' argument 3 type is 'int' where 'unsigned int' is expected in a call to built-in function declared without prototype [-Wbuiltin-declaration-mismatch]
  567 |     } else if (strncmp(uart2_rx_buffer, (uint8_t*) "SEND FAIL", 9)
      |                                                                 ^
<built-in>: note: built-in 'strncmp' declared here
../Core/Src/stm32f1xx_it.c:572:24: warning: pointer targets in passing argument 1 of 'strncmp' differ in signedness [-Wpointer-sign]
  572 |     } else if (strncmp(uart2_rx_buffer, (uint8_t*) "0,CLOSE OK", 10)
      |                        ^~~~~~~~~~~~~~~
      |                        |
      |                        uint8_t * {aka unsigned char *}
../Core/Src/stm32f1xx_it.c:572:24: note: expected 'const char *' but argument is of type 'uint8_t *' {aka 'unsigned char *'}
../Core/Src/stm32f1xx_it.c:572:41: warning: pointer targets in passing argument 2 of 'strncmp' differ in signedness [-Wpointer-sign]
  572 |     } else if (strncmp(uart2_rx_buffer, (uint8_t*) "0,CLOSE OK", 10)
      |                                         ^~~~~~~~~~~~~~~~~~~~~~~
      |                                         |
      |                                         uint8_t * {aka unsigned char *}
../Core/Src/stm32f1xx_it.c:572:41: note: expected 'const char *' but argument is of type 'uint8_t *' {aka 'unsigned char *'}
../Core/Src/stm32f1xx_it.c:572:66: warning: 'strncmp' argument 3 type is 'int' where 'unsigned int' is expected in a call to built-in function declared without prototype [-Wbuiltin-declaration-mismatch]
  572 |     } else if (strncmp(uart2_rx_buffer, (uint8_t*) "0,CLOSE OK", 10)
      |                                                                  ^~
<built-in>: note: built-in 'strncmp' declared here
../Core/Src/stm32f1xx_it.c:582:23: warning: pointer targets in passing argument 1 of 'strncmp' differ in signedness [-Wpointer-sign]
  582 |    } else if (strncmp(uart2_rx_buffer, "0,CONNECT\r\n", 11) == 0) {
      |                       ^~~~~~~~~~~~~~~
      |                       |
      |                       uint8_t * {aka unsigned char *}
../Core/Src/stm32f1xx_it.c:582:23: note: expected 'const char *' but argument is of type 'uint8_t *' {aka 'unsigned char *'}
../Core/Src/stm32f1xx_it.c:582:57: warning: 'strncmp' argument 3 type is 'int' where 'unsigned int' is expected in a call to built-in function declared without prototype [-Wbuiltin-declaration-mismatch]
  582 |    } else if (strncmp(uart2_rx_buffer, "0,CONNECT\r\n", 11) == 0) {
      |                                                         ^~
<built-in>: note: built-in 'strncmp' declared here
../Core/Src/stm32f1xx_it.c:591:23: warning: pointer targets in passing argument 1 of 'strncmp' differ in signedness [-Wpointer-sign]
  591 |    } else if (strncmp(uart2_rx_buffer, "0,CONNECT FAIL\r\n", 16) == 0||
      |                       ^~~~~~~~~~~~~~~
      |                       |
      |                       uint8_t * {aka unsigned char *}
../Core/Src/stm32f1xx_it.c:591:23: note: expected 'const char *' but argument is of type 'uint8_t *' {aka 'unsigned char *'}
../Core/Src/stm32f1xx_it.c:591:62: warning: 'strncmp' argument 3 type is 'int' where 'unsigned int' is expected in a call to built-in function declared without prototype [-Wbuiltin-declaration-mismatch]
  591 |    } else if (strncmp(uart2_rx_buffer, "0,CONNECT FAIL\r\n", 16) == 0||
      |                                                              ^~
<built-in>: note: built-in 'strncmp' declared here
../Core/Src/stm32f1xx_it.c:592:4: warning: incompatible implicit declaration of built-in function 'strstr'
  592 |    strstr(uart2_rx_buffer, "0,CLOSED\r\n") != NULL) {
      |    ^~~~~~
../Core/Src/stm32f1xx_it.c:592:4: note: include '<string.h>' or provide a declaration of 'strstr'
../Core/Src/stm32f1xx_it.c:592:11: warning: pointer targets in passing argument 1 of 'strstr' differ in signedness [-Wpointer-sign]
  592 |    strstr(uart2_rx_buffer, "0,CLOSED\r\n") != NULL) {
      |           ^~~~~~~~~~~~~~~
      |           |
      |           uint8_t * {aka unsigned char *}
../Core/Src/stm32f1xx_it.c:592:11: note: expected 'const char *' but argument is of type 'uint8_t *' {aka 'unsigned char *'}
../Core/Src/stm32f1xx_it.c:596:23: warning: pointer targets in passing argument 1 of 'strncmp' differ in signedness [-Wpointer-sign]
  596 |    } else if (strncmp(uart2_rx_buffer, "0,CLOSED\r\n", 10) == 0) {
      |                       ^~~~~~~~~~~~~~~
      |                       |
      |                       uint8_t * {aka unsigned char *}
../Core/Src/stm32f1xx_it.c:596:23: note: expected 'const char *' but argument is of type 'uint8_t *' {aka 'unsigned char *'}
../Core/Src/stm32f1xx_it.c:596:56: warning: 'strncmp' argument 3 type is 'int' where 'unsigned int' is expected in a call to built-in function declared without prototype [-Wbuiltin-declaration-mismatch]
  596 |    } else if (strncmp(uart2_rx_buffer, "0,CLOSED\r\n", 10) == 0) {
      |                                                        ^~
<built-in>: note: built-in 'strncmp' declared here
../Core/Src/stm32f1xx_it.c:613:4: warning: incompatible implicit declaration of built-in function 'memset'
  613 |    memset(uart2_rx_buffer, 0, data_length);
      |    ^~~~~~
../Core/Src/stm32f1xx_it.c:613:4: note: include '<string.h>' or provide a declaration of 'memset'
../Core/Src/stm32f1xx_it.c: In function 'send_cmd':
../Core/Src/stm32f1xx_it.c:622:45: warning: incompatible implicit declaration of built-in function 'strlen'
  622 |  HAL_UART_Transmit(&huart2, (uint8_t*) cmd, strlen(cmd), 0xffff);
      |                                             ^~~~~~
../Core/Src/stm32f1xx_it.c:622:45: note: include '<string.h>' or provide a declaration of 'strlen'
../Core/Src/stm32f1xx_it.c:622:52: warning: pointer targets in passing argument 1 of 'strlen' differ in signedness [-Wpointer-sign]
  622 |  HAL_UART_Transmit(&huart2, (uint8_t*) cmd, strlen(cmd), 0xffff);
      |                                                    ^~~
      |                                                    |
      |                                                    uint8_t * {aka unsigned char *}
../Core/Src/stm32f1xx_it.c:622:52: note: expected 'const char *' but argument is of type 'uint8_t *' {aka 'unsigned char *'}
../Core/Src/stm32f1xx_it.c: In function 'send_message':
../Core/Src/stm32f1xx_it.c:629:57: warning: incompatible implicit declaration of built-in function 'strlen'
  629 |  sprintf(activate, "AT+CIPSEND=%d,%d\r\n", link_number, strlen(msg));
      |                                                         ^~~~~~
../Core/Src/stm32f1xx_it.c:629:57: note: include '<string.h>' or provide a declaration of 'strlen'
../Core/Src/stm32f1xx_it.c:629:64: warning: pointer targets in passing argument 1 of 'strlen' differ in signedness [-Wpointer-sign]
  629 |  sprintf(activate, "AT+CIPSEND=%d,%d\r\n", link_number, strlen(msg));
      |                                                                ^~~
      |                                                                |
      |                                                                uint8_t * {aka unsigned char *}
../Core/Src/stm32f1xx_it.c:629:64: note: expected 'const char *' but argument is of type 'uint8_t *' {aka 'unsigned char *'}
../Core/Src/stm32f1xx_it.c:629:10: warning: pointer targets in passing argument 1 of 'sprintf' differ in signedness [-Wpointer-sign]
  629 |  sprintf(activate, "AT+CIPSEND=%d,%d\r\n", link_number, strlen(msg));
      |          ^~~~~~~~
      |          |
      |          uint8_t * {aka unsigned char *}
In file included from ../Core/Src/stm32f1xx_it.c:26:
d:\programs\st\stm32cubeide_1.7.0\stm32cubeide\plugins\com.st.stm32cube.ide.mcu.externaltools.gnu-tools-for-stm32.9-2020-q2-update.win32_2.0.0.202105311346\tools\arm-none-eabi\include\stdio.h:244:14: note: expected 'char * restrict' but argument is of type 'uint8_t *' {aka 'unsigned char *'}
  244 | int sprintf (char *__restrict, const char *__restrict, ...)
      |              ^
../Core/Src/stm32f1xx_it.c: In function 'send_msg_uart1':
../Core/Src/stm32f1xx_it.c:637:45: warning: incompatible implicit declaration of built-in function 'strlen'
  637 |  HAL_UART_Transmit(&huart1, (uint8_t*) msg, strlen(msg), 0xffff);
      |                                             ^~~~~~
../Core/Src/stm32f1xx_it.c:637:45: note: include '<string.h>' or provide a declaration of 'strlen'
../Core/Src/stm32f1xx_it.c:637:52: warning: pointer targets in passing argument 1 of 'strlen' differ in signedness [-Wpointer-sign]
  637 |  HAL_UART_Transmit(&huart1, (uint8_t*) msg, strlen(msg), 0xffff);
      |                                                    ^~~
      |                                                    |
      |                                                    uint8_t * {aka unsigned char *}
../Core/Src/stm32f1xx_it.c:637:52: note: expected 'const char *' but argument is of type 'uint8_t *' {aka 'unsigned char *'}
../Core/Src/stm32f1xx_it.c: In function 'connect_to_wifi':
../Core/Src/stm32f1xx_it.c:655:11: warning: pointer targets in passing argument 1 of 'send_cmd' differ in signedness [-Wpointer-sign]
  655 |  send_cmd("AT+RST\r\n", 5000);
      |           ^~~~~~~~~~~~
      |           |
      |           char *
../Core/Src/stm32f1xx_it.c:621:24: note: expected 'uint8_t *' {aka 'unsigned char *'} but argument is of type 'char *'
  621 | void send_cmd(uint8_t *cmd, int delay_time) {
      |               ~~~~~~~~~^~~
../Core/Src/stm32f1xx_it.c:656:11: warning: pointer targets in passing argument 1 of 'send_cmd' differ in signedness [-Wpointer-sign]
  656 |  send_cmd("AT+CWMODE=1\r\n", 2000);
      |           ^~~~~~~~~~~~~~~~~
      |           |
      |           char *
../Core/Src/stm32f1xx_it.c:621:24: note: expected 'uint8_t *' {aka 'unsigned char *'} but argument is of type 'char *'
  621 | void send_cmd(uint8_t *cmd, int delay_time) {
      |               ~~~~~~~~~^~~
../Core/Src/stm32f1xx_it.c:657:11: warning: pointer targets in passing argument 1 of 'send_cmd' differ in signedness [-Wpointer-sign]
  657 |  send_cmd("AT+RST\r\n", 5000);
      |           ^~~~~~~~~~~~
      |           |
      |           char *
../Core/Src/stm32f1xx_it.c:621:24: note: expected 'uint8_t *' {aka 'unsigned char *'} but argument is of type 'char *'
  621 | void send_cmd(uint8_t *cmd, int delay_time) {
      |               ~~~~~~~~~^~~
../Core/Src/stm32f1xx_it.c:658:11: warning: pointer targets in passing argument 1 of 'send_cmd' differ in signedness [-Wpointer-sign]
  658 |  send_cmd("AT+CWJAP=\"SUSTC-WIFI-FAKE\",\"987654321\"\r\n", 10000);
      |           ^~~~~~~~~~~~~~~~~~~~~~~~~~~~~~~~~~~~~~~~~~~~~~~~
      |           |
      |           char *
../Core/Src/stm32f1xx_it.c:621:24: note: expected 'uint8_t *' {aka 'unsigned char *'} but argument is of type 'char *'
  621 | void send_cmd(uint8_t *cmd, int delay_time) {
      |               ~~~~~~~~~^~~
../Core/Src/stm32f1xx_it.c:659:11: warning: pointer targets in passing argument 1 of 'send_cmd' differ in signedness [-Wpointer-sign]
  659 |  send_cmd("AT+CIPMUX=1\r\n", 5000);
      |           ^~~~~~~~~~~~~~~~~
      |           |
      |           char *
../Core/Src/stm32f1xx_it.c:621:24: note: expected 'uint8_t *' {aka 'unsigned char *'} but argument is of type 'char *'
  621 | void send_cmd(uint8_t *cmd, int delay_time) {
      |               ~~~~~~~~~^~~
../Core/Src/stm32f1xx_it.c:660:11: warning: pointer targets in passing argument 1 of 'send_cmd' differ in signedness [-Wpointer-sign]
  660 |  send_cmd("AT+CIPSERVER=1\r\n", 5000);
      |           ^~~~~~~~~~~~~~~~~~~~
      |           |
      |           char *
../Core/Src/stm32f1xx_it.c:621:24: note: expected 'uint8_t *' {aka 'unsigned char *'} but argument is of type 'char *'
  621 | void send_cmd(uint8_t *cmd, int delay_time) {
      |               ~~~~~~~~~^~~
../Core/Src/stm32f1xx_it.c: In function 'init_server':
../Core/Src/stm32f1xx_it.c:666:11: warning: pointer targets in passing argument 1 of 'send_cmd' differ in signedness [-Wpointer-sign]
  666 |  send_cmd("AT+CWMODE=3\r\n", 2000);
      |           ^~~~~~~~~~~~~~~~~
      |           |
      |           char *
../Core/Src/stm32f1xx_it.c:621:24: note: expected 'uint8_t *' {aka 'unsigned char *'} but argument is of type 'char *'
  621 | void send_cmd(uint8_t *cmd, int delay_time) {
      |               ~~~~~~~~~^~~
../Core/Src/stm32f1xx_it.c:667:11: warning: pointer targets in passing argument 1 of 'send_cmd' differ in signedness [-Wpointer-sign]
  667 |  send_cmd("AT+RST\r\n", 5000);
      |           ^~~~~~~~~~~~
      |           |
      |           char *
../Core/Src/stm32f1xx_it.c:621:24: note: expected 'uint8_t *' {aka 'unsigned char *'} but argument is of type 'char *'
  621 | void send_cmd(uint8_t *cmd, int delay_time) {
      |               ~~~~~~~~~^~~
../Core/Src/stm32f1xx_it.c:668:11: warning: pointer targets in passing argument 1 of 'send_cmd' differ in signedness [-Wpointer-sign]
  668 |  send_cmd("AT+CWSAP=\"SUSTC-WIFI-FAKE\",\"987654321\",1,0,4,0\r\n", 2000);
      |           ^~~~~~~~~~~~~~~~~~~~~~~~~~~~~~~~~~~~~~~~~~~~~~~~~~~~~~~~
      |           |
      |           char *
../Core/Src/stm32f1xx_it.c:621:24: note: expected 'uint8_t *' {aka 'unsigned char *'} but argument is of type 'char *'
  621 | void send_cmd(uint8_t *cmd, int delay_time) {
      |               ~~~~~~~~~^~~
../Core/Src/stm32f1xx_it.c:669:11: warning: pointer targets in passing argument 1 of 'send_cmd' differ in signedness [-Wpointer-sign]
  669 |  send_cmd("AT+CIPMUX=1\r\n", 2000);
      |           ^~~~~~~~~~~~~~~~~
      |           |
      |           char *
../Core/Src/stm32f1xx_it.c:621:24: note: expected 'uint8_t *' {aka 'unsigned char *'} but argument is of type 'char *'
  621 | void send_cmd(uint8_t *cmd, int delay_time) {
      |               ~~~~~~~~~^~~
../Core/Src/stm32f1xx_it.c:670:11: warning: pointer targets in passing argument 1 of 'send_cmd' differ in signedness [-Wpointer-sign]
  670 |  send_cmd("AT+CIPSERVER=1,8089\r\n", 2000);
      |           ^~~~~~~~~~~~~~~~~~~~~~~~~
      |           |
      |           char *
../Core/Src/stm32f1xx_it.c:621:24: note: expected 'uint8_t *' {aka 'unsigned char *'} but argument is of type 'char *'
  621 | void send_cmd(uint8_t *cmd, int delay_time) {
      |               ~~~~~~~~~^~~
arm-none-eabi-gcc -o "Project_Answerer.elf" @"objects.list"   -mcpu=cortex-m3 -T"E:\cs301-2021fall-lab2-project-report-19\CS301-EmbeddedSystem-Project1-Answerer\STM32F103RCTX_FLASH.ld" --specs=nosys.specs -Wl,-Map="Project_Answerer.map" -Wl,--gc-sections -static --specs=nano.specs -mfloat-abi=soft -mthumb -Wl,--start-group -lc -lm -Wl,--end-group
Finished building target: Project_Answerer.elf
 
arm-none-eabi-size   Project_Answerer.elf 
arm-none-eabi-objdump -h -S  Project_Answerer.elf  > "Project_Answerer.list"
arm-none-eabi-objcopy  -O ihex  Project_Answerer.elf  "Project_Answerer.hex"
arm-none-eabi-objcopy  -O binary  Project_Answerer.elf  "Project_Answerer.bin"
   text	   data	    bss	    dec	    hex	filename
  51448	    132	  12372	  63952	   f9d0	Project_Answerer.elf
Finished building: default.size.stdout
Finished building: Project_Answerer.list
 
 
Finished building: Project_Answerer.hex
Finished building: Project_Answerer.bin
 
 

22:56:43 Build Finished. 0 errors, 97 warnings. (took 3s.177ms)

